
===========================================================================
 report_power
============================================================================
======================= min_ff_n40C_1v95 Corner ===================================

Group                    Internal    Switching      Leakage        Total
                            Power        Power        Power        Power (Watts)
------------------------------------------------------------------------
Sequential           3.506656e-05 4.150674e-05 6.346696e-10 7.657393e-05  11.9%
Combinational        1.763005e-04 3.881137e-04 2.833006e-07 5.646975e-04  88.1%
Macro                0.000000e+00 0.000000e+00 0.000000e+00 0.000000e+00   0.0%
Pad                  0.000000e+00 0.000000e+00 0.000000e+00 0.000000e+00   0.0%
------------------------------------------------------------------------
Total                2.113671e-04 4.296205e-04 2.839352e-07 6.412715e-04 100.0%
                            33.0%        67.0%         0.0%

