
===========================================================================
 report_power
============================================================================
======================= min_ff_n40C_1v95 Corner ===================================

Group                    Internal    Switching      Leakage        Total
                            Power        Power        Power        Power (Watts)
------------------------------------------------------------------------
Sequential           3.506656e-05 4.150674e-05 6.346696e-10 7.657393e-05  12.2%
Combinational        1.761612e-04 3.749645e-04 2.833006e-07 5.514090e-04  87.8%
Macro                0.000000e+00 0.000000e+00 0.000000e+00 0.000000e+00   0.0%
Pad                  0.000000e+00 0.000000e+00 0.000000e+00 0.000000e+00   0.0%
------------------------------------------------------------------------
Total                2.112277e-04 4.164712e-04 2.839352e-07 6.279829e-04 100.0%
                            33.6%        66.3%         0.0%

