
===========================================================================
 report_power
============================================================================
======================= nom_tt_025C_1v80 Corner ===================================

Group                    Internal    Switching      Leakage        Total
                            Power        Power        Power        Power (Watts)
------------------------------------------------------------------------
Sequential           3.043947e-05 3.850709e-05 2.836712e-10 6.894684e-05  12.4%
Combinational        1.522367e-04 3.343216e-04 2.334827e-07 4.867918e-04  87.6%
Macro                0.000000e+00 0.000000e+00 0.000000e+00 0.000000e+00   0.0%
Pad                  0.000000e+00 0.000000e+00 0.000000e+00 0.000000e+00   0.0%
------------------------------------------------------------------------
Total                1.826762e-04 3.728288e-04 2.337664e-07 5.557388e-04 100.0%
                            32.9%        67.1%         0.0%

