
===========================================================================
 report_power
============================================================================
======================= Fastest Corner ===================================

Group                  Internal  Switching    Leakage      Total
                          Power      Power      Power      Power (Watts)
----------------------------------------------------------------
Sequential             5.48e-04   5.39e-04   9.25e-09   1.09e-03  18.6%
Combinational          1.89e-03   2.86e-03   6.01e-06   4.76e-03  81.4%
Macro                  0.00e+00   0.00e+00   0.00e+00   0.00e+00   0.0%
Pad                    0.00e+00   0.00e+00   0.00e+00   0.00e+00   0.0%
----------------------------------------------------------------
Total                  2.44e-03   3.40e-03   6.02e-06   5.85e-03 100.0%
                          41.7%      58.2%       0.1%

======================= Slowest Corner ===================================

Group                  Internal  Switching    Leakage      Total
                          Power      Power      Power      Power (Watts)
----------------------------------------------------------------
Sequential             3.65e-04   3.64e-04   2.10e-08   7.29e-04  19.2%
Combinational          1.07e-03   1.93e-03   6.68e-05   3.07e-03  80.8%
Macro                  0.00e+00   0.00e+00   0.00e+00   0.00e+00   0.0%
Pad                    0.00e+00   0.00e+00   0.00e+00   0.00e+00   0.0%
----------------------------------------------------------------
Total                  1.44e-03   2.29e-03   6.68e-05   3.80e-03 100.0%
                          37.9%      60.3%       1.8%

======================= Typical Corner ===================================

Group                  Internal  Switching    Leakage      Total
                          Power      Power      Power      Power (Watts)
----------------------------------------------------------------
Sequential             4.45e-04   4.46e-04   7.87e-09   8.92e-04  19.1%
Combinational          1.41e-03   2.37e-03   4.97e-06   3.78e-03  80.9%
Macro                  0.00e+00   0.00e+00   0.00e+00   0.00e+00   0.0%
Pad                    0.00e+00   0.00e+00   0.00e+00   0.00e+00   0.0%
----------------------------------------------------------------
Total                  1.85e-03   2.82e-03   4.98e-06   4.68e-03 100.0%
                          39.6%      60.2%       0.1%

