
===========================================================================
 report_power
============================================================================
======================= Fastest Corner ===================================

Group                  Internal  Switching    Leakage      Total
                          Power      Power      Power      Power (Watts)
----------------------------------------------------------------
Sequential             5.71e-04   5.61e-04   9.25e-09   1.13e-03  18.8%
Combinational          1.97e-03   2.92e-03   6.01e-06   4.89e-03  81.2%
Macro                  0.00e+00   0.00e+00   0.00e+00   0.00e+00   0.0%
Pad                    0.00e+00   0.00e+00   0.00e+00   0.00e+00   0.0%
----------------------------------------------------------------
Total                  2.54e-03   3.48e-03   6.02e-06   6.03e-03 100.0%
                          42.2%      57.7%       0.1%

======================= Slowest Corner ===================================

Group                  Internal  Switching    Leakage      Total
                          Power      Power      Power      Power (Watts)
----------------------------------------------------------------
Sequential             3.80e-04   3.79e-04   2.10e-08   7.59e-04  19.4%
Combinational          1.12e-03   1.96e-03   6.68e-05   3.15e-03  80.6%
Macro                  0.00e+00   0.00e+00   0.00e+00   0.00e+00   0.0%
Pad                    0.00e+00   0.00e+00   0.00e+00   0.00e+00   0.0%
----------------------------------------------------------------
Total                  1.50e-03   2.34e-03   6.68e-05   3.91e-03 100.0%
                          38.4%      59.9%       1.7%

======================= Typical Corner ===================================

Group                  Internal  Switching    Leakage      Total
                          Power      Power      Power      Power (Watts)
----------------------------------------------------------------
Sequential             4.64e-04   4.65e-04   7.87e-09   9.29e-04  19.3%
Combinational          1.47e-03   2.42e-03   4.97e-06   3.89e-03  80.7%
Macro                  0.00e+00   0.00e+00   0.00e+00   0.00e+00   0.0%
Pad                    0.00e+00   0.00e+00   0.00e+00   0.00e+00   0.0%
----------------------------------------------------------------
Total                  1.93e-03   2.88e-03   4.98e-06   4.82e-03 100.0%
                          40.1%      59.8%       0.1%

