
===========================================================================
 report_power
============================================================================
======================= min_ss_100C_1v60 Corner ===================================

Group                    Internal    Switching      Leakage        Total
                            Power        Power        Power        Power (Watts)
------------------------------------------------------------------------
Sequential           2.403104e-05 2.772472e-05 5.189995e-07 5.227476e-05  11.8%
Combinational        1.234945e-04 2.612022e-04 4.862057e-06 3.895588e-04  88.2%
Macro                0.000000e+00 0.000000e+00 0.000000e+00 0.000000e+00   0.0%
Pad                  0.000000e+00 0.000000e+00 0.000000e+00 0.000000e+00   0.0%
------------------------------------------------------------------------
Total                1.475255e-04 2.889269e-04 5.381056e-06 4.418335e-04 100.0%
                            33.4%        65.4%         1.2%

