
===========================================================================
 report_power
============================================================================
======================= max_ss_100C_1v60 Corner ===================================

Group                    Internal    Switching      Leakage        Total
                            Power        Power        Power        Power (Watts)
------------------------------------------------------------------------
Sequential           2.400563e-05 3.104535e-05 5.189995e-07 5.556997e-05  12.3%
Combinational        1.233976e-04 2.692782e-04 4.862057e-06 3.975378e-04  87.7%
Macro                0.000000e+00 0.000000e+00 0.000000e+00 0.000000e+00   0.0%
Pad                  0.000000e+00 0.000000e+00 0.000000e+00 0.000000e+00   0.0%
------------------------------------------------------------------------
Total                1.474033e-04 3.003234e-04 5.381056e-06 4.531077e-04 100.0%
                            32.5%        66.3%         1.2%

