
===========================================================================
 report_power
============================================================================
======================= max_tt_025C_1v80 Corner ===================================

Group                    Internal    Switching      Leakage        Total
                            Power        Power        Power        Power (Watts)
------------------------------------------------------------------------
Sequential           3.042462e-05 3.946590e-05 2.836712e-10 6.989080e-05  12.4%
Combinational        1.523131e-04 3.408609e-04 2.334827e-07 4.934075e-04  87.6%
Macro                0.000000e+00 0.000000e+00 0.000000e+00 0.000000e+00   0.0%
Pad                  0.000000e+00 0.000000e+00 0.000000e+00 0.000000e+00   0.0%
------------------------------------------------------------------------
Total                1.827377e-04 3.803267e-04 2.337664e-07 5.632981e-04 100.0%
                            32.4%        67.5%         0.0%

