
===========================================================================
 report_power
============================================================================
======================= nom_ff_n40C_1v95 Corner ===================================

Group                    Internal    Switching      Leakage        Total
                            Power        Power        Power        Power (Watts)
------------------------------------------------------------------------
Sequential           3.502331e-05 4.531376e-05 6.346696e-10 8.033770e-05  12.4%
Combinational        1.766143e-04 3.924347e-04 2.833006e-07 5.693322e-04  87.6%
Macro                0.000000e+00 0.000000e+00 0.000000e+00 0.000000e+00   0.0%
Pad                  0.000000e+00 0.000000e+00 0.000000e+00 0.000000e+00   0.0%
------------------------------------------------------------------------
Total                2.116375e-04 4.377485e-04 2.839352e-07 6.496700e-04 100.0%
                            32.6%        67.4%         0.0%

