
===========================================================================
 report_power
============================================================================
======================= max_ss_100C_1v60 Corner ===================================

Group                    Internal    Switching      Leakage        Total
                            Power        Power        Power        Power (Watts)
------------------------------------------------------------------------
Sequential           2.400563e-05 3.104535e-05 5.189995e-07 5.556997e-05  12.0%
Combinational        1.235181e-04 2.795488e-04 4.862057e-06 4.079290e-04  88.0%
Macro                0.000000e+00 0.000000e+00 0.000000e+00 0.000000e+00   0.0%
Pad                  0.000000e+00 0.000000e+00 0.000000e+00 0.000000e+00   0.0%
------------------------------------------------------------------------
Total                1.475237e-04 3.105941e-04 5.381056e-06 4.634988e-04 100.0%
                            31.8%        67.0%         1.2%

