
===========================================================================
report_checks -path_delay min (Hold)
============================================================================
Startpoint: la_oenb[40] (input port clocked by clk)
Endpoint: _297_ (rising edge-triggered flip-flop clocked by clk)
Path Group: clk
Path Type: min

Fanout     Cap    Slew   Delay    Time   Description
-----------------------------------------------------------------------------
                          0.00    0.00   clock clk (rise edge)
                          4.50    4.50   clock network delay (propagated)
                          0.00    4.50 v input external delay
                  0.05    0.00    4.50 v la_oenb[40] (in)
     1    0.00                           la_oenb[40] (net)
                  0.05    0.00    4.50 v hold416/A (sky130_fd_sc_hd__clkbuf_2)
                  0.03    0.10    4.60 v hold416/X (sky130_fd_sc_hd__clkbuf_2)
     1    0.00                           net719 (net)
                  0.03    0.00    4.60 v input27/A (sky130_fd_sc_hd__clkbuf_2)
                  0.04    0.10    4.70 v input27/X (sky130_fd_sc_hd__clkbuf_2)
     1    0.01                           net27 (net)
                  0.04    0.00    4.70 v hold417/A (sky130_fd_sc_hd__clkbuf_2)
                  0.05    0.11    4.81 v hold417/X (sky130_fd_sc_hd__clkbuf_2)
     2    0.01                           net720 (net)
                  0.05    0.00    4.81 v _184_/A1 (sky130_fd_sc_hd__a41o_1)
                  0.04    0.17    4.98 v _184_/X (sky130_fd_sc_hd__a41o_1)
     1    0.00                           _055_ (net)
                  0.04    0.00    4.98 v _194_/A (sky130_fd_sc_hd__and4_1)
                  0.04    0.14    5.12 v _194_/X (sky130_fd_sc_hd__and4_1)
     1    0.00                           _065_ (net)
                  0.04    0.00    5.12 v _195_/C (sky130_fd_sc_hd__nand3_1)
                  0.09    0.09    5.21 ^ _195_/Y (sky130_fd_sc_hd__nand3_1)
     1    0.01                           _066_ (net)
                  0.09    0.00    5.21 ^ hold869/A (sky130_fd_sc_hd__clkbuf_2)
                  0.05    0.12    5.33 ^ hold869/X (sky130_fd_sc_hd__clkbuf_2)
     1    0.01                           net1172 (net)
                  0.05    0.00    5.33 ^ hold650/A (sky130_fd_sc_hd__clkbuf_4)
                  0.13    0.19    5.52 ^ hold650/X (sky130_fd_sc_hd__clkbuf_4)
     4    0.04                           net953 (net)
                  0.13    0.00    5.52 ^ _256_/A1 (sky130_fd_sc_hd__a21oi_4)
                  0.08    0.10    5.62 v _256_/Y (sky130_fd_sc_hd__a21oi_4)
     2    0.03                           _117_ (net)
                  0.08    0.00    5.62 v _257_/B1 (sky130_fd_sc_hd__o21a_2)
                  0.09    0.18    5.81 v _257_/X (sky130_fd_sc_hd__o21a_2)
     1    0.03                           _118_ (net)
                  0.09    0.00    5.81 v _259_/A1 (sky130_fd_sc_hd__o21a_1)
                  0.05    0.21    6.02 v _259_/X (sky130_fd_sc_hd__o21a_1)
     1    0.01                           _011_ (net)
                  0.05    0.00    6.02 v hold693/A (sky130_fd_sc_hd__clkbuf_2)
                  0.03    0.10    6.12 v hold693/X (sky130_fd_sc_hd__clkbuf_2)
     1    0.00                           net996 (net)
                  0.03    0.00    6.12 v hold461/A (sky130_fd_sc_hd__clkbuf_2)
                  0.03    0.09    6.21 v hold461/X (sky130_fd_sc_hd__clkbuf_2)
     1    0.00                           net764 (net)
                  0.03    0.00    6.21 v hold694/A (sky130_fd_sc_hd__clkbuf_2)
                  0.03    0.09    6.30 v hold694/X (sky130_fd_sc_hd__clkbuf_2)
     1    0.00                           net997 (net)
                  0.03    0.00    6.30 v hold271/A (sky130_fd_sc_hd__clkbuf_2)
                  0.03    0.09    6.39 v hold271/X (sky130_fd_sc_hd__clkbuf_2)
     1    0.01                           net574 (net)
                  0.03    0.00    6.39 v hold695/A (sky130_fd_sc_hd__clkbuf_2)
                  0.03    0.09    6.48 v hold695/X (sky130_fd_sc_hd__clkbuf_2)
     1    0.00                           net998 (net)
                  0.03    0.00    6.48 v hold462/A (sky130_fd_sc_hd__clkbuf_2)
                  0.03    0.09    6.57 v hold462/X (sky130_fd_sc_hd__clkbuf_2)
     1    0.00                           net765 (net)
                  0.03    0.00    6.57 v hold696/A (sky130_fd_sc_hd__clkbuf_2)
                  0.03    0.09    6.66 v hold696/X (sky130_fd_sc_hd__clkbuf_2)
     1    0.00                           net999 (net)
                  0.03    0.00    6.66 v hold25/A (sky130_fd_sc_hd__clkbuf_2)
                  0.03    0.09    6.75 v hold25/X (sky130_fd_sc_hd__clkbuf_2)
     1    0.00                           net328 (net)
                  0.03    0.00    6.75 v hold697/A (sky130_fd_sc_hd__clkbuf_2)
                  0.03    0.09    6.84 v hold697/X (sky130_fd_sc_hd__clkbuf_2)
     1    0.00                           net1000 (net)
                  0.03    0.00    6.84 v hold463/A (sky130_fd_sc_hd__clkbuf_2)
                  0.03    0.09    6.93 v hold463/X (sky130_fd_sc_hd__clkbuf_2)
     1    0.01                           net766 (net)
                  0.03    0.00    6.93 v hold698/A (sky130_fd_sc_hd__clkbuf_2)
                  0.03    0.09    7.02 v hold698/X (sky130_fd_sc_hd__clkbuf_2)
     1    0.00                           net1001 (net)
                  0.03    0.00    7.02 v hold272/A (sky130_fd_sc_hd__clkbuf_2)
                  0.03    0.09    7.11 v hold272/X (sky130_fd_sc_hd__clkbuf_2)
     1    0.00                           net575 (net)
                  0.03    0.00    7.11 v hold699/A (sky130_fd_sc_hd__clkbuf_2)
                  0.03    0.09    7.20 v hold699/X (sky130_fd_sc_hd__clkbuf_2)
     1    0.00                           net1002 (net)
                  0.03    0.00    7.20 v hold464/A (sky130_fd_sc_hd__clkbuf_2)
                  0.03    0.09    7.29 v hold464/X (sky130_fd_sc_hd__clkbuf_2)
     1    0.00                           net767 (net)
                  0.03    0.00    7.29 v hold700/A (sky130_fd_sc_hd__clkbuf_2)
                  0.03    0.09    7.38 v hold700/X (sky130_fd_sc_hd__clkbuf_2)
     1    0.01                           net1003 (net)
                  0.03    0.00    7.38 v _297_/D (sky130_fd_sc_hd__dfxtp_4)
                                  7.38   data arrival time

                          0.00    0.00   clock clk (rise edge)
                          6.00    6.00   clock source latency
                  0.60    0.00    6.00 ^ wb_clk_i (in)
     1    0.06                           wb_clk_i (net)
                  0.63    0.01    6.01 ^ _177_/A1 (sky130_fd_sc_hd__mux2_2)
                  0.25    0.47    6.48 ^ _177_/X (sky130_fd_sc_hd__mux2_2)
     1    0.05                           counter.clk (net)
                  0.25    0.01    6.49 ^ clkbuf_0_counter.clk/A (sky130_fd_sc_hd__clkbuf_16)
                  0.08    0.24    6.73 ^ clkbuf_0_counter.clk/X (sky130_fd_sc_hd__clkbuf_16)
     4    0.06                           clknet_0_counter.clk (net)
                  0.08    0.00    6.73 ^ clkbuf_2_2__f_counter.clk/A (sky130_fd_sc_hd__clkbuf_16)
                  0.09    0.19    6.92 ^ clkbuf_2_2__f_counter.clk/X (sky130_fd_sc_hd__clkbuf_16)
     9    0.07                           clknet_2_2__leaf_counter.clk (net)
                  0.09    0.00    6.92 ^ _297_/CLK (sky130_fd_sc_hd__dfxtp_4)
                          0.25    7.17   clock uncertainty
                          0.00    7.17   clock reconvergence pessimism
                         -0.03    7.14   library hold time
                                  7.14   data required time
-----------------------------------------------------------------------------
                                  7.14   data required time
                                 -7.38   data arrival time
-----------------------------------------------------------------------------
                                  0.24   slack (MET)


Startpoint: _311_ (rising edge-triggered flip-flop clocked by clk)
Endpoint: wbs_dat_o[8] (output port clocked by clk)
Path Group: clk
Path Type: min

Fanout     Cap    Slew   Delay    Time   Description
-----------------------------------------------------------------------------
                          0.00    0.00   clock clk (rise edge)
                          4.50    4.50   clock source latency
                  0.60    0.00    4.50 ^ wb_clk_i (in)
     1    0.06                           wb_clk_i (net)
                  0.63    0.01    4.51 ^ _177_/A1 (sky130_fd_sc_hd__mux2_2)
                  0.25    0.42    4.93 ^ _177_/X (sky130_fd_sc_hd__mux2_2)
     1    0.05                           counter.clk (net)
                  0.25    0.01    4.94 ^ clkbuf_0_counter.clk/A (sky130_fd_sc_hd__clkbuf_16)
                  0.08    0.21    5.16 ^ clkbuf_0_counter.clk/X (sky130_fd_sc_hd__clkbuf_16)
     4    0.06                           clknet_0_counter.clk (net)
                  0.08    0.00    5.16 ^ clkbuf_2_1__f_counter.clk/A (sky130_fd_sc_hd__clkbuf_16)
                  0.06    0.14    5.31 ^ clkbuf_2_1__f_counter.clk/X (sky130_fd_sc_hd__clkbuf_16)
     8    0.04                           clknet_2_1__leaf_counter.clk (net)
                  0.06    0.00    5.31 ^ _311_/CLK (sky130_fd_sc_hd__dfxtp_1)
                  0.06    0.31    5.62 v _311_/Q (sky130_fd_sc_hd__dfxtp_1)
     2    0.01                           net137 (net)
                  0.06    0.00    5.62 v hold409/A (sky130_fd_sc_hd__clkbuf_2)
                  0.02    0.10    5.72 v hold409/X (sky130_fd_sc_hd__clkbuf_2)
     1    0.00                           net712 (net)
                  0.02    0.00    5.72 v hold166/A (sky130_fd_sc_hd__clkbuf_2)
                  0.03    0.09    5.80 v hold166/X (sky130_fd_sc_hd__clkbuf_2)
     1    0.00                           net469 (net)
                  0.03    0.00    5.80 v hold116/A (sky130_fd_sc_hd__clkbuf_4)
                  0.09    0.17    5.98 v hold116/X (sky130_fd_sc_hd__clkbuf_4)
     1    0.04                           net419 (net)
                  0.09    0.01    5.98 v hold167/A (sky130_fd_sc_hd__clkbuf_4)
                  0.10    0.21    6.19 v hold167/X (sky130_fd_sc_hd__clkbuf_4)
     1    0.05                           net470 (net)
                  0.10    0.01    6.20 v output137/A (sky130_fd_sc_hd__buf_6)
                  0.03    0.13    6.33 v output137/X (sky130_fd_sc_hd__buf_6)
     1    0.01                           net471 (net)
                  0.03    0.00    6.33 v hold168/A (sky130_fd_sc_hd__buf_12)
                  0.08    0.16    6.49 v hold168/X (sky130_fd_sc_hd__buf_12)
     1    0.14                           wbs_dat_o[8] (net)
                  0.08    0.00    6.49 v wbs_dat_o[8] (out)
                                  6.49   data arrival time

                          0.00    0.00   clock clk (rise edge)
                          6.00    6.00   clock network delay (propagated)
                          0.25    6.25   clock uncertainty
                          0.00    6.25   clock reconvergence pessimism
                          0.00    6.25   output external delay
                                  6.25   data required time
-----------------------------------------------------------------------------
                                  6.25   data required time
                                 -6.49   data arrival time
-----------------------------------------------------------------------------
                                  0.24   slack (MET)


Startpoint: _312_ (rising edge-triggered flip-flop clocked by clk)
Endpoint: wbs_dat_o[9] (output port clocked by clk)
Path Group: clk
Path Type: min

Fanout     Cap    Slew   Delay    Time   Description
-----------------------------------------------------------------------------
                          0.00    0.00   clock clk (rise edge)
                          4.50    4.50   clock source latency
                  0.60    0.00    4.50 ^ wb_clk_i (in)
     1    0.06                           wb_clk_i (net)
                  0.63    0.01    4.51 ^ _177_/A1 (sky130_fd_sc_hd__mux2_2)
                  0.25    0.42    4.93 ^ _177_/X (sky130_fd_sc_hd__mux2_2)
     1    0.05                           counter.clk (net)
                  0.25    0.01    4.94 ^ clkbuf_0_counter.clk/A (sky130_fd_sc_hd__clkbuf_16)
                  0.08    0.21    5.16 ^ clkbuf_0_counter.clk/X (sky130_fd_sc_hd__clkbuf_16)
     4    0.06                           clknet_0_counter.clk (net)
                  0.08    0.00    5.16 ^ clkbuf_2_0__f_counter.clk/A (sky130_fd_sc_hd__clkbuf_16)
                  0.07    0.16    5.32 ^ clkbuf_2_0__f_counter.clk/X (sky130_fd_sc_hd__clkbuf_16)
     7    0.05                           clknet_2_0__leaf_counter.clk (net)
                  0.07    0.00    5.32 ^ _312_/CLK (sky130_fd_sc_hd__dfxtp_1)
                  0.07    0.32    5.64 v _312_/Q (sky130_fd_sc_hd__dfxtp_1)
     2    0.01                           net138 (net)
                  0.07    0.00    5.64 v hold410/A (sky130_fd_sc_hd__clkbuf_2)
                  0.03    0.11    5.75 v hold410/X (sky130_fd_sc_hd__clkbuf_2)
     1    0.00                           net713 (net)
                  0.03    0.00    5.75 v hold169/A (sky130_fd_sc_hd__clkbuf_2)
                  0.03    0.09    5.84 v hold169/X (sky130_fd_sc_hd__clkbuf_2)
     1    0.00                           net472 (net)
                  0.03    0.00    5.84 v hold118/A (sky130_fd_sc_hd__clkbuf_4)
                  0.07    0.16    6.00 v hold118/X (sky130_fd_sc_hd__clkbuf_4)
     1    0.03                           net421 (net)
                  0.07    0.00    6.00 v hold170/A (sky130_fd_sc_hd__clkbuf_4)
                  0.10    0.20    6.20 v hold170/X (sky130_fd_sc_hd__clkbuf_4)
     1    0.04                           net473 (net)
                  0.10    0.01    6.20 v output138/A (sky130_fd_sc_hd__buf_6)
                  0.03    0.13    6.34 v output138/X (sky130_fd_sc_hd__buf_6)
     1    0.01                           net474 (net)
                  0.03    0.00    6.34 v hold171/A (sky130_fd_sc_hd__buf_12)
                  0.08    0.16    6.50 v hold171/X (sky130_fd_sc_hd__buf_12)
     1    0.14                           wbs_dat_o[9] (net)
                  0.08    0.00    6.50 v wbs_dat_o[9] (out)
                                  6.50   data arrival time

                          0.00    0.00   clock clk (rise edge)
                          6.00    6.00   clock network delay (propagated)
                          0.25    6.25   clock uncertainty
                          0.00    6.25   clock reconvergence pessimism
                          0.00    6.25   output external delay
                                  6.25   data required time
-----------------------------------------------------------------------------
                                  6.25   data required time
                                 -6.50   data arrival time
-----------------------------------------------------------------------------
                                  0.25   slack (MET)


Startpoint: _293_ (rising edge-triggered flip-flop clocked by clk)
Endpoint: la_data_out[6] (output port clocked by clk)
Path Group: clk
Path Type: min

Fanout     Cap    Slew   Delay    Time   Description
-----------------------------------------------------------------------------
                          0.00    0.00   clock clk (rise edge)
                          4.50    4.50   clock source latency
                  0.60    0.00    4.50 ^ wb_clk_i (in)
     1    0.06                           wb_clk_i (net)
                  0.63    0.01    4.51 ^ _177_/A1 (sky130_fd_sc_hd__mux2_2)
                  0.25    0.42    4.93 ^ _177_/X (sky130_fd_sc_hd__mux2_2)
     1    0.05                           counter.clk (net)
                  0.25    0.01    4.94 ^ clkbuf_0_counter.clk/A (sky130_fd_sc_hd__clkbuf_16)
                  0.08    0.21    5.16 ^ clkbuf_0_counter.clk/X (sky130_fd_sc_hd__clkbuf_16)
     4    0.06                           clknet_0_counter.clk (net)
                  0.08    0.00    5.16 ^ clkbuf_2_3__f_counter.clk/A (sky130_fd_sc_hd__clkbuf_16)
                  0.07    0.16    5.32 ^ clkbuf_2_3__f_counter.clk/X (sky130_fd_sc_hd__clkbuf_16)
    10    0.05                           clknet_2_3__leaf_counter.clk (net)
                  0.07    0.00    5.32 ^ _293_/CLK (sky130_fd_sc_hd__dfxtp_4)
                  0.08    0.38    5.70 v _293_/Q (sky130_fd_sc_hd__dfxtp_4)
     5    0.05                           net102 (net)
                  0.08    0.00    5.70 v hold200/A (sky130_fd_sc_hd__clkbuf_2)
                  0.02    0.11    5.81 v hold200/X (sky130_fd_sc_hd__clkbuf_2)
     1    0.00                           net503 (net)
                  0.02    0.00    5.81 v hold149/A (sky130_fd_sc_hd__clkbuf_2)
                  0.02    0.09    5.90 v hold149/X (sky130_fd_sc_hd__clkbuf_2)
     1    0.00                           net452 (net)
                  0.02    0.00    5.90 v hold201/A (sky130_fd_sc_hd__clkbuf_2)
                  0.03    0.09    5.99 v hold201/X (sky130_fd_sc_hd__clkbuf_2)
     1    0.00                           net504 (net)
                  0.03    0.00    5.99 v _471_/A (sky130_fd_sc_hd__buf_6)
                  0.05    0.13    6.12 v _471_/X (sky130_fd_sc_hd__buf_6)
     2    0.05                           net118 (net)
                  0.06    0.01    6.13 v hold202/A (sky130_fd_sc_hd__buf_4)
                  0.08    0.18    6.31 v hold202/X (sky130_fd_sc_hd__buf_4)
     1    0.05                           net505 (net)
                  0.08    0.01    6.32 v output118/A (sky130_fd_sc_hd__buf_12)
                  0.08    0.18    6.50 v output118/X (sky130_fd_sc_hd__buf_12)
     1    0.14                           la_data_out[6] (net)
                  0.08    0.00    6.50 v la_data_out[6] (out)
                                  6.50   data arrival time

                          0.00    0.00   clock clk (rise edge)
                          6.00    6.00   clock network delay (propagated)
                          0.25    6.25   clock uncertainty
                          0.00    6.25   clock reconvergence pessimism
                          0.00    6.25   output external delay
                                  6.25   data required time
-----------------------------------------------------------------------------
                                  6.25   data required time
                                 -6.50   data arrival time
-----------------------------------------------------------------------------
                                  0.25   slack (MET)


Startpoint: _299_ (rising edge-triggered flip-flop clocked by clk)
Endpoint: la_data_out[12] (output port clocked by clk)
Path Group: clk
Path Type: min

Fanout     Cap    Slew   Delay    Time   Description
-----------------------------------------------------------------------------
                          0.00    0.00   clock clk (rise edge)
                          4.50    4.50   clock source latency
                  0.60    0.00    4.50 ^ wb_clk_i (in)
     1    0.06                           wb_clk_i (net)
                  0.63    0.01    4.51 ^ _177_/A1 (sky130_fd_sc_hd__mux2_2)
                  0.25    0.42    4.93 ^ _177_/X (sky130_fd_sc_hd__mux2_2)
     1    0.05                           counter.clk (net)
                  0.25    0.01    4.94 ^ clkbuf_0_counter.clk/A (sky130_fd_sc_hd__clkbuf_16)
                  0.08    0.21    5.16 ^ clkbuf_0_counter.clk/X (sky130_fd_sc_hd__clkbuf_16)
     4    0.06                           clknet_0_counter.clk (net)
                  0.08    0.00    5.16 ^ clkbuf_2_3__f_counter.clk/A (sky130_fd_sc_hd__clkbuf_16)
                  0.07    0.16    5.32 ^ clkbuf_2_3__f_counter.clk/X (sky130_fd_sc_hd__clkbuf_16)
    10    0.05                           clknet_2_3__leaf_counter.clk (net)
                  0.07    0.00    5.32 ^ _299_/CLK (sky130_fd_sc_hd__dfxtp_4)
                  0.10    0.39    5.71 v _299_/Q (sky130_fd_sc_hd__dfxtp_4)
     5    0.07                           net93 (net)
                  0.10    0.00    5.72 v hold404/A (sky130_fd_sc_hd__clkbuf_2)
                  0.05    0.14    5.86 v hold404/X (sky130_fd_sc_hd__clkbuf_2)
     1    0.01                           net707 (net)
                  0.05    0.00    5.86 v hold195/A (sky130_fd_sc_hd__clkbuf_2)
                  0.08    0.14    6.00 v hold195/X (sky130_fd_sc_hd__clkbuf_2)
     1    0.02                           net498 (net)
                  0.08    0.00    6.00 v _477_/A (sky130_fd_sc_hd__clkbuf_2)
                  0.04    0.12    6.12 v _477_/X (sky130_fd_sc_hd__clkbuf_2)
     1    0.01                           net109 (net)
                  0.04    0.00    6.12 v hold196/A (sky130_fd_sc_hd__clkbuf_2)
                  0.05    0.11    6.23 v hold196/X (sky130_fd_sc_hd__clkbuf_2)
     1    0.01                           net499 (net)
                  0.05    0.00    6.23 v output109/A (sky130_fd_sc_hd__buf_6)
                  0.02    0.11    6.34 v output109/X (sky130_fd_sc_hd__buf_6)
     1    0.01                           net500 (net)
                  0.02    0.00    6.34 v hold197/A (sky130_fd_sc_hd__buf_12)
                  0.08    0.16    6.50 v hold197/X (sky130_fd_sc_hd__buf_12)
     1    0.14                           la_data_out[12] (net)
                  0.08    0.00    6.50 v la_data_out[12] (out)
                                  6.50   data arrival time

                          0.00    0.00   clock clk (rise edge)
                          6.00    6.00   clock network delay (propagated)
                          0.25    6.25   clock uncertainty
                          0.00    6.25   clock reconvergence pessimism
                          0.00    6.25   output external delay
                                  6.25   data required time
-----------------------------------------------------------------------------
                                  6.25   data required time
                                 -6.50   data arrival time
-----------------------------------------------------------------------------
                                  0.25   slack (MET)


