
===========================================================================
report_checks -path_delay max (Setup)
============================================================================
Startpoint: wbs_stb_i (input port clocked by clk)
Endpoint: _296_ (rising edge-triggered flip-flop clocked by clk)
Path Group: clk
Path Type: max

Fanout     Cap    Slew   Delay    Time   Description
-----------------------------------------------------------------------------
                          0.00    0.00   clock clk (rise edge)
                          6.00    6.00   clock network delay (propagated)
                         10.00   16.00 ^ input external delay
                  0.44    0.00   16.00 ^ wbs_stb_i (in)
     1    0.00                           wbs_stb_i (net)
                  0.44    0.00   16.00 ^ hold137/A (sky130_fd_sc_hd__clkbuf_2)
                  0.04    0.19   16.19 ^ hold137/X (sky130_fd_sc_hd__clkbuf_2)
     1    0.00                           net440 (net)
                  0.04    0.00   16.19 ^ hold76/A (sky130_fd_sc_hd__clkbuf_2)
                  0.03    0.09   16.28 ^ hold76/X (sky130_fd_sc_hd__clkbuf_2)
     1    0.00                           net379 (net)
                  0.03    0.00   16.28 ^ hold138/A (sky130_fd_sc_hd__clkbuf_2)
                  0.04    0.10   16.38 ^ hold138/X (sky130_fd_sc_hd__clkbuf_2)
     1    0.01                           net441 (net)
                  0.04    0.00   16.38 ^ input73/A (sky130_fd_sc_hd__buf_6)
                  0.11    0.15   16.54 ^ input73/X (sky130_fd_sc_hd__buf_6)
     1    0.05                           net73 (net)
                  0.11    0.01   16.54 ^ hold139/A (sky130_fd_sc_hd__clkbuf_4)
                  0.20    0.28   16.82 ^ hold139/X (sky130_fd_sc_hd__clkbuf_4)
     2    0.06                           net442 (net)
                  0.20    0.01   16.84 ^ hold77/A (sky130_fd_sc_hd__clkbuf_4)
                  0.17    0.29   17.13 ^ hold77/X (sky130_fd_sc_hd__clkbuf_4)
     1    0.05                           net380 (net)
                  0.17    0.01   17.14 ^ hold140/A (sky130_fd_sc_hd__buf_4)
                  0.16    0.24   17.38 ^ hold140/X (sky130_fd_sc_hd__buf_4)
     2    0.05                           net443 (net)
                  0.16    0.01   17.39 ^ _179_/A (sky130_fd_sc_hd__nand2_1)
                  0.10    0.13   17.52 v _179_/Y (sky130_fd_sc_hd__nand2_1)
     1    0.01                           _051_ (net)
                  0.10    0.00   17.52 v hold141/A (sky130_fd_sc_hd__clkbuf_2)
                  0.04    0.15   17.67 v hold141/X (sky130_fd_sc_hd__clkbuf_2)
     1    0.01                           net444 (net)
                  0.04    0.00   17.67 v hold95/A (sky130_fd_sc_hd__clkbuf_2)
                  0.04    0.12   17.78 v hold95/X (sky130_fd_sc_hd__clkbuf_2)
     1    0.01                           net398 (net)
                  0.04    0.00   17.78 v hold142/A (sky130_fd_sc_hd__clkbuf_2)
                  0.03    0.11   17.89 v hold142/X (sky130_fd_sc_hd__clkbuf_2)
     1    0.01                           net445 (net)
                  0.03    0.00   17.89 v hold78/A (sky130_fd_sc_hd__clkbuf_2)
                  0.03    0.10   17.99 v hold78/X (sky130_fd_sc_hd__clkbuf_2)
     1    0.00                           net381 (net)
                  0.03    0.00   17.99 v hold143/A (sky130_fd_sc_hd__clkbuf_2)
                  0.02    0.09   18.08 v hold143/X (sky130_fd_sc_hd__clkbuf_2)
     1    0.00                           net446 (net)
                  0.02    0.00   18.08 v hold96/A (sky130_fd_sc_hd__clkbuf_2)
                  0.02    0.09   18.18 v hold96/X (sky130_fd_sc_hd__clkbuf_2)
     1    0.00                           net399 (net)
                  0.02    0.00   18.18 v hold144/A (sky130_fd_sc_hd__clkbuf_2)
                  0.09    0.15   18.33 v hold144/X (sky130_fd_sc_hd__clkbuf_2)
     1    0.02                           net447 (net)
                  0.09    0.00   18.33 v fanout171/A (sky130_fd_sc_hd__clkbuf_2)
                  0.09    0.19   18.51 v fanout171/X (sky130_fd_sc_hd__clkbuf_2)
     1    0.02                           net171 (net)
                  0.09    0.00   18.52 v hold145/A (sky130_fd_sc_hd__clkbuf_2)
                  0.03    0.13   18.64 v hold145/X (sky130_fd_sc_hd__clkbuf_2)
     1    0.00                           net448 (net)
                  0.03    0.00   18.64 v hold97/A (sky130_fd_sc_hd__clkbuf_2)
                  0.03    0.10   18.75 v hold97/X (sky130_fd_sc_hd__clkbuf_2)
     1    0.01                           net400 (net)
                  0.03    0.00   18.75 v hold146/A (sky130_fd_sc_hd__clkbuf_2)
                  0.04    0.11   18.86 v hold146/X (sky130_fd_sc_hd__clkbuf_2)
     1    0.01                           net449 (net)
                  0.04    0.00   18.86 v hold79/A (sky130_fd_sc_hd__clkbuf_2)
                  0.03    0.11   18.97 v hold79/X (sky130_fd_sc_hd__clkbuf_2)
     1    0.01                           net382 (net)
                  0.03    0.00   18.97 v hold147/A (sky130_fd_sc_hd__clkbuf_2)
                  0.03    0.10   19.07 v hold147/X (sky130_fd_sc_hd__clkbuf_2)
     1    0.00                           net450 (net)
                  0.03    0.00   19.07 v hold98/A (sky130_fd_sc_hd__clkbuf_2)
                  0.09    0.16   19.23 v hold98/X (sky130_fd_sc_hd__clkbuf_2)
     2    0.02                           net401 (net)
                  0.09    0.00   19.23 v _180_/B (sky130_fd_sc_hd__nor2_1)
                  0.25    0.24   19.46 ^ _180_/Y (sky130_fd_sc_hd__nor2_1)
     1    0.01                           _052_ (net)
                  0.25    0.00   19.46 ^ hold99/A (sky130_fd_sc_hd__clkbuf_2)
                  0.14    0.24   19.71 ^ hold99/X (sky130_fd_sc_hd__clkbuf_2)
     1    0.02                           net402 (net)
                  0.14    0.00   19.71 ^ hold80/A (sky130_fd_sc_hd__clkbuf_2)
                  0.07    0.16   19.87 ^ hold80/X (sky130_fd_sc_hd__clkbuf_2)
     1    0.01                           net383 (net)
                  0.07    0.00   19.87 ^ hold100/A (sky130_fd_sc_hd__clkbuf_2)
                  0.14    0.19   20.07 ^ hold100/X (sky130_fd_sc_hd__clkbuf_2)
     3    0.03                           net403 (net)
                  0.14    0.00   20.07 ^ _245_/C (sky130_fd_sc_hd__and3_4)
                  0.15    0.30   20.37 ^ _245_/X (sky130_fd_sc_hd__and3_4)
     6    0.04                           _108_ (net)
                  0.15    0.00   20.37 ^ _252_/B1 (sky130_fd_sc_hd__a32o_1)
                  0.10    0.19   20.56 ^ _252_/X (sky130_fd_sc_hd__a32o_1)
     1    0.01                           _114_ (net)
                  0.10    0.00   20.56 ^ hold800/A (sky130_fd_sc_hd__clkbuf_2)
                  0.09    0.16   20.73 ^ hold800/X (sky130_fd_sc_hd__clkbuf_2)
     1    0.01                           net1103 (net)
                  0.09    0.00   20.73 ^ hold565/A (sky130_fd_sc_hd__clkbuf_2)
                  0.03    0.11   20.84 ^ hold565/X (sky130_fd_sc_hd__clkbuf_2)
     1    0.00                           net868 (net)
                  0.03    0.00   20.84 ^ hold801/A (sky130_fd_sc_hd__clkbuf_2)
                  0.04    0.10   20.95 ^ hold801/X (sky130_fd_sc_hd__clkbuf_2)
     1    0.01                           net1104 (net)
                  0.04    0.00   20.95 ^ hold352/A (sky130_fd_sc_hd__clkbuf_2)
                  0.04    0.10   21.05 ^ hold352/X (sky130_fd_sc_hd__clkbuf_2)
     1    0.00                           net655 (net)
                  0.04    0.00   21.05 ^ hold802/A (sky130_fd_sc_hd__clkbuf_2)
                  0.11    0.16   21.21 ^ hold802/X (sky130_fd_sc_hd__clkbuf_2)
     1    0.02                           net1105 (net)
                  0.11    0.00   21.21 ^ hold566/A (sky130_fd_sc_hd__clkbuf_2)
                  0.10    0.18   21.39 ^ hold566/X (sky130_fd_sc_hd__clkbuf_2)
     1    0.02                           net869 (net)
                  0.10    0.00   21.39 ^ hold53/A (sky130_fd_sc_hd__clkbuf_2)
                  0.10    0.18   21.57 ^ hold53/X (sky130_fd_sc_hd__clkbuf_2)
     1    0.02                           net356 (net)
                  0.10    0.00   21.57 ^ hold567/A (sky130_fd_sc_hd__clkbuf_2)
                  0.03    0.12   21.69 ^ hold567/X (sky130_fd_sc_hd__clkbuf_2)
     1    0.00                           net870 (net)
                  0.03    0.00   21.69 ^ hold353/A (sky130_fd_sc_hd__clkbuf_2)
                  0.03    0.09   21.78 ^ hold353/X (sky130_fd_sc_hd__clkbuf_2)
     1    0.00                           net656 (net)
                  0.03    0.00   21.78 ^ hold568/A (sky130_fd_sc_hd__clkbuf_2)
                  0.07    0.12   21.90 ^ hold568/X (sky130_fd_sc_hd__clkbuf_2)
     1    0.01                           net871 (net)
                  0.07    0.00   21.91 ^ _253_/B1 (sky130_fd_sc_hd__a31o_1)
                  0.13    0.17   22.07 ^ _253_/X (sky130_fd_sc_hd__a31o_1)
     1    0.01                           _115_ (net)
                  0.13    0.00   22.07 ^ hold803/A (sky130_fd_sc_hd__clkbuf_2)
                  0.11    0.19   22.26 ^ hold803/X (sky130_fd_sc_hd__clkbuf_2)
     1    0.02                           net1106 (net)
                  0.11    0.00   22.26 ^ hold569/A (sky130_fd_sc_hd__clkbuf_2)
                  0.08    0.16   22.43 ^ hold569/X (sky130_fd_sc_hd__clkbuf_2)
     1    0.01                           net872 (net)
                  0.08    0.00   22.43 ^ hold804/A (sky130_fd_sc_hd__clkbuf_2)
                  0.07    0.14   22.57 ^ hold804/X (sky130_fd_sc_hd__clkbuf_2)
     1    0.01                           net1107 (net)
                  0.07    0.00   22.57 ^ hold354/A (sky130_fd_sc_hd__clkbuf_2)
                  0.09    0.15   22.72 ^ hold354/X (sky130_fd_sc_hd__clkbuf_2)
     1    0.01                           net657 (net)
                  0.09    0.00   22.72 ^ hold805/A (sky130_fd_sc_hd__clkbuf_2)
                  0.05    0.13   22.85 ^ hold805/X (sky130_fd_sc_hd__clkbuf_2)
     1    0.01                           net1108 (net)
                  0.05    0.00   22.85 ^ hold570/A (sky130_fd_sc_hd__clkbuf_2)
                  0.03    0.09   22.94 ^ hold570/X (sky130_fd_sc_hd__clkbuf_2)
     1    0.00                           net873 (net)
                  0.03    0.00   22.94 ^ hold806/A (sky130_fd_sc_hd__clkbuf_2)
                  0.10    0.15   23.09 ^ hold806/X (sky130_fd_sc_hd__clkbuf_2)
     1    0.02                           net1109 (net)
                  0.10    0.00   23.09 ^ hold54/A (sky130_fd_sc_hd__clkbuf_2)
                  0.11    0.18   23.28 ^ hold54/X (sky130_fd_sc_hd__clkbuf_2)
     1    0.02                           net357 (net)
                  0.11    0.00   23.28 ^ hold571/A (sky130_fd_sc_hd__clkbuf_2)
                  0.04    0.13   23.40 ^ hold571/X (sky130_fd_sc_hd__clkbuf_2)
     1    0.00                           net874 (net)
                  0.04    0.00   23.40 ^ hold355/A (sky130_fd_sc_hd__clkbuf_2)
                  0.03    0.09   23.50 ^ hold355/X (sky130_fd_sc_hd__clkbuf_2)
     1    0.00                           net658 (net)
                  0.03    0.00   23.50 ^ hold572/A (sky130_fd_sc_hd__clkbuf_2)
                  0.07    0.12   23.62 ^ hold572/X (sky130_fd_sc_hd__clkbuf_2)
     1    0.01                           net875 (net)
                  0.07    0.00   23.62 ^ _254_/B (sky130_fd_sc_hd__and2_1)
                  0.16    0.22   23.84 ^ _254_/X (sky130_fd_sc_hd__and2_1)
     1    0.02                           _010_ (net)
                  0.16    0.00   23.84 ^ hold573/A (sky130_fd_sc_hd__clkbuf_2)
                  0.05    0.15   23.99 ^ hold573/X (sky130_fd_sc_hd__clkbuf_2)
     1    0.01                           net876 (net)
                  0.05    0.00   23.99 ^ hold356/A (sky130_fd_sc_hd__clkbuf_2)
                  0.04    0.10   24.10 ^ hold356/X (sky130_fd_sc_hd__clkbuf_2)
     1    0.00                           net659 (net)
                  0.04    0.00   24.10 ^ hold574/A (sky130_fd_sc_hd__clkbuf_2)
                  0.05    0.11   24.21 ^ hold574/X (sky130_fd_sc_hd__clkbuf_2)
     1    0.01                           net877 (net)
                  0.05    0.00   24.21 ^ hold55/A (sky130_fd_sc_hd__clkbuf_2)
                  0.04    0.11   24.32 ^ hold55/X (sky130_fd_sc_hd__clkbuf_2)
     1    0.01                           net358 (net)
                  0.04    0.00   24.32 ^ hold575/A (sky130_fd_sc_hd__clkbuf_2)
                  0.05    0.11   24.43 ^ hold575/X (sky130_fd_sc_hd__clkbuf_2)
     1    0.01                           net878 (net)
                  0.05    0.00   24.43 ^ hold357/A (sky130_fd_sc_hd__clkbuf_2)
                  0.05    0.12   24.54 ^ hold357/X (sky130_fd_sc_hd__clkbuf_2)
     1    0.01                           net660 (net)
                  0.05    0.00   24.54 ^ hold576/A (sky130_fd_sc_hd__clkbuf_2)
                  0.05    0.12   24.66 ^ hold576/X (sky130_fd_sc_hd__clkbuf_2)
     1    0.01                           net879 (net)
                  0.05    0.00   24.66 ^ _296_/D (sky130_fd_sc_hd__dfxtp_4)
                                 24.66   data arrival time

                         25.00   25.00   clock clk (rise edge)
                          4.50   29.50   clock source latency
                  0.60    0.00   29.50 ^ wb_clk_i (in)
     1    0.06                           wb_clk_i (net)
                  0.63    0.01   29.51 ^ _177_/A1 (sky130_fd_sc_hd__mux2_2)
                  0.25    0.42   29.93 ^ _177_/X (sky130_fd_sc_hd__mux2_2)
     1    0.05                           counter.clk (net)
                  0.25    0.01   29.94 ^ clkbuf_0_counter.clk/A (sky130_fd_sc_hd__clkbuf_16)
                  0.08    0.21   30.16 ^ clkbuf_0_counter.clk/X (sky130_fd_sc_hd__clkbuf_16)
     4    0.06                           clknet_0_counter.clk (net)
                  0.08    0.00   30.16 ^ clkbuf_2_2__f_counter.clk/A (sky130_fd_sc_hd__clkbuf_16)
                  0.09    0.17   30.33 ^ clkbuf_2_2__f_counter.clk/X (sky130_fd_sc_hd__clkbuf_16)
     9    0.07                           clknet_2_2__leaf_counter.clk (net)
                  0.09    0.00   30.33 ^ _296_/CLK (sky130_fd_sc_hd__dfxtp_4)
                         -0.25   30.08   clock uncertainty
                          0.00   30.08   clock reconvergence pessimism
                         -0.06   30.03   library setup time
                                 30.03   data required time
-----------------------------------------------------------------------------
                                 30.03   data required time
                                -24.66   data arrival time
-----------------------------------------------------------------------------
                                  5.37   slack (MET)


Startpoint: wbs_stb_i (input port clocked by clk)
Endpoint: _302_ (rising edge-triggered flip-flop clocked by clk)
Path Group: clk
Path Type: max

Fanout     Cap    Slew   Delay    Time   Description
-----------------------------------------------------------------------------
                          0.00    0.00   clock clk (rise edge)
                          6.00    6.00   clock network delay (propagated)
                         10.00   16.00 ^ input external delay
                  0.44    0.00   16.00 ^ wbs_stb_i (in)
     1    0.00                           wbs_stb_i (net)
                  0.44    0.00   16.00 ^ hold137/A (sky130_fd_sc_hd__clkbuf_2)
                  0.04    0.19   16.19 ^ hold137/X (sky130_fd_sc_hd__clkbuf_2)
     1    0.00                           net440 (net)
                  0.04    0.00   16.19 ^ hold76/A (sky130_fd_sc_hd__clkbuf_2)
                  0.03    0.09   16.28 ^ hold76/X (sky130_fd_sc_hd__clkbuf_2)
     1    0.00                           net379 (net)
                  0.03    0.00   16.28 ^ hold138/A (sky130_fd_sc_hd__clkbuf_2)
                  0.04    0.10   16.38 ^ hold138/X (sky130_fd_sc_hd__clkbuf_2)
     1    0.01                           net441 (net)
                  0.04    0.00   16.38 ^ input73/A (sky130_fd_sc_hd__buf_6)
                  0.11    0.15   16.54 ^ input73/X (sky130_fd_sc_hd__buf_6)
     1    0.05                           net73 (net)
                  0.11    0.01   16.54 ^ hold139/A (sky130_fd_sc_hd__clkbuf_4)
                  0.20    0.28   16.82 ^ hold139/X (sky130_fd_sc_hd__clkbuf_4)
     2    0.06                           net442 (net)
                  0.20    0.01   16.84 ^ hold77/A (sky130_fd_sc_hd__clkbuf_4)
                  0.17    0.29   17.13 ^ hold77/X (sky130_fd_sc_hd__clkbuf_4)
     1    0.05                           net380 (net)
                  0.17    0.01   17.14 ^ hold140/A (sky130_fd_sc_hd__buf_4)
                  0.16    0.24   17.38 ^ hold140/X (sky130_fd_sc_hd__buf_4)
     2    0.05                           net443 (net)
                  0.16    0.01   17.39 ^ _179_/A (sky130_fd_sc_hd__nand2_1)
                  0.10    0.13   17.52 v _179_/Y (sky130_fd_sc_hd__nand2_1)
     1    0.01                           _051_ (net)
                  0.10    0.00   17.52 v hold141/A (sky130_fd_sc_hd__clkbuf_2)
                  0.04    0.15   17.67 v hold141/X (sky130_fd_sc_hd__clkbuf_2)
     1    0.01                           net444 (net)
                  0.04    0.00   17.67 v hold95/A (sky130_fd_sc_hd__clkbuf_2)
                  0.04    0.12   17.78 v hold95/X (sky130_fd_sc_hd__clkbuf_2)
     1    0.01                           net398 (net)
                  0.04    0.00   17.78 v hold142/A (sky130_fd_sc_hd__clkbuf_2)
                  0.03    0.11   17.89 v hold142/X (sky130_fd_sc_hd__clkbuf_2)
     1    0.01                           net445 (net)
                  0.03    0.00   17.89 v hold78/A (sky130_fd_sc_hd__clkbuf_2)
                  0.03    0.10   17.99 v hold78/X (sky130_fd_sc_hd__clkbuf_2)
     1    0.00                           net381 (net)
                  0.03    0.00   17.99 v hold143/A (sky130_fd_sc_hd__clkbuf_2)
                  0.02    0.09   18.08 v hold143/X (sky130_fd_sc_hd__clkbuf_2)
     1    0.00                           net446 (net)
                  0.02    0.00   18.08 v hold96/A (sky130_fd_sc_hd__clkbuf_2)
                  0.02    0.09   18.18 v hold96/X (sky130_fd_sc_hd__clkbuf_2)
     1    0.00                           net399 (net)
                  0.02    0.00   18.18 v hold144/A (sky130_fd_sc_hd__clkbuf_2)
                  0.09    0.15   18.33 v hold144/X (sky130_fd_sc_hd__clkbuf_2)
     1    0.02                           net447 (net)
                  0.09    0.00   18.33 v fanout171/A (sky130_fd_sc_hd__clkbuf_2)
                  0.09    0.19   18.51 v fanout171/X (sky130_fd_sc_hd__clkbuf_2)
     1    0.02                           net171 (net)
                  0.09    0.00   18.52 v hold145/A (sky130_fd_sc_hd__clkbuf_2)
                  0.03    0.13   18.64 v hold145/X (sky130_fd_sc_hd__clkbuf_2)
     1    0.00                           net448 (net)
                  0.03    0.00   18.64 v hold97/A (sky130_fd_sc_hd__clkbuf_2)
                  0.03    0.10   18.75 v hold97/X (sky130_fd_sc_hd__clkbuf_2)
     1    0.01                           net400 (net)
                  0.03    0.00   18.75 v hold146/A (sky130_fd_sc_hd__clkbuf_2)
                  0.04    0.11   18.86 v hold146/X (sky130_fd_sc_hd__clkbuf_2)
     1    0.01                           net449 (net)
                  0.04    0.00   18.86 v hold79/A (sky130_fd_sc_hd__clkbuf_2)
                  0.03    0.11   18.97 v hold79/X (sky130_fd_sc_hd__clkbuf_2)
     1    0.01                           net382 (net)
                  0.03    0.00   18.97 v hold147/A (sky130_fd_sc_hd__clkbuf_2)
                  0.03    0.10   19.07 v hold147/X (sky130_fd_sc_hd__clkbuf_2)
     1    0.00                           net450 (net)
                  0.03    0.00   19.07 v hold98/A (sky130_fd_sc_hd__clkbuf_2)
                  0.09    0.16   19.23 v hold98/X (sky130_fd_sc_hd__clkbuf_2)
     2    0.02                           net401 (net)
                  0.09    0.00   19.23 v _180_/B (sky130_fd_sc_hd__nor2_1)
                  0.25    0.24   19.46 ^ _180_/Y (sky130_fd_sc_hd__nor2_1)
     1    0.01                           _052_ (net)
                  0.25    0.00   19.46 ^ hold99/A (sky130_fd_sc_hd__clkbuf_2)
                  0.14    0.24   19.71 ^ hold99/X (sky130_fd_sc_hd__clkbuf_2)
     1    0.02                           net402 (net)
                  0.14    0.00   19.71 ^ hold80/A (sky130_fd_sc_hd__clkbuf_2)
                  0.07    0.16   19.87 ^ hold80/X (sky130_fd_sc_hd__clkbuf_2)
     1    0.01                           net383 (net)
                  0.07    0.00   19.87 ^ hold100/A (sky130_fd_sc_hd__clkbuf_2)
                  0.14    0.19   20.07 ^ hold100/X (sky130_fd_sc_hd__clkbuf_2)
     3    0.03                           net403 (net)
                  0.14    0.00   20.07 ^ _245_/C (sky130_fd_sc_hd__and3_4)
                  0.15    0.30   20.37 ^ _245_/X (sky130_fd_sc_hd__and3_4)
     6    0.04                           _108_ (net)
                  0.15    0.00   20.37 ^ hold636/A (sky130_fd_sc_hd__buf_2)
                  0.16    0.23   20.60 ^ hold636/X (sky130_fd_sc_hd__buf_2)
     3    0.03                           net939 (net)
                  0.16    0.00   20.61 ^ _284_/B1 (sky130_fd_sc_hd__a32o_1)
                  0.10    0.20   20.80 ^ _284_/X (sky130_fd_sc_hd__a32o_1)
     1    0.01                           _140_ (net)
                  0.10    0.00   20.80 ^ hold704/A (sky130_fd_sc_hd__clkbuf_2)
                  0.07    0.15   20.95 ^ hold704/X (sky130_fd_sc_hd__clkbuf_2)
     1    0.01                           net1007 (net)
                  0.07    0.00   20.95 ^ hold293/A (sky130_fd_sc_hd__clkbuf_2)
                  0.03    0.11   21.06 ^ hold293/X (sky130_fd_sc_hd__clkbuf_2)
     1    0.00                           net596 (net)
                  0.03    0.00   21.06 ^ hold705/A (sky130_fd_sc_hd__clkbuf_2)
                  0.15    0.18   21.24 ^ hold705/X (sky130_fd_sc_hd__clkbuf_2)
     1    0.03                           net1008 (net)
                  0.15    0.00   21.24 ^ hold48/A (sky130_fd_sc_hd__clkbuf_2)
                  0.03    0.13   21.37 ^ hold48/X (sky130_fd_sc_hd__clkbuf_2)
     1    0.00                           net351 (net)
                  0.03    0.00   21.37 ^ hold706/A (sky130_fd_sc_hd__clkbuf_2)
                  0.04    0.10   21.47 ^ hold706/X (sky130_fd_sc_hd__clkbuf_2)
     1    0.01                           net1009 (net)
                  0.04    0.00   21.47 ^ hold294/A (sky130_fd_sc_hd__clkbuf_2)
                  0.03    0.10   21.57 ^ hold294/X (sky130_fd_sc_hd__clkbuf_2)
     1    0.00                           net597 (net)
                  0.03    0.00   21.57 ^ hold707/A (sky130_fd_sc_hd__clkbuf_2)
                  0.08    0.13   21.70 ^ hold707/X (sky130_fd_sc_hd__clkbuf_2)
     1    0.01                           net1010 (net)
                  0.08    0.00   21.70 ^ _285_/B1 (sky130_fd_sc_hd__a31o_1)
                  0.13    0.17   21.87 ^ _285_/X (sky130_fd_sc_hd__a31o_1)
     1    0.01                           _141_ (net)
                  0.13    0.00   21.87 ^ hold708/A (sky130_fd_sc_hd__clkbuf_2)
                  0.05    0.15   22.02 ^ hold708/X (sky130_fd_sc_hd__clkbuf_2)
     1    0.01                           net1011 (net)
                  0.05    0.00   22.02 ^ hold511/A (sky130_fd_sc_hd__clkbuf_2)
                  0.03    0.10   22.12 ^ hold511/X (sky130_fd_sc_hd__clkbuf_2)
     1    0.00                           net814 (net)
                  0.03    0.00   22.12 ^ hold709/A (sky130_fd_sc_hd__clkbuf_2)
                  0.04    0.10   22.22 ^ hold709/X (sky130_fd_sc_hd__clkbuf_2)
     1    0.01                           net1012 (net)
                  0.04    0.00   22.22 ^ hold295/A (sky130_fd_sc_hd__clkbuf_2)
                  0.05    0.11   22.33 ^ hold295/X (sky130_fd_sc_hd__clkbuf_2)
     1    0.01                           net598 (net)
                  0.05    0.00   22.33 ^ hold710/A (sky130_fd_sc_hd__clkbuf_2)
                  0.06    0.12   22.45 ^ hold710/X (sky130_fd_sc_hd__clkbuf_2)
     1    0.01                           net1013 (net)
                  0.06    0.00   22.45 ^ hold512/A (sky130_fd_sc_hd__clkbuf_2)
                  0.03    0.10   22.55 ^ hold512/X (sky130_fd_sc_hd__clkbuf_2)
     1    0.00                           net815 (net)
                  0.03    0.00   22.55 ^ hold711/A (sky130_fd_sc_hd__clkbuf_2)
                  0.04    0.10   22.65 ^ hold711/X (sky130_fd_sc_hd__clkbuf_2)
     1    0.00                           net1014 (net)
                  0.04    0.00   22.65 ^ hold49/A (sky130_fd_sc_hd__clkbuf_2)
                  0.03    0.09   22.74 ^ hold49/X (sky130_fd_sc_hd__clkbuf_2)
     1    0.00                           net352 (net)
                  0.03    0.00   22.74 ^ hold712/A (sky130_fd_sc_hd__clkbuf_2)
                  0.11    0.15   22.89 ^ hold712/X (sky130_fd_sc_hd__clkbuf_2)
     1    0.02                           net1015 (net)
                  0.11    0.00   22.90 ^ hold513/A (sky130_fd_sc_hd__clkbuf_2)
                  0.10    0.17   23.07 ^ hold513/X (sky130_fd_sc_hd__clkbuf_2)
     1    0.02                           net816 (net)
                  0.10    0.00   23.07 ^ hold713/A (sky130_fd_sc_hd__clkbuf_2)
                  0.04    0.13   23.20 ^ hold713/X (sky130_fd_sc_hd__clkbuf_2)
     1    0.01                           net1016 (net)
                  0.04    0.00   23.20 ^ hold296/A (sky130_fd_sc_hd__clkbuf_2)
                  0.04    0.10   23.30 ^ hold296/X (sky130_fd_sc_hd__clkbuf_2)
     1    0.00                           net599 (net)
                  0.04    0.00   23.30 ^ hold514/A (sky130_fd_sc_hd__clkbuf_2)
                  0.09    0.14   23.44 ^ hold514/X (sky130_fd_sc_hd__clkbuf_2)
     1    0.02                           net817 (net)
                  0.09    0.00   23.44 ^ _142_/B (sky130_fd_sc_hd__and2_1)
                  0.20    0.26   23.70 ^ _142_/X (sky130_fd_sc_hd__and2_1)
     1    0.02                           _016_ (net)
                  0.20    0.00   23.70 ^ hold515/A (sky130_fd_sc_hd__clkbuf_2)
                  0.04    0.16   23.86 ^ hold515/X (sky130_fd_sc_hd__clkbuf_2)
     1    0.00                           net818 (net)
                  0.04    0.00   23.86 ^ hold297/A (sky130_fd_sc_hd__clkbuf_2)
                  0.06    0.12   23.97 ^ hold297/X (sky130_fd_sc_hd__clkbuf_2)
     1    0.01                           net600 (net)
                  0.06    0.00   23.97 ^ hold516/A (sky130_fd_sc_hd__clkbuf_2)
                  0.09    0.15   24.13 ^ hold516/X (sky130_fd_sc_hd__clkbuf_2)
     1    0.02                           net819 (net)
                  0.09    0.00   24.13 ^ hold50/A (sky130_fd_sc_hd__clkbuf_2)
                  0.03    0.12   24.25 ^ hold50/X (sky130_fd_sc_hd__clkbuf_2)
     1    0.00                           net353 (net)
                  0.03    0.00   24.25 ^ hold517/A (sky130_fd_sc_hd__clkbuf_2)
                  0.06    0.12   24.36 ^ hold517/X (sky130_fd_sc_hd__clkbuf_2)
     1    0.01                           net820 (net)
                  0.06    0.00   24.37 ^ hold298/A (sky130_fd_sc_hd__clkbuf_2)
                  0.03    0.11   24.47 ^ hold298/X (sky130_fd_sc_hd__clkbuf_2)
     1    0.00                           net601 (net)
                  0.03    0.00   24.47 ^ hold518/A (sky130_fd_sc_hd__clkbuf_2)
                  0.06    0.12   24.59 ^ hold518/X (sky130_fd_sc_hd__clkbuf_2)
     1    0.01                           net821 (net)
                  0.06    0.00   24.59 ^ _302_/D (sky130_fd_sc_hd__dfxtp_1)
                                 24.59   data arrival time

                         25.00   25.00   clock clk (rise edge)
                          4.50   29.50   clock source latency
                  0.60    0.00   29.50 ^ wb_clk_i (in)
     1    0.06                           wb_clk_i (net)
                  0.63    0.01   29.51 ^ _177_/A1 (sky130_fd_sc_hd__mux2_2)
                  0.25    0.42   29.93 ^ _177_/X (sky130_fd_sc_hd__mux2_2)
     1    0.05                           counter.clk (net)
                  0.25    0.01   29.94 ^ clkbuf_0_counter.clk/A (sky130_fd_sc_hd__clkbuf_16)
                  0.08    0.21   30.16 ^ clkbuf_0_counter.clk/X (sky130_fd_sc_hd__clkbuf_16)
     4    0.06                           clknet_0_counter.clk (net)
                  0.08    0.00   30.16 ^ clkbuf_2_2__f_counter.clk/A (sky130_fd_sc_hd__clkbuf_16)
                  0.09    0.17   30.33 ^ clkbuf_2_2__f_counter.clk/X (sky130_fd_sc_hd__clkbuf_16)
     9    0.07                           clknet_2_2__leaf_counter.clk (net)
                  0.09    0.00   30.33 ^ _302_/CLK (sky130_fd_sc_hd__dfxtp_1)
                         -0.25   30.08   clock uncertainty
                          0.00   30.08   clock reconvergence pessimism
                         -0.05   30.03   library setup time
                                 30.03   data required time
-----------------------------------------------------------------------------
                                 30.03   data required time
                                -24.59   data arrival time
-----------------------------------------------------------------------------
                                  5.45   slack (MET)


Startpoint: wbs_stb_i (input port clocked by clk)
Endpoint: _289_ (rising edge-triggered flip-flop clocked by clk)
Path Group: clk
Path Type: max

Fanout     Cap    Slew   Delay    Time   Description
-----------------------------------------------------------------------------
                          0.00    0.00   clock clk (rise edge)
                          6.00    6.00   clock network delay (propagated)
                         10.00   16.00 ^ input external delay
                  0.44    0.00   16.00 ^ wbs_stb_i (in)
     1    0.00                           wbs_stb_i (net)
                  0.44    0.00   16.00 ^ hold137/A (sky130_fd_sc_hd__clkbuf_2)
                  0.04    0.19   16.19 ^ hold137/X (sky130_fd_sc_hd__clkbuf_2)
     1    0.00                           net440 (net)
                  0.04    0.00   16.19 ^ hold76/A (sky130_fd_sc_hd__clkbuf_2)
                  0.03    0.09   16.28 ^ hold76/X (sky130_fd_sc_hd__clkbuf_2)
     1    0.00                           net379 (net)
                  0.03    0.00   16.28 ^ hold138/A (sky130_fd_sc_hd__clkbuf_2)
                  0.04    0.10   16.38 ^ hold138/X (sky130_fd_sc_hd__clkbuf_2)
     1    0.01                           net441 (net)
                  0.04    0.00   16.38 ^ input73/A (sky130_fd_sc_hd__buf_6)
                  0.11    0.15   16.54 ^ input73/X (sky130_fd_sc_hd__buf_6)
     1    0.05                           net73 (net)
                  0.11    0.01   16.54 ^ hold139/A (sky130_fd_sc_hd__clkbuf_4)
                  0.20    0.28   16.82 ^ hold139/X (sky130_fd_sc_hd__clkbuf_4)
     2    0.06                           net442 (net)
                  0.20    0.01   16.84 ^ hold77/A (sky130_fd_sc_hd__clkbuf_4)
                  0.17    0.29   17.13 ^ hold77/X (sky130_fd_sc_hd__clkbuf_4)
     1    0.05                           net380 (net)
                  0.17    0.01   17.14 ^ hold140/A (sky130_fd_sc_hd__buf_4)
                  0.16    0.24   17.38 ^ hold140/X (sky130_fd_sc_hd__buf_4)
     2    0.05                           net443 (net)
                  0.16    0.01   17.39 ^ _179_/A (sky130_fd_sc_hd__nand2_1)
                  0.10    0.13   17.52 v _179_/Y (sky130_fd_sc_hd__nand2_1)
     1    0.01                           _051_ (net)
                  0.10    0.00   17.52 v hold141/A (sky130_fd_sc_hd__clkbuf_2)
                  0.04    0.15   17.67 v hold141/X (sky130_fd_sc_hd__clkbuf_2)
     1    0.01                           net444 (net)
                  0.04    0.00   17.67 v hold95/A (sky130_fd_sc_hd__clkbuf_2)
                  0.04    0.12   17.78 v hold95/X (sky130_fd_sc_hd__clkbuf_2)
     1    0.01                           net398 (net)
                  0.04    0.00   17.78 v hold142/A (sky130_fd_sc_hd__clkbuf_2)
                  0.03    0.11   17.89 v hold142/X (sky130_fd_sc_hd__clkbuf_2)
     1    0.01                           net445 (net)
                  0.03    0.00   17.89 v hold78/A (sky130_fd_sc_hd__clkbuf_2)
                  0.03    0.10   17.99 v hold78/X (sky130_fd_sc_hd__clkbuf_2)
     1    0.00                           net381 (net)
                  0.03    0.00   17.99 v hold143/A (sky130_fd_sc_hd__clkbuf_2)
                  0.02    0.09   18.08 v hold143/X (sky130_fd_sc_hd__clkbuf_2)
     1    0.00                           net446 (net)
                  0.02    0.00   18.08 v hold96/A (sky130_fd_sc_hd__clkbuf_2)
                  0.02    0.09   18.18 v hold96/X (sky130_fd_sc_hd__clkbuf_2)
     1    0.00                           net399 (net)
                  0.02    0.00   18.18 v hold144/A (sky130_fd_sc_hd__clkbuf_2)
                  0.09    0.15   18.33 v hold144/X (sky130_fd_sc_hd__clkbuf_2)
     1    0.02                           net447 (net)
                  0.09    0.00   18.33 v fanout171/A (sky130_fd_sc_hd__clkbuf_2)
                  0.09    0.19   18.51 v fanout171/X (sky130_fd_sc_hd__clkbuf_2)
     1    0.02                           net171 (net)
                  0.09    0.00   18.52 v hold145/A (sky130_fd_sc_hd__clkbuf_2)
                  0.03    0.13   18.64 v hold145/X (sky130_fd_sc_hd__clkbuf_2)
     1    0.00                           net448 (net)
                  0.03    0.00   18.64 v hold97/A (sky130_fd_sc_hd__clkbuf_2)
                  0.03    0.10   18.75 v hold97/X (sky130_fd_sc_hd__clkbuf_2)
     1    0.01                           net400 (net)
                  0.03    0.00   18.75 v hold146/A (sky130_fd_sc_hd__clkbuf_2)
                  0.04    0.11   18.86 v hold146/X (sky130_fd_sc_hd__clkbuf_2)
     1    0.01                           net449 (net)
                  0.04    0.00   18.86 v hold79/A (sky130_fd_sc_hd__clkbuf_2)
                  0.03    0.11   18.97 v hold79/X (sky130_fd_sc_hd__clkbuf_2)
     1    0.01                           net382 (net)
                  0.03    0.00   18.97 v hold147/A (sky130_fd_sc_hd__clkbuf_2)
                  0.03    0.10   19.07 v hold147/X (sky130_fd_sc_hd__clkbuf_2)
     1    0.00                           net450 (net)
                  0.03    0.00   19.07 v hold98/A (sky130_fd_sc_hd__clkbuf_2)
                  0.09    0.16   19.23 v hold98/X (sky130_fd_sc_hd__clkbuf_2)
     2    0.02                           net401 (net)
                  0.09    0.00   19.23 v _180_/B (sky130_fd_sc_hd__nor2_1)
                  0.25    0.24   19.46 ^ _180_/Y (sky130_fd_sc_hd__nor2_1)
     1    0.01                           _052_ (net)
                  0.25    0.00   19.46 ^ hold99/A (sky130_fd_sc_hd__clkbuf_2)
                  0.14    0.24   19.71 ^ hold99/X (sky130_fd_sc_hd__clkbuf_2)
     1    0.02                           net402 (net)
                  0.14    0.00   19.71 ^ hold80/A (sky130_fd_sc_hd__clkbuf_2)
                  0.07    0.16   19.87 ^ hold80/X (sky130_fd_sc_hd__clkbuf_2)
     1    0.01                           net383 (net)
                  0.07    0.00   19.87 ^ hold100/A (sky130_fd_sc_hd__clkbuf_2)
                  0.14    0.19   20.07 ^ hold100/X (sky130_fd_sc_hd__clkbuf_2)
     3    0.03                           net403 (net)
                  0.14    0.00   20.07 ^ _199_/C (sky130_fd_sc_hd__and3_4)
                  0.11    0.28   20.34 ^ _199_/X (sky130_fd_sc_hd__and3_4)
     8    0.03                           _070_ (net)
                  0.11    0.00   20.34 ^ _209_/B1 (sky130_fd_sc_hd__a32o_1)
                  0.18    0.25   20.59 ^ _209_/X (sky130_fd_sc_hd__a32o_1)
     1    0.02                           _078_ (net)
                  0.18    0.00   20.59 ^ hold718/A (sky130_fd_sc_hd__clkbuf_2)
                  0.04    0.15   20.74 ^ hold718/X (sky130_fd_sc_hd__clkbuf_2)
     1    0.00                           net1021 (net)
                  0.04    0.00   20.74 ^ hold467/A (sky130_fd_sc_hd__clkbuf_2)
                  0.03    0.10   20.84 ^ hold467/X (sky130_fd_sc_hd__clkbuf_2)
     1    0.00                           net770 (net)
                  0.03    0.00   20.84 ^ hold719/A (sky130_fd_sc_hd__clkbuf_2)
                  0.03    0.09   20.93 ^ hold719/X (sky130_fd_sc_hd__clkbuf_2)
     1    0.00                           net1022 (net)
                  0.03    0.00   20.93 ^ hold276/A (sky130_fd_sc_hd__clkbuf_2)
                  0.04    0.10   21.03 ^ hold276/X (sky130_fd_sc_hd__clkbuf_2)
     1    0.00                           net579 (net)
                  0.04    0.00   21.03 ^ hold720/A (sky130_fd_sc_hd__clkbuf_2)
                  0.03    0.09   21.13 ^ hold720/X (sky130_fd_sc_hd__clkbuf_2)
     1    0.00                           net1023 (net)
                  0.03    0.00   21.13 ^ hold468/A (sky130_fd_sc_hd__clkbuf_2)
                  0.03    0.09   21.22 ^ hold468/X (sky130_fd_sc_hd__clkbuf_2)
     1    0.00                           net771 (net)
                  0.03    0.00   21.22 ^ hold721/A (sky130_fd_sc_hd__clkbuf_2)
                  0.03    0.09   21.31 ^ hold721/X (sky130_fd_sc_hd__clkbuf_2)
     1    0.00                           net1024 (net)
                  0.03    0.00   21.31 ^ hold19/A (sky130_fd_sc_hd__clkbuf_2)
                  0.12    0.16   21.47 ^ hold19/X (sky130_fd_sc_hd__clkbuf_2)
     1    0.02                           net322 (net)
                  0.12    0.00   21.47 ^ hold469/A (sky130_fd_sc_hd__clkbuf_2)
                  0.11    0.19   21.66 ^ hold469/X (sky130_fd_sc_hd__clkbuf_2)
     1    0.02                           net772 (net)
                  0.11    0.00   21.66 ^ hold277/A (sky130_fd_sc_hd__clkbuf_2)
                  0.03    0.12   21.78 ^ hold277/X (sky130_fd_sc_hd__clkbuf_2)
     1    0.00                           net580 (net)
                  0.03    0.00   21.78 ^ hold470/A (sky130_fd_sc_hd__clkbuf_2)
                  0.07    0.13   21.91 ^ hold470/X (sky130_fd_sc_hd__clkbuf_2)
     1    0.01                           net773 (net)
                  0.07    0.00   21.91 ^ _210_/B1 (sky130_fd_sc_hd__a31o_1)
                  0.14    0.18   22.09 ^ _210_/X (sky130_fd_sc_hd__a31o_1)
     1    0.01                           _079_ (net)
                  0.14    0.00   22.09 ^ hold722/A (sky130_fd_sc_hd__clkbuf_2)
                  0.08    0.17   22.26 ^ hold722/X (sky130_fd_sc_hd__clkbuf_2)
     1    0.01                           net1025 (net)
                  0.08    0.00   22.26 ^ hold471/A (sky130_fd_sc_hd__clkbuf_2)
                  0.08    0.15   22.41 ^ hold471/X (sky130_fd_sc_hd__clkbuf_2)
     1    0.01                           net774 (net)
                  0.08    0.00   22.41 ^ hold723/A (sky130_fd_sc_hd__clkbuf_2)
                  0.08    0.15   22.56 ^ hold723/X (sky130_fd_sc_hd__clkbuf_2)
     1    0.01                           net1026 (net)
                  0.08    0.00   22.56 ^ hold278/A (sky130_fd_sc_hd__clkbuf_2)
                  0.06    0.13   22.69 ^ hold278/X (sky130_fd_sc_hd__clkbuf_2)
     1    0.01                           net581 (net)
                  0.06    0.00   22.69 ^ hold724/A (sky130_fd_sc_hd__clkbuf_2)
                  0.06    0.12   22.82 ^ hold724/X (sky130_fd_sc_hd__clkbuf_2)
     1    0.01                           net1027 (net)
                  0.06    0.00   22.82 ^ hold472/A (sky130_fd_sc_hd__clkbuf_2)
                  0.07    0.14   22.95 ^ hold472/X (sky130_fd_sc_hd__clkbuf_2)
     1    0.01                           net775 (net)
                  0.07    0.00   22.96 ^ hold725/A (sky130_fd_sc_hd__clkbuf_2)
                  0.05    0.12   23.08 ^ hold725/X (sky130_fd_sc_hd__clkbuf_2)
     1    0.01                           net1028 (net)
                  0.05    0.00   23.08 ^ hold20/A (sky130_fd_sc_hd__clkbuf_2)
                  0.04    0.10   23.18 ^ hold20/X (sky130_fd_sc_hd__clkbuf_2)
     1    0.00                           net323 (net)
                  0.04    0.00   23.18 ^ hold473/A (sky130_fd_sc_hd__clkbuf_2)
                  0.04    0.10   23.29 ^ hold473/X (sky130_fd_sc_hd__clkbuf_2)
     1    0.01                           net776 (net)
                  0.04    0.00   23.29 ^ hold279/A (sky130_fd_sc_hd__clkbuf_2)
                  0.06    0.12   23.41 ^ hold279/X (sky130_fd_sc_hd__clkbuf_2)
     1    0.01                           net582 (net)
                  0.06    0.00   23.41 ^ hold474/A (sky130_fd_sc_hd__clkbuf_2)
                  0.03    0.11   23.52 ^ hold474/X (sky130_fd_sc_hd__clkbuf_2)
     1    0.00                           net777 (net)
                  0.03    0.00   23.52 ^ _211_/B (sky130_fd_sc_hd__and2_1)
                  0.07    0.13   23.65 ^ _211_/X (sky130_fd_sc_hd__and2_1)
     1    0.01                           _003_ (net)
                  0.07    0.00   23.65 ^ hold475/A (sky130_fd_sc_hd__clkbuf_2)
                  0.04    0.11   23.76 ^ hold475/X (sky130_fd_sc_hd__clkbuf_2)
     1    0.00                           net778 (net)
                  0.04    0.00   23.76 ^ hold280/A (sky130_fd_sc_hd__clkbuf_2)
                  0.03    0.10   23.86 ^ hold280/X (sky130_fd_sc_hd__clkbuf_2)
     1    0.00                           net583 (net)
                  0.03    0.00   23.86 ^ hold476/A (sky130_fd_sc_hd__clkbuf_2)
                  0.03    0.09   23.95 ^ hold476/X (sky130_fd_sc_hd__clkbuf_2)
     1    0.00                           net779 (net)
                  0.03    0.00   23.95 ^ hold21/A (sky130_fd_sc_hd__clkbuf_2)
                  0.04    0.10   24.05 ^ hold21/X (sky130_fd_sc_hd__clkbuf_2)
     1    0.00                           net324 (net)
                  0.04    0.00   24.05 ^ hold477/A (sky130_fd_sc_hd__clkbuf_2)
                  0.03    0.10   24.15 ^ hold477/X (sky130_fd_sc_hd__clkbuf_2)
     1    0.00                           net780 (net)
                  0.03    0.00   24.15 ^ hold281/A (sky130_fd_sc_hd__clkbuf_2)
                  0.03    0.10   24.24 ^ hold281/X (sky130_fd_sc_hd__clkbuf_2)
     1    0.00                           net584 (net)
                  0.03    0.00   24.24 ^ hold478/A (sky130_fd_sc_hd__clkbuf_2)
                  0.04    0.10   24.34 ^ hold478/X (sky130_fd_sc_hd__clkbuf_2)
     1    0.00                           net781 (net)
                  0.04    0.00   24.34 ^ _289_/D (sky130_fd_sc_hd__dfxtp_4)
                                 24.34   data arrival time

                         25.00   25.00   clock clk (rise edge)
                          4.50   29.50   clock source latency
                  0.60    0.00   29.50 ^ wb_clk_i (in)
     1    0.06                           wb_clk_i (net)
                  0.63    0.01   29.51 ^ _177_/A1 (sky130_fd_sc_hd__mux2_2)
                  0.25    0.42   29.93 ^ _177_/X (sky130_fd_sc_hd__mux2_2)
     1    0.05                           counter.clk (net)
                  0.25    0.01   29.94 ^ clkbuf_0_counter.clk/A (sky130_fd_sc_hd__clkbuf_16)
                  0.08    0.21   30.16 ^ clkbuf_0_counter.clk/X (sky130_fd_sc_hd__clkbuf_16)
     4    0.06                           clknet_0_counter.clk (net)
                  0.08    0.00   30.16 ^ clkbuf_2_3__f_counter.clk/A (sky130_fd_sc_hd__clkbuf_16)
                  0.07    0.16   30.32 ^ clkbuf_2_3__f_counter.clk/X (sky130_fd_sc_hd__clkbuf_16)
    10    0.05                           clknet_2_3__leaf_counter.clk (net)
                  0.07    0.00   30.32 ^ _289_/CLK (sky130_fd_sc_hd__dfxtp_4)
                         -0.25   30.07   clock uncertainty
                          0.00   30.07   clock reconvergence pessimism
                         -0.05   30.02   library setup time
                                 30.02   data required time
-----------------------------------------------------------------------------
                                 30.02   data required time
                                -24.34   data arrival time
-----------------------------------------------------------------------------
                                  5.68   slack (MET)


Startpoint: wbs_stb_i (input port clocked by clk)
Endpoint: _298_ (rising edge-triggered flip-flop clocked by clk)
Path Group: clk
Path Type: max

Fanout     Cap    Slew   Delay    Time   Description
-----------------------------------------------------------------------------
                          0.00    0.00   clock clk (rise edge)
                          6.00    6.00   clock network delay (propagated)
                         10.00   16.00 ^ input external delay
                  0.44    0.00   16.00 ^ wbs_stb_i (in)
     1    0.00                           wbs_stb_i (net)
                  0.44    0.00   16.00 ^ hold137/A (sky130_fd_sc_hd__clkbuf_2)
                  0.04    0.19   16.19 ^ hold137/X (sky130_fd_sc_hd__clkbuf_2)
     1    0.00                           net440 (net)
                  0.04    0.00   16.19 ^ hold76/A (sky130_fd_sc_hd__clkbuf_2)
                  0.03    0.09   16.28 ^ hold76/X (sky130_fd_sc_hd__clkbuf_2)
     1    0.00                           net379 (net)
                  0.03    0.00   16.28 ^ hold138/A (sky130_fd_sc_hd__clkbuf_2)
                  0.04    0.10   16.38 ^ hold138/X (sky130_fd_sc_hd__clkbuf_2)
     1    0.01                           net441 (net)
                  0.04    0.00   16.38 ^ input73/A (sky130_fd_sc_hd__buf_6)
                  0.11    0.15   16.54 ^ input73/X (sky130_fd_sc_hd__buf_6)
     1    0.05                           net73 (net)
                  0.11    0.01   16.54 ^ hold139/A (sky130_fd_sc_hd__clkbuf_4)
                  0.20    0.28   16.82 ^ hold139/X (sky130_fd_sc_hd__clkbuf_4)
     2    0.06                           net442 (net)
                  0.20    0.01   16.84 ^ hold77/A (sky130_fd_sc_hd__clkbuf_4)
                  0.17    0.29   17.13 ^ hold77/X (sky130_fd_sc_hd__clkbuf_4)
     1    0.05                           net380 (net)
                  0.17    0.01   17.14 ^ hold140/A (sky130_fd_sc_hd__buf_4)
                  0.16    0.24   17.38 ^ hold140/X (sky130_fd_sc_hd__buf_4)
     2    0.05                           net443 (net)
                  0.16    0.01   17.39 ^ _179_/A (sky130_fd_sc_hd__nand2_1)
                  0.10    0.13   17.52 v _179_/Y (sky130_fd_sc_hd__nand2_1)
     1    0.01                           _051_ (net)
                  0.10    0.00   17.52 v hold141/A (sky130_fd_sc_hd__clkbuf_2)
                  0.04    0.15   17.67 v hold141/X (sky130_fd_sc_hd__clkbuf_2)
     1    0.01                           net444 (net)
                  0.04    0.00   17.67 v hold95/A (sky130_fd_sc_hd__clkbuf_2)
                  0.04    0.12   17.78 v hold95/X (sky130_fd_sc_hd__clkbuf_2)
     1    0.01                           net398 (net)
                  0.04    0.00   17.78 v hold142/A (sky130_fd_sc_hd__clkbuf_2)
                  0.03    0.11   17.89 v hold142/X (sky130_fd_sc_hd__clkbuf_2)
     1    0.01                           net445 (net)
                  0.03    0.00   17.89 v hold78/A (sky130_fd_sc_hd__clkbuf_2)
                  0.03    0.10   17.99 v hold78/X (sky130_fd_sc_hd__clkbuf_2)
     1    0.00                           net381 (net)
                  0.03    0.00   17.99 v hold143/A (sky130_fd_sc_hd__clkbuf_2)
                  0.02    0.09   18.08 v hold143/X (sky130_fd_sc_hd__clkbuf_2)
     1    0.00                           net446 (net)
                  0.02    0.00   18.08 v hold96/A (sky130_fd_sc_hd__clkbuf_2)
                  0.02    0.09   18.18 v hold96/X (sky130_fd_sc_hd__clkbuf_2)
     1    0.00                           net399 (net)
                  0.02    0.00   18.18 v hold144/A (sky130_fd_sc_hd__clkbuf_2)
                  0.09    0.15   18.33 v hold144/X (sky130_fd_sc_hd__clkbuf_2)
     1    0.02                           net447 (net)
                  0.09    0.00   18.33 v fanout171/A (sky130_fd_sc_hd__clkbuf_2)
                  0.09    0.19   18.51 v fanout171/X (sky130_fd_sc_hd__clkbuf_2)
     1    0.02                           net171 (net)
                  0.09    0.00   18.52 v hold145/A (sky130_fd_sc_hd__clkbuf_2)
                  0.03    0.13   18.64 v hold145/X (sky130_fd_sc_hd__clkbuf_2)
     1    0.00                           net448 (net)
                  0.03    0.00   18.64 v hold97/A (sky130_fd_sc_hd__clkbuf_2)
                  0.03    0.10   18.75 v hold97/X (sky130_fd_sc_hd__clkbuf_2)
     1    0.01                           net400 (net)
                  0.03    0.00   18.75 v hold146/A (sky130_fd_sc_hd__clkbuf_2)
                  0.04    0.11   18.86 v hold146/X (sky130_fd_sc_hd__clkbuf_2)
     1    0.01                           net449 (net)
                  0.04    0.00   18.86 v hold79/A (sky130_fd_sc_hd__clkbuf_2)
                  0.03    0.11   18.97 v hold79/X (sky130_fd_sc_hd__clkbuf_2)
     1    0.01                           net382 (net)
                  0.03    0.00   18.97 v hold147/A (sky130_fd_sc_hd__clkbuf_2)
                  0.03    0.10   19.07 v hold147/X (sky130_fd_sc_hd__clkbuf_2)
     1    0.00                           net450 (net)
                  0.03    0.00   19.07 v hold98/A (sky130_fd_sc_hd__clkbuf_2)
                  0.09    0.16   19.23 v hold98/X (sky130_fd_sc_hd__clkbuf_2)
     2    0.02                           net401 (net)
                  0.09    0.00   19.23 v _180_/B (sky130_fd_sc_hd__nor2_1)
                  0.25    0.24   19.46 ^ _180_/Y (sky130_fd_sc_hd__nor2_1)
     1    0.01                           _052_ (net)
                  0.25    0.00   19.46 ^ hold99/A (sky130_fd_sc_hd__clkbuf_2)
                  0.14    0.24   19.71 ^ hold99/X (sky130_fd_sc_hd__clkbuf_2)
     1    0.02                           net402 (net)
                  0.14    0.00   19.71 ^ hold80/A (sky130_fd_sc_hd__clkbuf_2)
                  0.07    0.16   19.87 ^ hold80/X (sky130_fd_sc_hd__clkbuf_2)
     1    0.01                           net383 (net)
                  0.07    0.00   19.87 ^ hold100/A (sky130_fd_sc_hd__clkbuf_2)
                  0.14    0.19   20.07 ^ hold100/X (sky130_fd_sc_hd__clkbuf_2)
     3    0.03                           net403 (net)
                  0.14    0.00   20.07 ^ _245_/C (sky130_fd_sc_hd__and3_4)
                  0.15    0.30   20.37 ^ _245_/X (sky130_fd_sc_hd__and3_4)
     6    0.04                           _108_ (net)
                  0.15    0.00   20.37 ^ _262_/B1 (sky130_fd_sc_hd__a32o_1)
                  0.07    0.17   20.54 ^ _262_/X (sky130_fd_sc_hd__a32o_1)
     1    0.01                           _122_ (net)
                  0.07    0.00   20.54 ^ hold789/A (sky130_fd_sc_hd__clkbuf_2)
                  0.03    0.11   20.65 ^ hold789/X (sky130_fd_sc_hd__clkbuf_2)
     1    0.00                           net1092 (net)
                  0.03    0.00   20.65 ^ hold580/A (sky130_fd_sc_hd__clkbuf_2)
                  0.03    0.09   20.74 ^ hold580/X (sky130_fd_sc_hd__clkbuf_2)
     1    0.00                           net883 (net)
                  0.03    0.00   20.74 ^ hold790/A (sky130_fd_sc_hd__clkbuf_2)
                  0.03    0.09   20.83 ^ hold790/X (sky130_fd_sc_hd__clkbuf_2)
     1    0.00                           net1093 (net)
                  0.03    0.00   20.83 ^ hold360/A (sky130_fd_sc_hd__clkbuf_2)
                  0.03    0.09   20.92 ^ hold360/X (sky130_fd_sc_hd__clkbuf_2)
     1    0.00                           net663 (net)
                  0.03    0.00   20.92 ^ hold791/A (sky130_fd_sc_hd__clkbuf_2)
                  0.03    0.09   21.01 ^ hold791/X (sky130_fd_sc_hd__clkbuf_2)
     1    0.00                           net1094 (net)
                  0.03    0.00   21.01 ^ hold581/A (sky130_fd_sc_hd__clkbuf_2)
                  0.06    0.12   21.13 ^ hold581/X (sky130_fd_sc_hd__clkbuf_2)
     1    0.01                           net884 (net)
                  0.06    0.00   21.13 ^ hold58/A (sky130_fd_sc_hd__clkbuf_2)
                  0.07    0.14   21.26 ^ hold58/X (sky130_fd_sc_hd__clkbuf_2)
     1    0.01                           net361 (net)
                  0.07    0.00   21.26 ^ hold582/A (sky130_fd_sc_hd__clkbuf_2)
                  0.12    0.18   21.44 ^ hold582/X (sky130_fd_sc_hd__clkbuf_2)
     1    0.02                           net885 (net)
                  0.12    0.00   21.44 ^ hold361/A (sky130_fd_sc_hd__clkbuf_2)
                  0.03    0.13   21.57 ^ hold361/X (sky130_fd_sc_hd__clkbuf_2)
     1    0.00                           net664 (net)
                  0.03    0.00   21.57 ^ hold583/A (sky130_fd_sc_hd__clkbuf_2)
                  0.07    0.12   21.69 ^ hold583/X (sky130_fd_sc_hd__clkbuf_2)
     1    0.01                           net886 (net)
                  0.07    0.00   21.69 ^ _263_/B1 (sky130_fd_sc_hd__a31o_1)
                  0.14    0.17   21.87 ^ _263_/X (sky130_fd_sc_hd__a31o_1)
     1    0.01                           _123_ (net)
                  0.14    0.00   21.87 ^ hold792/A (sky130_fd_sc_hd__clkbuf_2)
                  0.06    0.15   22.02 ^ hold792/X (sky130_fd_sc_hd__clkbuf_2)
     1    0.01                           net1095 (net)
                  0.06    0.00   22.02 ^ hold584/A (sky130_fd_sc_hd__clkbuf_2)
                  0.06    0.12   22.14 ^ hold584/X (sky130_fd_sc_hd__clkbuf_2)
     1    0.01                           net887 (net)
                  0.06    0.00   22.14 ^ hold793/A (sky130_fd_sc_hd__clkbuf_2)
                  0.06    0.13   22.27 ^ hold793/X (sky130_fd_sc_hd__clkbuf_2)
     1    0.01                           net1096 (net)
                  0.06    0.00   22.27 ^ hold362/A (sky130_fd_sc_hd__clkbuf_2)
                  0.05    0.12   22.39 ^ hold362/X (sky130_fd_sc_hd__clkbuf_2)
     1    0.01                           net665 (net)
                  0.05    0.00   22.40 ^ hold794/A (sky130_fd_sc_hd__clkbuf_2)
                  0.04    0.11   22.51 ^ hold794/X (sky130_fd_sc_hd__clkbuf_2)
     1    0.01                           net1097 (net)
                  0.04    0.00   22.51 ^ hold585/A (sky130_fd_sc_hd__clkbuf_2)
                  0.09    0.14   22.65 ^ hold585/X (sky130_fd_sc_hd__clkbuf_2)
     1    0.01                           net888 (net)
                  0.09    0.00   22.65 ^ hold795/A (sky130_fd_sc_hd__clkbuf_2)
                  0.08    0.16   22.81 ^ hold795/X (sky130_fd_sc_hd__clkbuf_2)
     1    0.01                           net1098 (net)
                  0.08    0.00   22.81 ^ hold59/A (sky130_fd_sc_hd__clkbuf_2)
                  0.05    0.13   22.93 ^ hold59/X (sky130_fd_sc_hd__clkbuf_2)
     1    0.01                           net362 (net)
                  0.05    0.00   22.93 ^ hold586/A (sky130_fd_sc_hd__clkbuf_2)
                  0.03    0.10   23.03 ^ hold586/X (sky130_fd_sc_hd__clkbuf_2)
     1    0.00                           net889 (net)
                  0.03    0.00   23.03 ^ hold363/A (sky130_fd_sc_hd__clkbuf_2)
                  0.03    0.10   23.13 ^ hold363/X (sky130_fd_sc_hd__clkbuf_2)
     1    0.00                           net666 (net)
                  0.03    0.00   23.13 ^ hold587/A (sky130_fd_sc_hd__clkbuf_2)
                  0.05    0.11   23.24 ^ hold587/X (sky130_fd_sc_hd__clkbuf_2)
     1    0.01                           net890 (net)
                  0.05    0.00   23.24 ^ _264_/B (sky130_fd_sc_hd__and2_1)
                  0.14    0.20   23.44 ^ _264_/X (sky130_fd_sc_hd__and2_1)
     1    0.01                           _012_ (net)
                  0.14    0.00   23.44 ^ hold588/A (sky130_fd_sc_hd__clkbuf_2)
                  0.04    0.14   23.58 ^ hold588/X (sky130_fd_sc_hd__clkbuf_2)
     1    0.01                           net891 (net)
                  0.04    0.00   23.58 ^ hold364/A (sky130_fd_sc_hd__clkbuf_2)
                  0.05    0.11   23.69 ^ hold364/X (sky130_fd_sc_hd__clkbuf_2)
     1    0.01                           net667 (net)
                  0.05    0.00   23.69 ^ hold589/A (sky130_fd_sc_hd__clkbuf_2)
                  0.05    0.11   23.80 ^ hold589/X (sky130_fd_sc_hd__clkbuf_2)
     1    0.01                           net892 (net)
                  0.05    0.00   23.80 ^ hold60/A (sky130_fd_sc_hd__clkbuf_2)
                  0.05    0.12   23.92 ^ hold60/X (sky130_fd_sc_hd__clkbuf_2)
     1    0.01                           net363 (net)
                  0.05    0.00   23.92 ^ hold590/A (sky130_fd_sc_hd__clkbuf_2)
                  0.05    0.11   24.03 ^ hold590/X (sky130_fd_sc_hd__clkbuf_2)
     1    0.01                           net893 (net)
                  0.05    0.00   24.03 ^ hold365/A (sky130_fd_sc_hd__clkbuf_2)
                  0.05    0.11   24.14 ^ hold365/X (sky130_fd_sc_hd__clkbuf_2)
     1    0.01                           net668 (net)
                  0.05    0.00   24.14 ^ hold591/A (sky130_fd_sc_hd__clkbuf_2)
                  0.05    0.11   24.26 ^ hold591/X (sky130_fd_sc_hd__clkbuf_2)
     1    0.01                           net894 (net)
                  0.05    0.00   24.26 ^ _298_/D (sky130_fd_sc_hd__dfxtp_4)
                                 24.26   data arrival time

                         25.00   25.00   clock clk (rise edge)
                          4.50   29.50   clock source latency
                  0.60    0.00   29.50 ^ wb_clk_i (in)
     1    0.06                           wb_clk_i (net)
                  0.63    0.01   29.51 ^ _177_/A1 (sky130_fd_sc_hd__mux2_2)
                  0.25    0.42   29.93 ^ _177_/X (sky130_fd_sc_hd__mux2_2)
     1    0.05                           counter.clk (net)
                  0.25    0.01   29.94 ^ clkbuf_0_counter.clk/A (sky130_fd_sc_hd__clkbuf_16)
                  0.08    0.21   30.16 ^ clkbuf_0_counter.clk/X (sky130_fd_sc_hd__clkbuf_16)
     4    0.06                           clknet_0_counter.clk (net)
                  0.08    0.00   30.16 ^ clkbuf_2_2__f_counter.clk/A (sky130_fd_sc_hd__clkbuf_16)
                  0.09    0.17   30.33 ^ clkbuf_2_2__f_counter.clk/X (sky130_fd_sc_hd__clkbuf_16)
     9    0.07                           clknet_2_2__leaf_counter.clk (net)
                  0.09    0.00   30.33 ^ _298_/CLK (sky130_fd_sc_hd__dfxtp_4)
                         -0.25   30.08   clock uncertainty
                          0.00   30.08   clock reconvergence pessimism
                         -0.06   30.03   library setup time
                                 30.03   data required time
-----------------------------------------------------------------------------
                                 30.03   data required time
                                -24.26   data arrival time
-----------------------------------------------------------------------------
                                  5.77   slack (MET)


Startpoint: wbs_stb_i (input port clocked by clk)
Endpoint: _297_ (rising edge-triggered flip-flop clocked by clk)
Path Group: clk
Path Type: max

Fanout     Cap    Slew   Delay    Time   Description
-----------------------------------------------------------------------------
                          0.00    0.00   clock clk (rise edge)
                          6.00    6.00   clock network delay (propagated)
                         10.00   16.00 ^ input external delay
                  0.44    0.00   16.00 ^ wbs_stb_i (in)
     1    0.00                           wbs_stb_i (net)
                  0.44    0.00   16.00 ^ hold137/A (sky130_fd_sc_hd__clkbuf_2)
                  0.04    0.19   16.19 ^ hold137/X (sky130_fd_sc_hd__clkbuf_2)
     1    0.00                           net440 (net)
                  0.04    0.00   16.19 ^ hold76/A (sky130_fd_sc_hd__clkbuf_2)
                  0.03    0.09   16.28 ^ hold76/X (sky130_fd_sc_hd__clkbuf_2)
     1    0.00                           net379 (net)
                  0.03    0.00   16.28 ^ hold138/A (sky130_fd_sc_hd__clkbuf_2)
                  0.04    0.10   16.38 ^ hold138/X (sky130_fd_sc_hd__clkbuf_2)
     1    0.01                           net441 (net)
                  0.04    0.00   16.38 ^ input73/A (sky130_fd_sc_hd__buf_6)
                  0.11    0.15   16.54 ^ input73/X (sky130_fd_sc_hd__buf_6)
     1    0.05                           net73 (net)
                  0.11    0.01   16.54 ^ hold139/A (sky130_fd_sc_hd__clkbuf_4)
                  0.20    0.28   16.82 ^ hold139/X (sky130_fd_sc_hd__clkbuf_4)
     2    0.06                           net442 (net)
                  0.20    0.01   16.84 ^ hold77/A (sky130_fd_sc_hd__clkbuf_4)
                  0.17    0.29   17.13 ^ hold77/X (sky130_fd_sc_hd__clkbuf_4)
     1    0.05                           net380 (net)
                  0.17    0.01   17.14 ^ hold140/A (sky130_fd_sc_hd__buf_4)
                  0.16    0.24   17.38 ^ hold140/X (sky130_fd_sc_hd__buf_4)
     2    0.05                           net443 (net)
                  0.16    0.01   17.39 ^ _179_/A (sky130_fd_sc_hd__nand2_1)
                  0.10    0.13   17.52 v _179_/Y (sky130_fd_sc_hd__nand2_1)
     1    0.01                           _051_ (net)
                  0.10    0.00   17.52 v hold141/A (sky130_fd_sc_hd__clkbuf_2)
                  0.04    0.15   17.67 v hold141/X (sky130_fd_sc_hd__clkbuf_2)
     1    0.01                           net444 (net)
                  0.04    0.00   17.67 v hold95/A (sky130_fd_sc_hd__clkbuf_2)
                  0.04    0.12   17.78 v hold95/X (sky130_fd_sc_hd__clkbuf_2)
     1    0.01                           net398 (net)
                  0.04    0.00   17.78 v hold142/A (sky130_fd_sc_hd__clkbuf_2)
                  0.03    0.11   17.89 v hold142/X (sky130_fd_sc_hd__clkbuf_2)
     1    0.01                           net445 (net)
                  0.03    0.00   17.89 v hold78/A (sky130_fd_sc_hd__clkbuf_2)
                  0.03    0.10   17.99 v hold78/X (sky130_fd_sc_hd__clkbuf_2)
     1    0.00                           net381 (net)
                  0.03    0.00   17.99 v hold143/A (sky130_fd_sc_hd__clkbuf_2)
                  0.02    0.09   18.08 v hold143/X (sky130_fd_sc_hd__clkbuf_2)
     1    0.00                           net446 (net)
                  0.02    0.00   18.08 v hold96/A (sky130_fd_sc_hd__clkbuf_2)
                  0.02    0.09   18.18 v hold96/X (sky130_fd_sc_hd__clkbuf_2)
     1    0.00                           net399 (net)
                  0.02    0.00   18.18 v hold144/A (sky130_fd_sc_hd__clkbuf_2)
                  0.09    0.15   18.33 v hold144/X (sky130_fd_sc_hd__clkbuf_2)
     1    0.02                           net447 (net)
                  0.09    0.00   18.33 v fanout171/A (sky130_fd_sc_hd__clkbuf_2)
                  0.09    0.19   18.51 v fanout171/X (sky130_fd_sc_hd__clkbuf_2)
     1    0.02                           net171 (net)
                  0.09    0.00   18.52 v hold145/A (sky130_fd_sc_hd__clkbuf_2)
                  0.03    0.13   18.64 v hold145/X (sky130_fd_sc_hd__clkbuf_2)
     1    0.00                           net448 (net)
                  0.03    0.00   18.64 v hold97/A (sky130_fd_sc_hd__clkbuf_2)
                  0.03    0.10   18.75 v hold97/X (sky130_fd_sc_hd__clkbuf_2)
     1    0.01                           net400 (net)
                  0.03    0.00   18.75 v hold146/A (sky130_fd_sc_hd__clkbuf_2)
                  0.04    0.11   18.86 v hold146/X (sky130_fd_sc_hd__clkbuf_2)
     1    0.01                           net449 (net)
                  0.04    0.00   18.86 v hold79/A (sky130_fd_sc_hd__clkbuf_2)
                  0.03    0.11   18.97 v hold79/X (sky130_fd_sc_hd__clkbuf_2)
     1    0.01                           net382 (net)
                  0.03    0.00   18.97 v hold147/A (sky130_fd_sc_hd__clkbuf_2)
                  0.03    0.10   19.07 v hold147/X (sky130_fd_sc_hd__clkbuf_2)
     1    0.00                           net450 (net)
                  0.03    0.00   19.07 v hold98/A (sky130_fd_sc_hd__clkbuf_2)
                  0.09    0.16   19.23 v hold98/X (sky130_fd_sc_hd__clkbuf_2)
     2    0.02                           net401 (net)
                  0.09    0.00   19.23 v _180_/B (sky130_fd_sc_hd__nor2_1)
                  0.25    0.24   19.46 ^ _180_/Y (sky130_fd_sc_hd__nor2_1)
     1    0.01                           _052_ (net)
                  0.25    0.00   19.46 ^ hold99/A (sky130_fd_sc_hd__clkbuf_2)
                  0.14    0.24   19.71 ^ hold99/X (sky130_fd_sc_hd__clkbuf_2)
     1    0.02                           net402 (net)
                  0.14    0.00   19.71 ^ hold80/A (sky130_fd_sc_hd__clkbuf_2)
                  0.07    0.16   19.87 ^ hold80/X (sky130_fd_sc_hd__clkbuf_2)
     1    0.01                           net383 (net)
                  0.07    0.00   19.87 ^ hold100/A (sky130_fd_sc_hd__clkbuf_2)
                  0.14    0.19   20.07 ^ hold100/X (sky130_fd_sc_hd__clkbuf_2)
     3    0.03                           net403 (net)
                  0.14    0.00   20.07 ^ _245_/C (sky130_fd_sc_hd__and3_4)
                  0.15    0.30   20.37 ^ _245_/X (sky130_fd_sc_hd__and3_4)
     6    0.04                           _108_ (net)
                  0.15    0.00   20.37 ^ hold636/A (sky130_fd_sc_hd__buf_2)
                  0.16    0.23   20.60 ^ hold636/X (sky130_fd_sc_hd__buf_2)
     3    0.03                           net939 (net)
                  0.16    0.00   20.61 ^ _258_/B1 (sky130_fd_sc_hd__a32o_1)
                  0.10    0.20   20.80 ^ _258_/X (sky130_fd_sc_hd__a32o_1)
     1    0.01                           _119_ (net)
                  0.10    0.00   20.80 ^ hold685/A (sky130_fd_sc_hd__clkbuf_2)
                  0.03    0.12   20.93 ^ hold685/X (sky130_fd_sc_hd__clkbuf_2)
     1    0.00                           net988 (net)
                  0.03    0.00   20.93 ^ hold457/A (sky130_fd_sc_hd__clkbuf_2)
                  0.06    0.12   21.05 ^ hold457/X (sky130_fd_sc_hd__clkbuf_2)
     1    0.01                           net760 (net)
                  0.06    0.00   21.05 ^ hold686/A (sky130_fd_sc_hd__clkbuf_2)
                  0.03    0.11   21.15 ^ hold686/X (sky130_fd_sc_hd__clkbuf_2)
     1    0.00                           net989 (net)
                  0.03    0.00   21.15 ^ hold269/A (sky130_fd_sc_hd__clkbuf_2)
                  0.06    0.11   21.27 ^ hold269/X (sky130_fd_sc_hd__clkbuf_2)
     1    0.01                           net572 (net)
                  0.06    0.00   21.27 ^ hold687/A (sky130_fd_sc_hd__clkbuf_2)
                  0.07    0.14   21.40 ^ hold687/X (sky130_fd_sc_hd__clkbuf_2)
     1    0.01                           net990 (net)
                  0.07    0.00   21.40 ^ hold458/A (sky130_fd_sc_hd__clkbuf_2)
                  0.06    0.13   21.54 ^ hold458/X (sky130_fd_sc_hd__clkbuf_2)
     1    0.01                           net761 (net)
                  0.06    0.00   21.54 ^ hold688/A (sky130_fd_sc_hd__clkbuf_2)
                  0.10    0.16   21.69 ^ hold688/X (sky130_fd_sc_hd__clkbuf_2)
     1    0.02                           net991 (net)
                  0.10    0.00   21.69 ^ hold24/A (sky130_fd_sc_hd__clkbuf_2)
                  0.03    0.12   21.81 ^ hold24/X (sky130_fd_sc_hd__clkbuf_2)
     1    0.00                           net327 (net)
                  0.03    0.00   21.81 ^ hold689/A (sky130_fd_sc_hd__clkbuf_2)
                  0.03    0.09   21.90 ^ hold689/X (sky130_fd_sc_hd__clkbuf_2)
     1    0.00                           net992 (net)
                  0.03    0.00   21.90 ^ hold459/A (sky130_fd_sc_hd__clkbuf_2)
                  0.06    0.12   22.02 ^ hold459/X (sky130_fd_sc_hd__clkbuf_2)
     1    0.01                           net762 (net)
                  0.06    0.00   22.02 ^ hold690/A (sky130_fd_sc_hd__clkbuf_2)
                  0.07    0.13   22.15 ^ hold690/X (sky130_fd_sc_hd__clkbuf_2)
     1    0.01                           net993 (net)
                  0.07    0.00   22.15 ^ hold270/A (sky130_fd_sc_hd__clkbuf_2)
                  0.06    0.13   22.28 ^ hold270/X (sky130_fd_sc_hd__clkbuf_2)
     1    0.01                           net573 (net)
                  0.06    0.00   22.28 ^ hold691/A (sky130_fd_sc_hd__clkbuf_2)
                  0.05    0.12   22.40 ^ hold691/X (sky130_fd_sc_hd__clkbuf_2)
     1    0.01                           net994 (net)
                  0.05    0.00   22.40 ^ hold460/A (sky130_fd_sc_hd__clkbuf_2)
                  0.04    0.11   22.51 ^ hold460/X (sky130_fd_sc_hd__clkbuf_2)
     1    0.01                           net763 (net)
                  0.04    0.00   22.51 ^ hold692/A (sky130_fd_sc_hd__clkbuf_2)
                  0.04    0.10   22.61 ^ hold692/X (sky130_fd_sc_hd__clkbuf_2)
     1    0.00                           net995 (net)
                  0.04    0.00   22.61 ^ _259_/A2 (sky130_fd_sc_hd__o21a_1)
                  0.08    0.13   22.74 ^ _259_/X (sky130_fd_sc_hd__o21a_1)
     1    0.01                           _011_ (net)
                  0.08    0.00   22.74 ^ hold693/A (sky130_fd_sc_hd__clkbuf_2)
                  0.04    0.12   22.86 ^ hold693/X (sky130_fd_sc_hd__clkbuf_2)
     1    0.00                           net996 (net)
                  0.04    0.00   22.86 ^ hold461/A (sky130_fd_sc_hd__clkbuf_2)
                  0.04    0.10   22.96 ^ hold461/X (sky130_fd_sc_hd__clkbuf_2)
     1    0.00                           net764 (net)
                  0.04    0.00   22.96 ^ hold694/A (sky130_fd_sc_hd__clkbuf_2)
                  0.03    0.10   23.05 ^ hold694/X (sky130_fd_sc_hd__clkbuf_2)
     1    0.00                           net997 (net)
                  0.03    0.00   23.05 ^ hold271/A (sky130_fd_sc_hd__clkbuf_2)
                  0.04    0.10   23.16 ^ hold271/X (sky130_fd_sc_hd__clkbuf_2)
     1    0.01                           net574 (net)
                  0.04    0.00   23.16 ^ hold695/A (sky130_fd_sc_hd__clkbuf_2)
                  0.04    0.10   23.26 ^ hold695/X (sky130_fd_sc_hd__clkbuf_2)
     1    0.00                           net998 (net)
                  0.04    0.00   23.26 ^ hold462/A (sky130_fd_sc_hd__clkbuf_2)
                  0.04    0.10   23.36 ^ hold462/X (sky130_fd_sc_hd__clkbuf_2)
     1    0.00                           net765 (net)
                  0.04    0.00   23.36 ^ hold696/A (sky130_fd_sc_hd__clkbuf_2)
                  0.04    0.10   23.45 ^ hold696/X (sky130_fd_sc_hd__clkbuf_2)
     1    0.00                           net999 (net)
                  0.04    0.00   23.45 ^ hold25/A (sky130_fd_sc_hd__clkbuf_2)
                  0.03    0.09   23.55 ^ hold25/X (sky130_fd_sc_hd__clkbuf_2)
     1    0.00                           net328 (net)
                  0.03    0.00   23.55 ^ hold697/A (sky130_fd_sc_hd__clkbuf_2)
                  0.03    0.09   23.64 ^ hold697/X (sky130_fd_sc_hd__clkbuf_2)
     1    0.00                           net1000 (net)
                  0.03    0.00   23.64 ^ hold463/A (sky130_fd_sc_hd__clkbuf_2)
                  0.04    0.10   23.75 ^ hold463/X (sky130_fd_sc_hd__clkbuf_2)
     1    0.01                           net766 (net)
                  0.04    0.00   23.75 ^ hold698/A (sky130_fd_sc_hd__clkbuf_2)
                  0.03    0.10   23.84 ^ hold698/X (sky130_fd_sc_hd__clkbuf_2)
     1    0.00                           net1001 (net)
                  0.03    0.00   23.84 ^ hold272/A (sky130_fd_sc_hd__clkbuf_2)
                  0.03    0.10   23.94 ^ hold272/X (sky130_fd_sc_hd__clkbuf_2)
     1    0.00                           net575 (net)
                  0.03    0.00   23.94 ^ hold699/A (sky130_fd_sc_hd__clkbuf_2)
                  0.04    0.10   24.04 ^ hold699/X (sky130_fd_sc_hd__clkbuf_2)
     1    0.00                           net1002 (net)
                  0.04    0.00   24.04 ^ hold464/A (sky130_fd_sc_hd__clkbuf_2)
                  0.04    0.10   24.13 ^ hold464/X (sky130_fd_sc_hd__clkbuf_2)
     1    0.00                           net767 (net)
                  0.04    0.00   24.13 ^ hold700/A (sky130_fd_sc_hd__clkbuf_2)
                  0.04    0.10   24.24 ^ hold700/X (sky130_fd_sc_hd__clkbuf_2)
     1    0.01                           net1003 (net)
                  0.04    0.00   24.24 ^ _297_/D (sky130_fd_sc_hd__dfxtp_4)
                                 24.24   data arrival time

                         25.00   25.00   clock clk (rise edge)
                          4.50   29.50   clock source latency
                  0.60    0.00   29.50 ^ wb_clk_i (in)
     1    0.06                           wb_clk_i (net)
                  0.63    0.01   29.51 ^ _177_/A1 (sky130_fd_sc_hd__mux2_2)
                  0.25    0.42   29.93 ^ _177_/X (sky130_fd_sc_hd__mux2_2)
     1    0.05                           counter.clk (net)
                  0.25    0.01   29.94 ^ clkbuf_0_counter.clk/A (sky130_fd_sc_hd__clkbuf_16)
                  0.08    0.21   30.16 ^ clkbuf_0_counter.clk/X (sky130_fd_sc_hd__clkbuf_16)
     4    0.06                           clknet_0_counter.clk (net)
                  0.08    0.00   30.16 ^ clkbuf_2_2__f_counter.clk/A (sky130_fd_sc_hd__clkbuf_16)
                  0.09    0.17   30.33 ^ clkbuf_2_2__f_counter.clk/X (sky130_fd_sc_hd__clkbuf_16)
     9    0.07                           clknet_2_2__leaf_counter.clk (net)
                  0.09    0.00   30.33 ^ _297_/CLK (sky130_fd_sc_hd__dfxtp_4)
                         -0.25   30.08   clock uncertainty
                          0.00   30.08   clock reconvergence pessimism
                         -0.05   30.03   library setup time
                                 30.03   data required time
-----------------------------------------------------------------------------
                                 30.03   data required time
                                -24.24   data arrival time
-----------------------------------------------------------------------------
                                  5.79   slack (MET)


