
===========================================================================
 report_power
============================================================================
======================= max_tt_025C_1v80 Corner ===================================

Group                    Internal    Switching      Leakage        Total
                            Power        Power        Power        Power (Watts)
------------------------------------------------------------------------
Sequential           3.042462e-05 3.946590e-05 2.836712e-10 6.989080e-05  12.1%
Combinational        1.524885e-04 3.538599e-04 2.334827e-07 5.065819e-04  87.9%
Macro                0.000000e+00 0.000000e+00 0.000000e+00 0.000000e+00   0.0%
Pad                  0.000000e+00 0.000000e+00 0.000000e+00 0.000000e+00   0.0%
------------------------------------------------------------------------
Total                1.829132e-04 3.933257e-04 2.337664e-07 5.764726e-04 100.0%
                            31.7%        68.2%         0.0%

