┏━━━━━━━━━━━━━━━━━┳━━━━━━━━━━━━━━━━━┳━━━━━━━━━━━━━━━━━┳━━━━━━━━━━━━━━━━━┳━━━━━━━━━━━━━━━━┳━━━━━━━━━━━━━━━━━┳━━━━━━━━━━━━━━━━┓
┃                 ┃                 ┃ of which        ┃ Setup           ┃ of which       ┃ Max Cap         ┃ Max Slew       ┃
┃ Corner/Group    ┃ Hold Violations ┃ reg-to-reg      ┃ Violations      ┃ reg-to-reg     ┃ Violations      ┃ Violations     ┃
┡━━━━━━━━━━━━━━━━━╇━━━━━━━━━━━━━━━━━╇━━━━━━━━━━━━━━━━━╇━━━━━━━━━━━━━━━━━╇━━━━━━━━━━━━━━━━╇━━━━━━━━━━━━━━━━━╇━━━━━━━━━━━━━━━━┩
│ Overall         │ 0               │ 0               │ 0               │ 0              │ 0               │ 0              │
│ nom_tt_025C_1v… │ 0               │ 0               │ 0               │ 0              │ 0               │ 0              │
│ nom_ss_100C_1v… │ 0               │ 0               │ 0               │ 0              │ 0               │ 0              │
│ nom_ff_n40C_1v… │ 0               │ 0               │ 0               │ 0              │ 0               │ 0              │
│ min_tt_025C_1v… │ 0               │ 0               │ 0               │ 0              │ 0               │ 0              │
│ min_ss_100C_1v… │ 0               │ 0               │ 0               │ 0              │ 0               │ 0              │
│ min_ff_n40C_1v… │ 0               │ 0               │ 0               │ 0              │ 0               │ 0              │
│ max_tt_025C_1v… │ 0               │ 0               │ 0               │ 0              │ 0               │ 0              │
│ max_ss_100C_1v… │ 0               │ 0               │ 0               │ 0              │ 0               │ 0              │
│ max_ff_n40C_1v… │ 0               │ 0               │ 0               │ 0              │ 0               │ 0              │
└─────────────────┴─────────────────┴─────────────────┴─────────────────┴────────────────┴─────────────────┴────────────────┘
