
===========================================================================
 report_power
============================================================================
======================= min_tt_025C_1v80 Corner ===================================

Group                    Internal    Switching      Leakage        Total
                            Power        Power        Power        Power (Watts)
------------------------------------------------------------------------
Sequential           3.046143e-05 3.526325e-05 2.836712e-10 6.572495e-05  12.0%
Combinational        1.523010e-04 3.306400e-04 2.334827e-07 4.831745e-04  88.0%
Macro                0.000000e+00 0.000000e+00 0.000000e+00 0.000000e+00   0.0%
Pad                  0.000000e+00 0.000000e+00 0.000000e+00 0.000000e+00   0.0%
------------------------------------------------------------------------
Total                1.827625e-04 3.659032e-04 2.337664e-07 5.488995e-04 100.0%
                            33.3%        66.7%         0.0%

