
===========================================================================
report_checks -path_delay max (Setup)
============================================================================
Startpoint: _506_ (rising edge-triggered flip-flop clocked by clk)
Endpoint: wbs_ack_o (output port clocked by clk)
Path Group: clk
Path Type: max

Fanout     Cap    Slew   Delay    Time   Description
-----------------------------------------------------------------------------
                          0.00    0.00   clock clk (rise edge)
                          7.25    7.25   clock source latency
                  1.16    0.00    7.25 ^ wb_clk_i (in)
     1    0.01                           wb_clk_i (net)
                  1.16    0.00    7.25 ^ _280_/A1 (sky130_fd_sc_hd__mux2_2)
                  0.10    0.37    7.62 ^ _280_/X (sky130_fd_sc_hd__mux2_2)
     1    0.01                           mprj.clk (net)
                  0.10    0.00    7.62 ^ wire2/A (sky130_fd_sc_hd__buf_12)
                  0.13    0.17    7.79 ^ wire2/X (sky130_fd_sc_hd__buf_12)
     2    0.12                           net537 (net)
                  0.17    0.06    7.85 ^ wire1/A (sky130_fd_sc_hd__buf_12)
                  0.15    0.19    8.05 ^ wire1/X (sky130_fd_sc_hd__buf_12)
     2    0.13                           net536 (net)
                  0.20    0.07    8.12 ^ clkbuf_0_mprj.clk/A (sky130_fd_sc_hd__clkbuf_16)
                  0.12    0.25    8.37 ^ clkbuf_0_mprj.clk/X (sky130_fd_sc_hd__clkbuf_16)
     2    0.11                           clknet_0_mprj.clk (net)
                  0.12    0.01    8.38 ^ clkbuf_1_0_0_mprj.clk/A (sky130_fd_sc_hd__clkbuf_8)
                  0.08    0.19    8.56 ^ clkbuf_1_0_0_mprj.clk/X (sky130_fd_sc_hd__clkbuf_8)
     2    0.04                           clknet_1_0_0_mprj.clk (net)
                  0.08    0.01    8.57 ^ clkbuf_2_0_0_mprj.clk/A (sky130_fd_sc_hd__clkbuf_8)
                  0.09    0.18    8.75 ^ clkbuf_2_0_0_mprj.clk/X (sky130_fd_sc_hd__clkbuf_8)
     1    0.04                           clknet_2_0_0_mprj.clk (net)
                  0.09    0.01    8.76 ^ clkbuf_2_0_1_mprj.clk/A (sky130_fd_sc_hd__clkbuf_8)
                  0.09    0.18    8.94 ^ clkbuf_2_0_1_mprj.clk/X (sky130_fd_sc_hd__clkbuf_8)
     2    0.04                           clknet_2_0_1_mprj.clk (net)
                  0.09    0.01    8.94 ^ clkbuf_3_1_0_mprj.clk/A (sky130_fd_sc_hd__clkbuf_8)
                  0.32    0.31    9.25 ^ clkbuf_3_1_0_mprj.clk/X (sky130_fd_sc_hd__clkbuf_8)
    14    0.18                           clknet_3_1_0_mprj.clk (net)
                  0.34    0.07    9.32 ^ _506_/CLK (sky130_fd_sc_hd__dfxtp_4)
                  0.24    0.59    9.91 ^ _506_/Q (sky130_fd_sc_hd__dfxtp_4)
     2    0.08                           net210 (net)
                  0.24    0.02    9.92 ^ output210/A (sky130_fd_sc_hd__buf_12)
                  0.19    0.27   10.19 ^ output210/X (sky130_fd_sc_hd__buf_12)
     1    0.16                           wbs_ack_o (net)
                  0.19    0.00   10.20 ^ wbs_ack_o (out)
                                 10.20   data arrival time

                         25.00   25.00   clock clk (rise edge)
                          6.00   31.00   clock network delay (propagated)
                         -0.10   30.90   clock uncertainty
                          0.00   30.90   clock reconvergence pessimism
                         -8.21   22.69   output external delay
                                 22.69   data required time
-----------------------------------------------------------------------------
                                 22.69   data required time
                                -10.20   data arrival time
-----------------------------------------------------------------------------
                                 12.49   slack (MET)


Startpoint: wbs_cyc_i (input port clocked by clk)
Endpoint: _555_ (rising edge-triggered flip-flop clocked by clk)
Path Group: clk
Path Type: max

Fanout     Cap    Slew   Delay    Time   Description
-----------------------------------------------------------------------------
                          0.00    0.00   clock clk (rise edge)
                          7.25    7.25   clock network delay (propagated)
                          4.55   11.80 ^ input external delay
                  0.15    0.00   11.80 ^ wbs_cyc_i (in)
     1    0.00                           wbs_cyc_i (net)
                  0.15    0.00   11.80 ^ hold192/A (sky130_fd_sc_hd__buf_2)
                  0.04    0.14   11.94 ^ hold192/X (sky130_fd_sc_hd__buf_2)
     1    0.00                           net735 (net)
                  0.04    0.00   11.94 ^ input70/A (sky130_fd_sc_hd__clkbuf_8)
                  0.05    0.13   12.07 ^ input70/X (sky130_fd_sc_hd__clkbuf_8)
     1    0.02                           net70 (net)
                  0.05    0.00   12.07 ^ hold193/A (sky130_fd_sc_hd__buf_2)
                  0.20    0.22   12.29 ^ hold193/X (sky130_fd_sc_hd__buf_2)
     2    0.04                           net736 (net)
                  0.20    0.00   12.29 ^ _281_/B (sky130_fd_sc_hd__and2_4)
                  0.70    0.51   12.80 ^ _281_/X (sky130_fd_sc_hd__and2_4)
     3    0.25                           _092_ (net)
                  0.80    0.21   13.01 ^ fanout429/A (sky130_fd_sc_hd__clkbuf_8)
                  0.14    0.37   13.38 ^ fanout429/X (sky130_fd_sc_hd__clkbuf_8)
    10    0.07                           net429 (net)
                  0.14    0.01   13.39 ^ _326_/B1 (sky130_fd_sc_hd__a41o_2)
                  0.16    0.22   13.61 ^ _326_/X (sky130_fd_sc_hd__a41o_2)
     1    0.03                           _104_ (net)
                  0.16    0.00   13.61 ^ _327_/D (sky130_fd_sc_hd__and4_1)
                  0.14    0.29   13.90 ^ _327_/X (sky130_fd_sc_hd__and4_1)
     1    0.01                           _105_ (net)
                  0.14    0.00   13.90 ^ _328_/D (sky130_fd_sc_hd__and4b_4)
                  0.16    0.36   14.26 ^ _328_/X (sky130_fd_sc_hd__and4b_4)
     1    0.04                           _106_ (net)
                  0.16    0.01   14.27 ^ hold769/A (sky130_fd_sc_hd__buf_2)
                  0.19    0.26   14.53 ^ hold769/X (sky130_fd_sc_hd__buf_2)
     1    0.04                           net1312 (net)
                  0.19    0.01   14.53 ^ hold651/A (sky130_fd_sc_hd__buf_2)
                  0.19    0.27   14.80 ^ hold651/X (sky130_fd_sc_hd__buf_2)
     1    0.04                           net1194 (net)
                  0.19    0.00   14.81 ^ hold770/A (sky130_fd_sc_hd__buf_2)
                  0.76    0.66   15.47 ^ hold770/X (sky130_fd_sc_hd__buf_2)
     4    0.16                           net1313 (net)
                  0.76    0.01   15.48 ^ _420_/B1 (sky130_fd_sc_hd__a21o_1)
                  0.05    0.14   15.62 ^ _420_/X (sky130_fd_sc_hd__a21o_1)
     1    0.00                           _182_ (net)
                  0.05    0.00   15.62 ^ hold834/A (sky130_fd_sc_hd__buf_2)
                  0.06    0.12   15.74 ^ hold834/X (sky130_fd_sc_hd__buf_2)
     1    0.01                           net1377 (net)
                  0.06    0.00   15.74 ^ wire276/A (sky130_fd_sc_hd__buf_12)
                  0.17    0.17   15.91 ^ wire276/X (sky130_fd_sc_hd__buf_12)
     2    0.16                           net276 (net)
                  0.26    0.11   16.02 ^ _421_/B1 (sky130_fd_sc_hd__o21ai_4)
                  0.09    0.12   16.13 v _421_/Y (sky130_fd_sc_hd__o21ai_4)
     1    0.01                           _183_ (net)
                  0.09    0.00   16.14 v wire249/A (sky130_fd_sc_hd__buf_8)
                  0.05    0.17   16.30 v wire249/X (sky130_fd_sc_hd__buf_8)
     1    0.06                           net249 (net)
                  0.06    0.01   16.32 v wire248/A (sky130_fd_sc_hd__buf_12)
                  0.05    0.15   16.47 v wire248/X (sky130_fd_sc_hd__buf_12)
     1    0.06                           net248 (net)
                  0.06    0.02   16.49 v _424_/B2 (sky130_fd_sc_hd__o32a_4)
                  0.05    0.19   16.68 v _424_/X (sky130_fd_sc_hd__o32a_4)
     1    0.00                           _186_ (net)
                  0.05    0.00   16.68 v hold883/A (sky130_fd_sc_hd__buf_2)
                  0.02    0.12   16.80 v hold883/X (sky130_fd_sc_hd__buf_2)
     1    0.00                           net1426 (net)
                  0.02    0.00   16.80 v hold510/A (sky130_fd_sc_hd__buf_2)
                  0.02    0.11   16.90 v hold510/X (sky130_fd_sc_hd__buf_2)
     1    0.00                           net1053 (net)
                  0.02    0.00   16.90 v hold884/A (sky130_fd_sc_hd__buf_2)
                  0.02    0.11   17.01 v hold884/X (sky130_fd_sc_hd__buf_2)
     1    0.00                           net1427 (net)
                  0.02    0.00   17.01 v hold211/A (sky130_fd_sc_hd__buf_2)
                  0.02    0.11   17.12 v hold211/X (sky130_fd_sc_hd__buf_2)
     1    0.00                           net754 (net)
                  0.02    0.00   17.12 v hold885/A (sky130_fd_sc_hd__buf_2)
                  0.02    0.11   17.22 v hold885/X (sky130_fd_sc_hd__buf_2)
     1    0.00                           net1428 (net)
                  0.02    0.00   17.23 v hold511/A (sky130_fd_sc_hd__buf_2)
                  0.02    0.11   17.33 v hold511/X (sky130_fd_sc_hd__buf_2)
     1    0.00                           net1054 (net)
                  0.02    0.00   17.33 v hold886/A (sky130_fd_sc_hd__buf_2)
                  0.02    0.11   17.44 v hold886/X (sky130_fd_sc_hd__buf_2)
     1    0.00                           net1429 (net)
                  0.02    0.00   17.44 v hold7/A (sky130_fd_sc_hd__buf_2)
                  0.02    0.11   17.55 v hold7/X (sky130_fd_sc_hd__buf_2)
     1    0.00                           net550 (net)
                  0.02    0.00   17.55 v hold887/A (sky130_fd_sc_hd__buf_2)
                  0.02    0.11   17.65 v hold887/X (sky130_fd_sc_hd__buf_2)
     1    0.00                           net1430 (net)
                  0.02    0.00   17.65 v hold512/A (sky130_fd_sc_hd__buf_2)
                  0.03    0.11   17.77 v hold512/X (sky130_fd_sc_hd__buf_2)
     1    0.00                           net1055 (net)
                  0.03    0.00   17.77 v hold212/A (sky130_fd_sc_hd__buf_2)
                  0.02    0.11   17.87 v hold212/X (sky130_fd_sc_hd__buf_2)
     1    0.00                           net755 (net)
                  0.02    0.00   17.87 v hold513/A (sky130_fd_sc_hd__buf_2)
                  0.04    0.13   18.00 v hold513/X (sky130_fd_sc_hd__buf_2)
     1    0.01                           net1056 (net)
                  0.04    0.00   18.00 v _425_/A2 (sky130_fd_sc_hd__a21oi_4)
                  0.09    0.13   18.14 ^ _425_/Y (sky130_fd_sc_hd__a21oi_4)
     1    0.00                           _049_ (net)
                  0.09    0.00   18.14 ^ hold888/A (sky130_fd_sc_hd__buf_2)
                  0.03    0.11   18.25 ^ hold888/X (sky130_fd_sc_hd__buf_2)
     1    0.00                           net1431 (net)
                  0.03    0.00   18.25 ^ hold514/A (sky130_fd_sc_hd__buf_2)
                  0.03    0.09   18.34 ^ hold514/X (sky130_fd_sc_hd__buf_2)
     1    0.00                           net1057 (net)
                  0.03    0.00   18.34 ^ hold889/A (sky130_fd_sc_hd__buf_2)
                  0.03    0.09   18.43 ^ hold889/X (sky130_fd_sc_hd__buf_2)
     1    0.00                           net1432 (net)
                  0.03    0.00   18.43 ^ hold213/A (sky130_fd_sc_hd__buf_2)
                  0.03    0.09   18.52 ^ hold213/X (sky130_fd_sc_hd__buf_2)
     1    0.00                           net756 (net)
                  0.03    0.00   18.52 ^ hold890/A (sky130_fd_sc_hd__buf_2)
                  0.03    0.09   18.62 ^ hold890/X (sky130_fd_sc_hd__buf_2)
     1    0.00                           net1433 (net)
                  0.03    0.00   18.62 ^ hold515/A (sky130_fd_sc_hd__buf_2)
                  0.04    0.10   18.72 ^ hold515/X (sky130_fd_sc_hd__buf_2)
     1    0.01                           net1058 (net)
                  0.04    0.00   18.72 ^ hold8/A (sky130_fd_sc_hd__buf_2)
                  0.04    0.10   18.82 ^ hold8/X (sky130_fd_sc_hd__buf_2)
     1    0.01                           net551 (net)
                  0.04    0.00   18.82 ^ hold516/A (sky130_fd_sc_hd__buf_2)
                  0.04    0.10   18.92 ^ hold516/X (sky130_fd_sc_hd__buf_2)
     1    0.01                           net1059 (net)
                  0.04    0.00   18.92 ^ hold214/A (sky130_fd_sc_hd__buf_2)
                  0.04    0.10   19.03 ^ hold214/X (sky130_fd_sc_hd__buf_2)
     1    0.01                           net757 (net)
                  0.04    0.00   19.03 ^ hold517/A (sky130_fd_sc_hd__buf_2)
                  0.04    0.10   19.13 ^ hold517/X (sky130_fd_sc_hd__buf_2)
     1    0.01                           net1060 (net)
                  0.04    0.00   19.13 ^ _555_/D (sky130_fd_sc_hd__dfxtp_4)
                                 19.13   data arrival time

                         25.00   25.00   clock clk (rise edge)
                          6.00   31.00   clock source latency
                  1.16    0.00   31.00 ^ wb_clk_i (in)
     1    0.01                           wb_clk_i (net)
                  1.16    0.00   31.00 ^ _280_/A1 (sky130_fd_sc_hd__mux2_2)
                  0.07    0.35   31.35 ^ _280_/X (sky130_fd_sc_hd__mux2_2)
     1    0.01                           mprj.clk (net)
                  0.07    0.00   31.35 ^ wire2/A (sky130_fd_sc_hd__buf_12)
                  0.13    0.15   31.50 ^ wire2/X (sky130_fd_sc_hd__buf_12)
     2    0.12                           net537 (net)
                  0.17    0.05   31.55 ^ wire1/A (sky130_fd_sc_hd__buf_12)
                  0.15    0.18   31.73 ^ wire1/X (sky130_fd_sc_hd__buf_12)
     2    0.13                           net536 (net)
                  0.20    0.07   31.80 ^ clkbuf_0_mprj.clk/A (sky130_fd_sc_hd__clkbuf_16)
                  0.12    0.23   32.03 ^ clkbuf_0_mprj.clk/X (sky130_fd_sc_hd__clkbuf_16)
     2    0.11                           clknet_0_mprj.clk (net)
                  0.13    0.01   32.04 ^ clkbuf_1_1_0_mprj.clk/A (sky130_fd_sc_hd__clkbuf_8)
                  0.08    0.18   32.22 ^ clkbuf_1_1_0_mprj.clk/X (sky130_fd_sc_hd__clkbuf_8)
     2    0.04                           clknet_1_1_0_mprj.clk (net)
                  0.08    0.00   32.22 ^ clkbuf_2_2_0_mprj.clk/A (sky130_fd_sc_hd__clkbuf_8)
                  0.09    0.16   32.39 ^ clkbuf_2_2_0_mprj.clk/X (sky130_fd_sc_hd__clkbuf_8)
     1    0.04                           clknet_2_2_0_mprj.clk (net)
                  0.09    0.01   32.40 ^ clkbuf_2_2_1_mprj.clk/A (sky130_fd_sc_hd__clkbuf_8)
                  0.10    0.18   32.57 ^ clkbuf_2_2_1_mprj.clk/X (sky130_fd_sc_hd__clkbuf_8)
     2    0.05                           clknet_2_2_1_mprj.clk (net)
                  0.10    0.00   32.58 ^ clkbuf_3_4_0_mprj.clk/A (sky130_fd_sc_hd__clkbuf_8)
                  0.31    0.27   32.85 ^ clkbuf_3_4_0_mprj.clk/X (sky130_fd_sc_hd__clkbuf_8)
     6    0.18                           clknet_3_4_0_mprj.clk (net)
                  0.36    0.09   32.94 ^ _555_/CLK (sky130_fd_sc_hd__dfxtp_4)
                         -0.10   32.84   clock uncertainty
                          0.00   32.84   clock reconvergence pessimism
                         -0.01   32.83   library setup time
                                 32.83   data required time
-----------------------------------------------------------------------------
                                 32.83   data required time
                                -19.13   data arrival time
-----------------------------------------------------------------------------
                                 13.70   slack (MET)


Startpoint: wbs_cyc_i (input port clocked by clk)
Endpoint: _549_ (rising edge-triggered flip-flop clocked by clk)
Path Group: clk
Path Type: max

Fanout     Cap    Slew   Delay    Time   Description
-----------------------------------------------------------------------------
                          0.00    0.00   clock clk (rise edge)
                          7.25    7.25   clock network delay (propagated)
                          4.55   11.80 ^ input external delay
                  0.15    0.00   11.80 ^ wbs_cyc_i (in)
     1    0.00                           wbs_cyc_i (net)
                  0.15    0.00   11.80 ^ hold192/A (sky130_fd_sc_hd__buf_2)
                  0.04    0.14   11.94 ^ hold192/X (sky130_fd_sc_hd__buf_2)
     1    0.00                           net735 (net)
                  0.04    0.00   11.94 ^ input70/A (sky130_fd_sc_hd__clkbuf_8)
                  0.05    0.13   12.07 ^ input70/X (sky130_fd_sc_hd__clkbuf_8)
     1    0.02                           net70 (net)
                  0.05    0.00   12.07 ^ hold193/A (sky130_fd_sc_hd__buf_2)
                  0.20    0.22   12.29 ^ hold193/X (sky130_fd_sc_hd__buf_2)
     2    0.04                           net736 (net)
                  0.20    0.00   12.29 ^ _281_/B (sky130_fd_sc_hd__and2_4)
                  0.70    0.51   12.80 ^ _281_/X (sky130_fd_sc_hd__and2_4)
     3    0.25                           _092_ (net)
                  0.80    0.21   13.01 ^ fanout429/A (sky130_fd_sc_hd__clkbuf_8)
                  0.14    0.37   13.38 ^ fanout429/X (sky130_fd_sc_hd__clkbuf_8)
    10    0.07                           net429 (net)
                  0.14    0.01   13.39 ^ _326_/B1 (sky130_fd_sc_hd__a41o_2)
                  0.16    0.22   13.61 ^ _326_/X (sky130_fd_sc_hd__a41o_2)
     1    0.03                           _104_ (net)
                  0.16    0.00   13.61 ^ _327_/D (sky130_fd_sc_hd__and4_1)
                  0.14    0.29   13.90 ^ _327_/X (sky130_fd_sc_hd__and4_1)
     1    0.01                           _105_ (net)
                  0.14    0.00   13.90 ^ _328_/D (sky130_fd_sc_hd__and4b_4)
                  0.16    0.36   14.26 ^ _328_/X (sky130_fd_sc_hd__and4b_4)
     1    0.04                           _106_ (net)
                  0.16    0.01   14.27 ^ hold769/A (sky130_fd_sc_hd__buf_2)
                  0.19    0.26   14.53 ^ hold769/X (sky130_fd_sc_hd__buf_2)
     1    0.04                           net1312 (net)
                  0.19    0.01   14.53 ^ hold651/A (sky130_fd_sc_hd__buf_2)
                  0.19    0.27   14.80 ^ hold651/X (sky130_fd_sc_hd__buf_2)
     1    0.04                           net1194 (net)
                  0.19    0.00   14.81 ^ hold770/A (sky130_fd_sc_hd__buf_2)
                  0.76    0.66   15.47 ^ hold770/X (sky130_fd_sc_hd__buf_2)
     4    0.16                           net1313 (net)
                  0.76    0.01   15.48 ^ _373_/B1 (sky130_fd_sc_hd__a21o_4)
                  0.14    0.25   15.73 ^ _373_/X (sky130_fd_sc_hd__a21o_4)
     3    0.05                           _143_ (net)
                  0.14    0.01   15.74 ^ hold771/A (sky130_fd_sc_hd__buf_2)
                  0.14    0.22   15.95 ^ hold771/X (sky130_fd_sc_hd__buf_2)
     1    0.03                           net1314 (net)
                  0.14    0.00   15.96 ^ wire289/A (sky130_fd_sc_hd__buf_12)
                  0.10    0.17   16.13 ^ wire289/X (sky130_fd_sc_hd__buf_12)
     2    0.08                           net289 (net)
                  0.11    0.03   16.15 ^ hold772/A (sky130_fd_sc_hd__buf_2)
                  0.41    0.39   16.54 ^ hold772/X (sky130_fd_sc_hd__buf_2)
     1    0.09                           net1315 (net)
                  0.42    0.04   16.58 ^ wire288/A (sky130_fd_sc_hd__buf_12)
                  0.19    0.24   16.82 ^ wire288/X (sky130_fd_sc_hd__buf_12)
     7    0.17                           net288 (net)
                  0.27    0.10   16.92 ^ _387_/B1 (sky130_fd_sc_hd__o21ai_1)
                  0.09    0.13   17.04 v _387_/Y (sky130_fd_sc_hd__o21ai_1)
     1    0.00                           _155_ (net)
                  0.09    0.00   17.04 v _390_/A2 (sky130_fd_sc_hd__o211a_1)
                  0.04    0.23   17.27 v _390_/X (sky130_fd_sc_hd__o211a_1)
     1    0.00                           _158_ (net)
                  0.04    0.00   17.27 v hold876/A (sky130_fd_sc_hd__buf_2)
                  0.02    0.12   17.38 v hold876/X (sky130_fd_sc_hd__buf_2)
     1    0.00                           net1419 (net)
                  0.02    0.00   17.38 v hold479/A (sky130_fd_sc_hd__buf_2)
                  0.02    0.11   17.49 v hold479/X (sky130_fd_sc_hd__buf_2)
     1    0.00                           net1022 (net)
                  0.02    0.00   17.49 v hold120/A (sky130_fd_sc_hd__buf_2)
                  0.02    0.11   17.60 v hold120/X (sky130_fd_sc_hd__buf_2)
     1    0.00                           net663 (net)
                  0.02    0.00   17.60 v hold480/A (sky130_fd_sc_hd__buf_2)
                  0.02    0.11   17.71 v hold480/X (sky130_fd_sc_hd__buf_2)
     1    0.00                           net1023 (net)
                  0.02    0.00   17.71 v _391_/B (sky130_fd_sc_hd__nor2_1)
                  0.12    0.11   17.81 ^ _391_/Y (sky130_fd_sc_hd__nor2_1)
     1    0.01                           _043_ (net)
                  0.12    0.00   17.81 ^ hold481/A (sky130_fd_sc_hd__buf_2)
                  0.03    0.13   17.94 ^ hold481/X (sky130_fd_sc_hd__buf_2)
     1    0.00                           net1024 (net)
                  0.03    0.00   17.94 ^ hold121/A (sky130_fd_sc_hd__buf_2)
                  0.03    0.10   18.04 ^ hold121/X (sky130_fd_sc_hd__buf_2)
     1    0.00                           net664 (net)
                  0.03    0.00   18.04 ^ hold482/A (sky130_fd_sc_hd__buf_2)
                  0.04    0.10   18.14 ^ hold482/X (sky130_fd_sc_hd__buf_2)
     1    0.01                           net1025 (net)
                  0.04    0.00   18.14 ^ _549_/D (sky130_fd_sc_hd__dfxtp_4)
                                 18.14   data arrival time

                         25.00   25.00   clock clk (rise edge)
                          6.00   31.00   clock source latency
                  1.16    0.00   31.00 ^ wb_clk_i (in)
     1    0.01                           wb_clk_i (net)
                  1.16    0.00   31.00 ^ _280_/A1 (sky130_fd_sc_hd__mux2_2)
                  0.07    0.35   31.35 ^ _280_/X (sky130_fd_sc_hd__mux2_2)
     1    0.01                           mprj.clk (net)
                  0.07    0.00   31.35 ^ wire2/A (sky130_fd_sc_hd__buf_12)
                  0.13    0.15   31.50 ^ wire2/X (sky130_fd_sc_hd__buf_12)
     2    0.12                           net537 (net)
                  0.17    0.05   31.55 ^ wire1/A (sky130_fd_sc_hd__buf_12)
                  0.15    0.18   31.73 ^ wire1/X (sky130_fd_sc_hd__buf_12)
     2    0.13                           net536 (net)
                  0.20    0.07   31.80 ^ clkbuf_0_mprj.clk/A (sky130_fd_sc_hd__clkbuf_16)
                  0.12    0.23   32.03 ^ clkbuf_0_mprj.clk/X (sky130_fd_sc_hd__clkbuf_16)
     2    0.11                           clknet_0_mprj.clk (net)
                  0.13    0.01   32.04 ^ clkbuf_1_1_0_mprj.clk/A (sky130_fd_sc_hd__clkbuf_8)
                  0.08    0.18   32.22 ^ clkbuf_1_1_0_mprj.clk/X (sky130_fd_sc_hd__clkbuf_8)
     2    0.04                           clknet_1_1_0_mprj.clk (net)
                  0.08    0.01   32.22 ^ clkbuf_2_3_0_mprj.clk/A (sky130_fd_sc_hd__clkbuf_8)
                  0.09    0.17   32.39 ^ clkbuf_2_3_0_mprj.clk/X (sky130_fd_sc_hd__clkbuf_8)
     1    0.04                           clknet_2_3_0_mprj.clk (net)
                  0.09    0.01   32.40 ^ clkbuf_2_3_1_mprj.clk/A (sky130_fd_sc_hd__clkbuf_8)
                  0.10    0.18   32.57 ^ clkbuf_2_3_1_mprj.clk/X (sky130_fd_sc_hd__clkbuf_8)
     2    0.05                           clknet_2_3_1_mprj.clk (net)
                  0.10    0.00   32.58 ^ clkbuf_3_7_0_mprj.clk/A (sky130_fd_sc_hd__clkbuf_8)
                  0.30    0.29   32.86 ^ clkbuf_3_7_0_mprj.clk/X (sky130_fd_sc_hd__clkbuf_8)
     8    0.17                           clknet_3_7_0_mprj.clk (net)
                  0.32    0.05   32.91 ^ _549_/CLK (sky130_fd_sc_hd__dfxtp_4)
                         -0.10   32.81   clock uncertainty
                          0.00   32.81   clock reconvergence pessimism
                         -0.02   32.79   library setup time
                                 32.79   data required time
-----------------------------------------------------------------------------
                                 32.79   data required time
                                -18.14   data arrival time
-----------------------------------------------------------------------------
                                 14.66   slack (MET)


Startpoint: wbs_cyc_i (input port clocked by clk)
Endpoint: _552_ (rising edge-triggered flip-flop clocked by clk)
Path Group: clk
Path Type: max

Fanout     Cap    Slew   Delay    Time   Description
-----------------------------------------------------------------------------
                          0.00    0.00   clock clk (rise edge)
                          7.25    7.25   clock network delay (propagated)
                          4.55   11.80 ^ input external delay
                  0.15    0.00   11.80 ^ wbs_cyc_i (in)
     1    0.00                           wbs_cyc_i (net)
                  0.15    0.00   11.80 ^ hold192/A (sky130_fd_sc_hd__buf_2)
                  0.04    0.14   11.94 ^ hold192/X (sky130_fd_sc_hd__buf_2)
     1    0.00                           net735 (net)
                  0.04    0.00   11.94 ^ input70/A (sky130_fd_sc_hd__clkbuf_8)
                  0.05    0.13   12.07 ^ input70/X (sky130_fd_sc_hd__clkbuf_8)
     1    0.02                           net70 (net)
                  0.05    0.00   12.07 ^ hold193/A (sky130_fd_sc_hd__buf_2)
                  0.20    0.22   12.29 ^ hold193/X (sky130_fd_sc_hd__buf_2)
     2    0.04                           net736 (net)
                  0.20    0.00   12.29 ^ _281_/B (sky130_fd_sc_hd__and2_4)
                  0.70    0.51   12.80 ^ _281_/X (sky130_fd_sc_hd__and2_4)
     3    0.25                           _092_ (net)
                  0.80    0.21   13.01 ^ fanout429/A (sky130_fd_sc_hd__clkbuf_8)
                  0.14    0.37   13.38 ^ fanout429/X (sky130_fd_sc_hd__clkbuf_8)
    10    0.07                           net429 (net)
                  0.14    0.01   13.39 ^ _326_/B1 (sky130_fd_sc_hd__a41o_2)
                  0.16    0.22   13.61 ^ _326_/X (sky130_fd_sc_hd__a41o_2)
     1    0.03                           _104_ (net)
                  0.16    0.00   13.61 ^ _327_/D (sky130_fd_sc_hd__and4_1)
                  0.14    0.29   13.90 ^ _327_/X (sky130_fd_sc_hd__and4_1)
     1    0.01                           _105_ (net)
                  0.14    0.00   13.90 ^ _328_/D (sky130_fd_sc_hd__and4b_4)
                  0.16    0.36   14.26 ^ _328_/X (sky130_fd_sc_hd__and4b_4)
     1    0.04                           _106_ (net)
                  0.16    0.01   14.27 ^ hold769/A (sky130_fd_sc_hd__buf_2)
                  0.19    0.26   14.53 ^ hold769/X (sky130_fd_sc_hd__buf_2)
     1    0.04                           net1312 (net)
                  0.19    0.01   14.53 ^ hold651/A (sky130_fd_sc_hd__buf_2)
                  0.19    0.27   14.80 ^ hold651/X (sky130_fd_sc_hd__buf_2)
     1    0.04                           net1194 (net)
                  0.19    0.00   14.81 ^ hold770/A (sky130_fd_sc_hd__buf_2)
                  0.76    0.66   15.47 ^ hold770/X (sky130_fd_sc_hd__buf_2)
     4    0.16                           net1313 (net)
                  0.76    0.01   15.48 ^ _373_/B1 (sky130_fd_sc_hd__a21o_4)
                  0.14    0.25   15.73 ^ _373_/X (sky130_fd_sc_hd__a21o_4)
     3    0.05                           _143_ (net)
                  0.14    0.01   15.74 ^ hold771/A (sky130_fd_sc_hd__buf_2)
                  0.14    0.22   15.95 ^ hold771/X (sky130_fd_sc_hd__buf_2)
     1    0.03                           net1314 (net)
                  0.14    0.00   15.96 ^ wire289/A (sky130_fd_sc_hd__buf_12)
                  0.10    0.17   16.13 ^ wire289/X (sky130_fd_sc_hd__buf_12)
     2    0.08                           net289 (net)
                  0.11    0.03   16.15 ^ hold772/A (sky130_fd_sc_hd__buf_2)
                  0.41    0.39   16.54 ^ hold772/X (sky130_fd_sc_hd__buf_2)
     1    0.09                           net1315 (net)
                  0.42    0.04   16.58 ^ wire288/A (sky130_fd_sc_hd__buf_12)
                  0.19    0.24   16.82 ^ wire288/X (sky130_fd_sc_hd__buf_12)
     7    0.17                           net288 (net)
                  0.30    0.12   16.94 ^ _403_/B1 (sky130_fd_sc_hd__o21ai_1)
                  0.11    0.15   17.09 v _403_/Y (sky130_fd_sc_hd__o21ai_1)
     1    0.01                           _168_ (net)
                  0.11    0.00   17.09 v _406_/A2 (sky130_fd_sc_hd__o211a_1)
                  0.04    0.24   17.32 v _406_/X (sky130_fd_sc_hd__o211a_1)
     1    0.00                           _171_ (net)
                  0.04    0.00   17.33 v hold502/A (sky130_fd_sc_hd__buf_2)
                  0.02    0.12   17.44 v hold502/X (sky130_fd_sc_hd__buf_2)
     1    0.00                           net1045 (net)
                  0.02    0.00   17.44 v hold150/A (sky130_fd_sc_hd__buf_2)
                  0.03    0.12   17.56 v hold150/X (sky130_fd_sc_hd__buf_2)
     1    0.00                           net693 (net)
                  0.03    0.00   17.56 v hold503/A (sky130_fd_sc_hd__buf_2)
                  0.03    0.11   17.67 v hold503/X (sky130_fd_sc_hd__buf_2)
     1    0.00                           net1046 (net)
                  0.03    0.00   17.67 v _407_/B (sky130_fd_sc_hd__nor2_1)
                  0.08    0.08   17.75 ^ _407_/Y (sky130_fd_sc_hd__nor2_1)
     1    0.00                           _046_ (net)
                  0.08    0.00   17.75 ^ hold504/A (sky130_fd_sc_hd__buf_2)
                  0.04    0.12   17.87 ^ hold504/X (sky130_fd_sc_hd__buf_2)
     1    0.01                           net1047 (net)
                  0.04    0.00   17.87 ^ hold151/A (sky130_fd_sc_hd__buf_2)
                  0.03    0.10   17.97 ^ hold151/X (sky130_fd_sc_hd__buf_2)
     1    0.00                           net694 (net)
                  0.03    0.00   17.97 ^ hold505/A (sky130_fd_sc_hd__buf_2)
                  0.02    0.09   18.06 ^ hold505/X (sky130_fd_sc_hd__buf_2)
     1    0.00                           net1048 (net)
                  0.02    0.00   18.06 ^ _552_/D (sky130_fd_sc_hd__dfxtp_4)
                                 18.06   data arrival time

                         25.00   25.00   clock clk (rise edge)
                          6.00   31.00   clock source latency
                  1.16    0.00   31.00 ^ wb_clk_i (in)
     1    0.01                           wb_clk_i (net)
                  1.16    0.00   31.00 ^ _280_/A1 (sky130_fd_sc_hd__mux2_2)
                  0.07    0.35   31.35 ^ _280_/X (sky130_fd_sc_hd__mux2_2)
     1    0.01                           mprj.clk (net)
                  0.07    0.00   31.35 ^ wire2/A (sky130_fd_sc_hd__buf_12)
                  0.13    0.15   31.50 ^ wire2/X (sky130_fd_sc_hd__buf_12)
     2    0.12                           net537 (net)
                  0.17    0.05   31.55 ^ wire1/A (sky130_fd_sc_hd__buf_12)
                  0.15    0.18   31.73 ^ wire1/X (sky130_fd_sc_hd__buf_12)
     2    0.13                           net536 (net)
                  0.20    0.07   31.80 ^ clkbuf_0_mprj.clk/A (sky130_fd_sc_hd__clkbuf_16)
                  0.12    0.23   32.03 ^ clkbuf_0_mprj.clk/X (sky130_fd_sc_hd__clkbuf_16)
     2    0.11                           clknet_0_mprj.clk (net)
                  0.13    0.01   32.04 ^ clkbuf_1_1_0_mprj.clk/A (sky130_fd_sc_hd__clkbuf_8)
                  0.08    0.18   32.22 ^ clkbuf_1_1_0_mprj.clk/X (sky130_fd_sc_hd__clkbuf_8)
     2    0.04                           clknet_1_1_0_mprj.clk (net)
                  0.08    0.01   32.22 ^ clkbuf_2_3_0_mprj.clk/A (sky130_fd_sc_hd__clkbuf_8)
                  0.09    0.17   32.39 ^ clkbuf_2_3_0_mprj.clk/X (sky130_fd_sc_hd__clkbuf_8)
     1    0.04                           clknet_2_3_0_mprj.clk (net)
                  0.09    0.01   32.40 ^ clkbuf_2_3_1_mprj.clk/A (sky130_fd_sc_hd__clkbuf_8)
                  0.10    0.18   32.57 ^ clkbuf_2_3_1_mprj.clk/X (sky130_fd_sc_hd__clkbuf_8)
     2    0.05                           clknet_2_3_1_mprj.clk (net)
                  0.10    0.00   32.58 ^ clkbuf_3_7_0_mprj.clk/A (sky130_fd_sc_hd__clkbuf_8)
                  0.30    0.29   32.86 ^ clkbuf_3_7_0_mprj.clk/X (sky130_fd_sc_hd__clkbuf_8)
     8    0.17                           clknet_3_7_0_mprj.clk (net)
                  0.33    0.06   32.93 ^ _552_/CLK (sky130_fd_sc_hd__dfxtp_4)
                         -0.10   32.83   clock uncertainty
                          0.00   32.83   clock reconvergence pessimism
                         -0.01   32.81   library setup time
                                 32.81   data required time
-----------------------------------------------------------------------------
                                 32.81   data required time
                                -18.06   data arrival time
-----------------------------------------------------------------------------
                                 14.76   slack (MET)


Startpoint: wbs_cyc_i (input port clocked by clk)
Endpoint: _562_ (rising edge-triggered flip-flop clocked by clk)
Path Group: clk
Path Type: max

Fanout     Cap    Slew   Delay    Time   Description
-----------------------------------------------------------------------------
                          0.00    0.00   clock clk (rise edge)
                          7.25    7.25   clock network delay (propagated)
                          4.55   11.80 ^ input external delay
                  0.15    0.00   11.80 ^ wbs_cyc_i (in)
     1    0.00                           wbs_cyc_i (net)
                  0.15    0.00   11.80 ^ hold192/A (sky130_fd_sc_hd__buf_2)
                  0.04    0.14   11.94 ^ hold192/X (sky130_fd_sc_hd__buf_2)
     1    0.00                           net735 (net)
                  0.04    0.00   11.94 ^ input70/A (sky130_fd_sc_hd__clkbuf_8)
                  0.05    0.13   12.07 ^ input70/X (sky130_fd_sc_hd__clkbuf_8)
     1    0.02                           net70 (net)
                  0.05    0.00   12.07 ^ hold193/A (sky130_fd_sc_hd__buf_2)
                  0.20    0.22   12.29 ^ hold193/X (sky130_fd_sc_hd__buf_2)
     2    0.04                           net736 (net)
                  0.20    0.00   12.29 ^ _281_/B (sky130_fd_sc_hd__and2_4)
                  0.70    0.51   12.80 ^ _281_/X (sky130_fd_sc_hd__and2_4)
     3    0.25                           _092_ (net)
                  0.80    0.21   13.01 ^ fanout429/A (sky130_fd_sc_hd__clkbuf_8)
                  0.14    0.37   13.38 ^ fanout429/X (sky130_fd_sc_hd__clkbuf_8)
    10    0.07                           net429 (net)
                  0.14    0.01   13.39 ^ _326_/B1 (sky130_fd_sc_hd__a41o_2)
                  0.16    0.22   13.61 ^ _326_/X (sky130_fd_sc_hd__a41o_2)
     1    0.03                           _104_ (net)
                  0.16    0.00   13.61 ^ _327_/D (sky130_fd_sc_hd__and4_1)
                  0.14    0.29   13.90 ^ _327_/X (sky130_fd_sc_hd__and4_1)
     1    0.01                           _105_ (net)
                  0.14    0.00   13.90 ^ _328_/D (sky130_fd_sc_hd__and4b_4)
                  0.16    0.36   14.26 ^ _328_/X (sky130_fd_sc_hd__and4b_4)
     1    0.04                           _106_ (net)
                  0.16    0.01   14.27 ^ hold769/A (sky130_fd_sc_hd__buf_2)
                  0.19    0.26   14.53 ^ hold769/X (sky130_fd_sc_hd__buf_2)
     1    0.04                           net1312 (net)
                  0.19    0.01   14.53 ^ hold651/A (sky130_fd_sc_hd__buf_2)
                  0.19    0.27   14.80 ^ hold651/X (sky130_fd_sc_hd__buf_2)
     1    0.04                           net1194 (net)
                  0.19    0.00   14.81 ^ hold770/A (sky130_fd_sc_hd__buf_2)
                  0.76    0.66   15.47 ^ hold770/X (sky130_fd_sc_hd__buf_2)
     4    0.16                           net1313 (net)
                  0.76    0.01   15.48 ^ _420_/B1 (sky130_fd_sc_hd__a21o_1)
                  0.05    0.14   15.62 ^ _420_/X (sky130_fd_sc_hd__a21o_1)
     1    0.00                           _182_ (net)
                  0.05    0.00   15.62 ^ hold834/A (sky130_fd_sc_hd__buf_2)
                  0.06    0.12   15.74 ^ hold834/X (sky130_fd_sc_hd__buf_2)
     1    0.01                           net1377 (net)
                  0.06    0.00   15.74 ^ wire276/A (sky130_fd_sc_hd__buf_12)
                  0.17    0.17   15.91 ^ wire276/X (sky130_fd_sc_hd__buf_12)
     2    0.16                           net276 (net)
                  0.23    0.08   15.99 ^ hold835/A (sky130_fd_sc_hd__buf_2)
                  0.40    0.41   16.40 ^ hold835/X (sky130_fd_sc_hd__buf_2)
     1    0.08                           net1378 (net)
                  0.40    0.03   16.43 ^ load_slew275/A (sky130_fd_sc_hd__buf_12)
                  0.13    0.22   16.66 ^ load_slew275/X (sky130_fd_sc_hd__buf_12)
     3    0.11                           net275 (net)
                  0.16    0.04   16.70 ^ load_slew274/A (sky130_fd_sc_hd__buf_12)
                  0.16    0.20   16.90 ^ load_slew274/X (sky130_fd_sc_hd__buf_12)
     5    0.13                           net274 (net)
                  0.19    0.06   16.95 ^ _460_/A (sky130_fd_sc_hd__and3_1)
                  0.14    0.26   17.21 ^ _460_/X (sky130_fd_sc_hd__and3_1)
     1    0.01                           _215_ (net)
                  0.14    0.00   17.21 ^ _462_/A1 (sky130_fd_sc_hd__o21a_1)
                  0.04    0.14   17.36 ^ _462_/X (sky130_fd_sc_hd__o21a_1)
     1    0.00                           _056_ (net)
                  0.04    0.00   17.36 ^ hold836/A (sky130_fd_sc_hd__buf_2)
                  0.03    0.09   17.45 ^ hold836/X (sky130_fd_sc_hd__buf_2)
     1    0.00                           net1379 (net)
                  0.03    0.00   17.45 ^ hold413/A (sky130_fd_sc_hd__buf_2)
                  0.03    0.09   17.54 ^ hold413/X (sky130_fd_sc_hd__buf_2)
     1    0.00                           net956 (net)
                  0.03    0.00   17.54 ^ hold837/A (sky130_fd_sc_hd__buf_2)
                  0.03    0.09   17.62 ^ hold837/X (sky130_fd_sc_hd__buf_2)
     1    0.00                           net1380 (net)
                  0.03    0.00   17.62 ^ hold144/A (sky130_fd_sc_hd__buf_2)
                  0.02    0.09   17.71 ^ hold144/X (sky130_fd_sc_hd__buf_2)
     1    0.00                           net687 (net)
                  0.02    0.00   17.71 ^ hold838/A (sky130_fd_sc_hd__buf_2)
                  0.03    0.09   17.80 ^ hold838/X (sky130_fd_sc_hd__buf_2)
     1    0.00                           net1381 (net)
                  0.03    0.00   17.80 ^ hold414/A (sky130_fd_sc_hd__buf_2)
                  0.03    0.09   17.88 ^ hold414/X (sky130_fd_sc_hd__buf_2)
     1    0.00                           net957 (net)
                  0.03    0.00   17.88 ^ hold839/A (sky130_fd_sc_hd__buf_2)
                  0.03    0.09   17.97 ^ hold839/X (sky130_fd_sc_hd__buf_2)
     1    0.00                           net1382 (net)
                  0.03    0.00   17.97 ^ _562_/D (sky130_fd_sc_hd__dfxtp_4)
                                 17.97   data arrival time

                         25.00   25.00   clock clk (rise edge)
                          6.00   31.00   clock source latency
                  1.16    0.00   31.00 ^ wb_clk_i (in)
     1    0.01                           wb_clk_i (net)
                  1.16    0.00   31.00 ^ _280_/A1 (sky130_fd_sc_hd__mux2_2)
                  0.07    0.35   31.35 ^ _280_/X (sky130_fd_sc_hd__mux2_2)
     1    0.01                           mprj.clk (net)
                  0.07    0.00   31.35 ^ wire2/A (sky130_fd_sc_hd__buf_12)
                  0.13    0.15   31.50 ^ wire2/X (sky130_fd_sc_hd__buf_12)
     2    0.12                           net537 (net)
                  0.17    0.05   31.55 ^ wire1/A (sky130_fd_sc_hd__buf_12)
                  0.15    0.18   31.73 ^ wire1/X (sky130_fd_sc_hd__buf_12)
     2    0.13                           net536 (net)
                  0.20    0.07   31.80 ^ clkbuf_0_mprj.clk/A (sky130_fd_sc_hd__clkbuf_16)
                  0.12    0.23   32.03 ^ clkbuf_0_mprj.clk/X (sky130_fd_sc_hd__clkbuf_16)
     2    0.11                           clknet_0_mprj.clk (net)
                  0.12    0.01   32.04 ^ clkbuf_1_0_0_mprj.clk/A (sky130_fd_sc_hd__clkbuf_8)
                  0.08    0.17   32.21 ^ clkbuf_1_0_0_mprj.clk/X (sky130_fd_sc_hd__clkbuf_8)
     2    0.04                           clknet_1_0_0_mprj.clk (net)
                  0.08    0.01   32.22 ^ clkbuf_2_1_0_mprj.clk/A (sky130_fd_sc_hd__clkbuf_8)
                  0.09    0.17   32.39 ^ clkbuf_2_1_0_mprj.clk/X (sky130_fd_sc_hd__clkbuf_8)
     1    0.05                           clknet_2_1_0_mprj.clk (net)
                  0.09    0.01   32.39 ^ clkbuf_2_1_1_mprj.clk/A (sky130_fd_sc_hd__clkbuf_8)
                  0.08    0.17   32.56 ^ clkbuf_2_1_1_mprj.clk/X (sky130_fd_sc_hd__clkbuf_8)
     2    0.04                           clknet_2_1_1_mprj.clk (net)
                  0.08    0.00   32.57 ^ clkbuf_3_3_0_mprj.clk/A (sky130_fd_sc_hd__clkbuf_8)
                  0.05    0.14   32.71 ^ clkbuf_3_3_0_mprj.clk/X (sky130_fd_sc_hd__clkbuf_8)
     1    0.02                           clknet_3_3_0_mprj.clk (net)
                  0.05    0.00   32.71 ^ wire5/A (sky130_fd_sc_hd__buf_12)
                  0.21    0.17   32.88 ^ wire5/X (sky130_fd_sc_hd__buf_12)
    15    0.19                           net540 (net)
                  0.29    0.09   32.97 ^ _562_/CLK (sky130_fd_sc_hd__dfxtp_4)
                         -0.10   32.87   clock uncertainty
                          0.00   32.87   clock reconvergence pessimism
                         -0.02   32.85   library setup time
                                 32.85   data required time
-----------------------------------------------------------------------------
                                 32.85   data required time
                                -17.97   data arrival time
-----------------------------------------------------------------------------
                                 14.88   slack (MET)


