
===========================================================================
report_parasitic_annotation -report_unannotated
============================================================================
Found 394 unannotated drivers.
 analog_io[0]
 analog_io[10]
 analog_io[11]
 analog_io[12]
 analog_io[13]
 analog_io[14]
 analog_io[15]
 analog_io[16]
 analog_io[17]
 analog_io[18]
 analog_io[19]
 analog_io[1]
 analog_io[20]
 analog_io[21]
 analog_io[22]
 analog_io[23]
 analog_io[24]
 analog_io[25]
 analog_io[26]
 analog_io[27]
 analog_io[28]
 analog_io[2]
 analog_io[3]
 analog_io[4]
 analog_io[5]
 analog_io[6]
 analog_io[7]
 analog_io[8]
 analog_io[9]
 io_in[0]
 io_in[10]
 io_in[11]
 io_in[12]
 io_in[13]
 io_in[14]
 io_in[15]
 io_in[16]
 io_in[17]
 io_in[18]
 io_in[19]
 io_in[1]
 io_in[20]
 io_in[21]
 io_in[22]
 io_in[23]
 io_in[24]
 io_in[25]
 io_in[26]
 io_in[27]
 io_in[28]
 io_in[29]
 io_in[2]
 io_in[30]
 io_in[31]
 io_in[32]
 io_in[33]
 io_in[34]
 io_in[35]
 io_in[36]
 io_in[37]
 io_in[3]
 io_in[4]
 io_in[5]
 io_in[6]
 io_in[7]
 io_in[8]
 io_in[9]
 la_data_in[0]
 la_data_in[100]
 la_data_in[101]
 la_data_in[102]
 la_data_in[103]
 la_data_in[104]
 la_data_in[105]
 la_data_in[106]
 la_data_in[107]
 la_data_in[108]
 la_data_in[109]
 la_data_in[10]
 la_data_in[110]
 la_data_in[111]
 la_data_in[112]
 la_data_in[113]
 la_data_in[114]
 la_data_in[115]
 la_data_in[116]
 la_data_in[117]
 la_data_in[118]
 la_data_in[119]
 la_data_in[11]
 la_data_in[120]
 la_data_in[121]
 la_data_in[122]
 la_data_in[123]
 la_data_in[124]
 la_data_in[125]
 la_data_in[126]
 la_data_in[127]
 la_data_in[12]
 la_data_in[13]
 la_data_in[14]
 la_data_in[15]
 la_data_in[16]
 la_data_in[17]
 la_data_in[18]
 la_data_in[19]
 la_data_in[1]
 la_data_in[20]
 la_data_in[21]
 la_data_in[22]
 la_data_in[23]
 la_data_in[24]
 la_data_in[25]
 la_data_in[26]
 la_data_in[27]
 la_data_in[28]
 la_data_in[29]
 la_data_in[2]
 la_data_in[30]
 la_data_in[31]
 la_data_in[3]
 la_data_in[4]
 la_data_in[5]
 la_data_in[66]
 la_data_in[67]
 la_data_in[68]
 la_data_in[69]
 la_data_in[6]
 la_data_in[70]
 la_data_in[71]
 la_data_in[72]
 la_data_in[73]
 la_data_in[74]
 la_data_in[75]
 la_data_in[76]
 la_data_in[77]
 la_data_in[78]
 la_data_in[79]
 la_data_in[7]
 la_data_in[80]
 la_data_in[81]
 la_data_in[82]
 la_data_in[83]
 la_data_in[84]
 la_data_in[85]
 la_data_in[86]
 la_data_in[87]
 la_data_in[88]
 la_data_in[89]
 la_data_in[8]
 la_data_in[90]
 la_data_in[91]
 la_data_in[92]
 la_data_in[93]
 la_data_in[94]
 la_data_in[95]
 la_data_in[96]
 la_data_in[97]
 la_data_in[98]
 la_data_in[99]
 la_data_in[9]
 la_oenb[0]
 la_oenb[100]
 la_oenb[101]
 la_oenb[102]
 la_oenb[103]
 la_oenb[104]
 la_oenb[105]
 la_oenb[106]
 la_oenb[107]
 la_oenb[108]
 la_oenb[109]
 la_oenb[10]
 la_oenb[110]
 la_oenb[111]
 la_oenb[112]
 la_oenb[113]
 la_oenb[114]
 la_oenb[115]
 la_oenb[116]
 la_oenb[117]
 la_oenb[118]
 la_oenb[119]
 la_oenb[11]
 la_oenb[120]
 la_oenb[121]
 la_oenb[122]
 la_oenb[123]
 la_oenb[124]
 la_oenb[125]
 la_oenb[126]
 la_oenb[127]
 la_oenb[12]
 la_oenb[13]
 la_oenb[14]
 la_oenb[15]
 la_oenb[16]
 la_oenb[17]
 la_oenb[18]
 la_oenb[19]
 la_oenb[1]
 la_oenb[20]
 la_oenb[21]
 la_oenb[22]
 la_oenb[23]
 la_oenb[24]
 la_oenb[25]
 la_oenb[26]
 la_oenb[27]
 la_oenb[28]
 la_oenb[29]
 la_oenb[2]
 la_oenb[30]
 la_oenb[31]
 la_oenb[3]
 la_oenb[4]
 la_oenb[5]
 la_oenb[66]
 la_oenb[67]
 la_oenb[68]
 la_oenb[69]
 la_oenb[6]
 la_oenb[70]
 la_oenb[71]
 la_oenb[72]
 la_oenb[73]
 la_oenb[74]
 la_oenb[75]
 la_oenb[76]
 la_oenb[77]
 la_oenb[78]
 la_oenb[79]
 la_oenb[7]
 la_oenb[80]
 la_oenb[81]
 la_oenb[82]
 la_oenb[83]
 la_oenb[84]
 la_oenb[85]
 la_oenb[86]
 la_oenb[87]
 la_oenb[88]
 la_oenb[89]
 la_oenb[8]
 la_oenb[90]
 la_oenb[91]
 la_oenb[92]
 la_oenb[93]
 la_oenb[94]
 la_oenb[95]
 la_oenb[96]
 la_oenb[97]
 la_oenb[98]
 la_oenb[99]
 la_oenb[9]
 user_clock2
 wbs_adr_i[0]
 wbs_adr_i[10]
 wbs_adr_i[11]
 wbs_adr_i[12]
 wbs_adr_i[13]
 wbs_adr_i[14]
 wbs_adr_i[15]
 wbs_adr_i[16]
 wbs_adr_i[17]
 wbs_adr_i[18]
 wbs_adr_i[19]
 wbs_adr_i[1]
 wbs_adr_i[20]
 wbs_adr_i[21]
 wbs_adr_i[22]
 wbs_adr_i[23]
 wbs_adr_i[24]
 wbs_adr_i[25]
 wbs_adr_i[26]
 wbs_adr_i[27]
 wbs_adr_i[28]
 wbs_adr_i[29]
 wbs_adr_i[2]
 wbs_adr_i[30]
 wbs_adr_i[31]
 wbs_adr_i[3]
 wbs_adr_i[4]
 wbs_adr_i[5]
 wbs_adr_i[6]
 wbs_adr_i[7]
 wbs_adr_i[8]
 wbs_adr_i[9]
 user_project_wrapper_430/HI
 user_project_wrapper_431/HI
 user_project_wrapper_432/HI
 user_project_wrapper_433/HI
 user_project_wrapper_434/HI
 user_project_wrapper_435/HI
 user_project_wrapper_436/HI
 user_project_wrapper_437/HI
 user_project_wrapper_438/HI
 user_project_wrapper_439/HI
 user_project_wrapper_440/HI
 user_project_wrapper_441/HI
 user_project_wrapper_442/HI
 user_project_wrapper_443/HI
 user_project_wrapper_444/HI
 user_project_wrapper_445/HI
 user_project_wrapper_446/HI
 user_project_wrapper_447/HI
 user_project_wrapper_448/HI
 user_project_wrapper_449/HI
 user_project_wrapper_450/HI
 user_project_wrapper_451/HI
 user_project_wrapper_452/HI
 user_project_wrapper_453/HI
 user_project_wrapper_454/HI
 user_project_wrapper_455/HI
 user_project_wrapper_456/HI
 user_project_wrapper_457/HI
 user_project_wrapper_458/HI
 user_project_wrapper_459/HI
 user_project_wrapper_460/HI
 user_project_wrapper_461/HI
 user_project_wrapper_462/HI
 user_project_wrapper_463/HI
 user_project_wrapper_464/HI
 user_project_wrapper_465/HI
 user_project_wrapper_466/HI
 user_project_wrapper_467/HI
 user_project_wrapper_468/HI
 user_project_wrapper_469/HI
 user_project_wrapper_470/HI
 user_project_wrapper_471/HI
 user_project_wrapper_472/HI
 user_project_wrapper_473/HI
 user_project_wrapper_474/HI
 user_project_wrapper_475/HI
 user_project_wrapper_476/HI
 user_project_wrapper_477/HI
 user_project_wrapper_478/HI
 user_project_wrapper_479/HI
 user_project_wrapper_480/HI
 user_project_wrapper_481/HI
 user_project_wrapper_482/HI
 user_project_wrapper_483/HI
 user_project_wrapper_484/HI
 user_project_wrapper_485/HI
 user_project_wrapper_486/HI
 user_project_wrapper_487/HI
 user_project_wrapper_488/HI
 user_project_wrapper_489/HI
 user_project_wrapper_490/HI
 user_project_wrapper_491/HI
 user_project_wrapper_492/HI
 user_project_wrapper_493/HI
 user_project_wrapper_494/HI
 user_project_wrapper_495/HI
 user_project_wrapper_496/HI
 user_project_wrapper_497/HI
 user_project_wrapper_498/HI
 user_project_wrapper_499/HI
 user_project_wrapper_500/HI
 user_project_wrapper_501/HI
 user_project_wrapper_502/HI
 user_project_wrapper_503/HI
 user_project_wrapper_504/HI
 user_project_wrapper_505/HI
 user_project_wrapper_506/HI
 user_project_wrapper_507/HI
 user_project_wrapper_508/HI
 user_project_wrapper_509/HI
 user_project_wrapper_510/HI
 user_project_wrapper_511/HI
 user_project_wrapper_512/HI
 user_project_wrapper_513/HI
 user_project_wrapper_514/HI
 user_project_wrapper_515/HI
 user_project_wrapper_516/HI
 user_project_wrapper_517/HI
 user_project_wrapper_518/HI
 user_project_wrapper_519/HI
 user_project_wrapper_520/HI
 user_project_wrapper_521/HI
 user_project_wrapper_522/HI
 user_project_wrapper_523/HI
 user_project_wrapper_524/HI
 user_project_wrapper_525/HI
 user_project_wrapper_526/HI
 user_project_wrapper_527/HI
 user_project_wrapper_528/HI
 user_project_wrapper_529/HI
 user_project_wrapper_530/HI
 user_project_wrapper_531/HI
 user_project_wrapper_532/HI
 user_project_wrapper_533/HI
 user_project_wrapper_534/HI
 user_project_wrapper_535/HI
Found 0 partially unannotated drivers.
parastic_annotation_check
check_slew

===========================================================================
 report_check_types -max_slew -max_cap -max_fanout -violators
============================================================================
max fanout

Pin                                   Limit Fanout  Slack
---------------------------------------------------------
_311_/X                                  18     47    -29 (VIOLATED)
input101/X                               18     47    -29 (VIOLATED)
wire428/X                                18     28    -10 (VIOLATED)
input102/X                               18     23     -5 (VIOLATED)
input74/X                                18     23     -5 (VIOLATED)
input77/X                                18     21     -3 (VIOLATED)
wire349/X                                18     21     -3 (VIOLATED)
wire347/X                                18     19        (VIOLATED)


===========================================================================
max slew violation count 0
max fanout violation count 8
max cap violation count 0
============================================================================
check_slew_end
tns_report

===========================================================================
 report_tns
============================================================================
tns 0.00
tns_report_end
wns_report

===========================================================================
 report_wns
============================================================================
wns 0.00
wns_report_end
worst_slack

===========================================================================
 report_worst_slack -max (Setup)
============================================================================
worst slack 12.49

===========================================================================
 report_worst_slack -min (Hold)
============================================================================
worst slack 0.30
worst_slack_end
clock_skew

===========================================================================
 report_clock_skew
============================================================================
Clock clk
Latency      CRPR       Skew
_566_/CLK ^
  11.12
_534_/CLK ^
   7.91      0.00       3.20

clock_skew_end
power_report

===========================================================================
 report_power
============================================================================
Group                  Internal  Switching    Leakage      Total
                          Power      Power      Power      Power (Watts)
----------------------------------------------------------------
Sequential             5.50e-05   3.72e-05   5.66e-10   9.22e-05   9.5%
Combinational          2.66e-04   6.10e-04   4.94e-07   8.76e-04  90.5%
Macro                  0.00e+00   0.00e+00   0.00e+00   0.00e+00   0.0%
Pad                    0.00e+00   0.00e+00   0.00e+00   0.00e+00   0.0%
----------------------------------------------------------------
Total                  3.21e-04   6.47e-04   4.95e-07   9.68e-04 100.0%
                          33.1%      66.8%       0.1%
power_report_end
area_report

===========================================================================
 report_design_area
============================================================================
Design area 199682 u^2 2% utilization.
area_report_end
Setting global connections for newly added cells...
[WARNING] Did not save OpenROAD database!
Writing SDF to /home/passant/caravel_user_project/openlane/user_project_wrapper/runs/23_02_16_15_02/results/routing/mca/process_corner_nom/user_project_wrapper.sdf...
Writing timing model to /home/passant/caravel_user_project/openlane/user_project_wrapper/runs/23_02_16_15_02/results/routing/mca/process_corner_nom/user_project_wrapper.lib...

