
===========================================================================
report_checks -path_delay min (Hold)
============================================================================
Startpoint: la_oenb[40] (input port clocked by clk)
Endpoint: _547_ (rising edge-triggered flip-flop clocked by clk)
Path Group: clk
Path Type: min

Fanout     Cap    Slew   Delay    Time   Description
-----------------------------------------------------------------------------
                          0.00    0.00   clock clk (rise edge)
                          6.00    6.00   clock network delay (propagated)
                          0.66    6.66 v input external delay
                  0.07    0.00    6.66 v la_oenb[40] (in)
     1    0.00                           la_oenb[40] (net)
                  0.07    0.00    6.66 v hold966/A (sky130_fd_sc_hd__buf_2)
                  0.02    0.12    6.78 v hold966/X (sky130_fd_sc_hd__buf_2)
     1    0.00                           net1509 (net)
                  0.02    0.00    6.78 v hold51/A (sky130_fd_sc_hd__buf_2)
                  0.02    0.10    6.88 v hold51/X (sky130_fd_sc_hd__buf_2)
     1    0.00                           net594 (net)
                  0.02    0.00    6.88 v hold967/A (sky130_fd_sc_hd__buf_2)
                  0.03    0.11    6.99 v hold967/X (sky130_fd_sc_hd__buf_2)
     1    0.01                           net1510 (net)
                  0.03    0.00    6.99 v input43/A (sky130_fd_sc_hd__clkbuf_2)
                  0.03    0.09    7.08 v input43/X (sky130_fd_sc_hd__clkbuf_2)
     1    0.00                           net43 (net)
                  0.03    0.00    7.08 v hold968/A (sky130_fd_sc_hd__buf_2)
                  0.02    0.10    7.18 v hold968/X (sky130_fd_sc_hd__buf_2)
     1    0.00                           net1511 (net)
                  0.02    0.00    7.18 v hold52/A (sky130_fd_sc_hd__buf_2)
                  0.03    0.11    7.29 v hold52/X (sky130_fd_sc_hd__buf_2)
     2    0.01                           net595 (net)
                  0.03    0.00    7.29 v _375_/A_N (sky130_fd_sc_hd__and3b_1)
                  0.06    0.19    7.48 ^ _375_/X (sky130_fd_sc_hd__and3b_1)
     1    0.00                           _145_ (net)
                  0.06    0.00    7.48 ^ hold602/A (sky130_fd_sc_hd__buf_2)
                  0.03    0.10    7.58 ^ hold602/X (sky130_fd_sc_hd__buf_2)
     1    0.00                           net1145 (net)
                  0.03    0.00    7.58 ^ hold253/A (sky130_fd_sc_hd__buf_2)
                  0.03    0.09    7.67 ^ hold253/X (sky130_fd_sc_hd__buf_2)
     1    0.00                           net796 (net)
                  0.03    0.00    7.67 ^ hold603/A (sky130_fd_sc_hd__buf_2)
                  0.03    0.08    7.75 ^ hold603/X (sky130_fd_sc_hd__buf_2)
     1    0.00                           net1146 (net)
                  0.03    0.00    7.75 ^ hold53/A (sky130_fd_sc_hd__buf_2)
                  0.03    0.09    7.84 ^ hold53/X (sky130_fd_sc_hd__buf_2)
     1    0.00                           net596 (net)
                  0.03    0.00    7.84 ^ hold604/A (sky130_fd_sc_hd__buf_2)
                  0.03    0.09    7.92 ^ hold604/X (sky130_fd_sc_hd__buf_2)
     1    0.00                           net1147 (net)
                  0.03    0.00    7.92 ^ hold254/A (sky130_fd_sc_hd__buf_2)
                  0.03    0.08    8.01 ^ hold254/X (sky130_fd_sc_hd__buf_2)
     1    0.00                           net797 (net)
                  0.03    0.00    8.01 ^ hold605/A (sky130_fd_sc_hd__buf_2)
                  0.03    0.09    8.10 ^ hold605/X (sky130_fd_sc_hd__buf_2)
     1    0.00                           net1148 (net)
                  0.03    0.00    8.10 ^ _377_/C1 (sky130_fd_sc_hd__a221o_1)
                  0.04    0.09    8.18 ^ _377_/X (sky130_fd_sc_hd__a221o_1)
     1    0.00                           _147_ (net)
                  0.04    0.00    8.18 ^ hold606/A (sky130_fd_sc_hd__buf_2)
                  0.03    0.09    8.27 ^ hold606/X (sky130_fd_sc_hd__buf_2)
     1    0.00                           net1149 (net)
                  0.03    0.00    8.27 ^ hold255/A (sky130_fd_sc_hd__buf_2)
                  0.03    0.08    8.35 ^ hold255/X (sky130_fd_sc_hd__buf_2)
     1    0.00                           net798 (net)
                  0.03    0.00    8.35 ^ hold607/A (sky130_fd_sc_hd__buf_2)
                  0.03    0.09    8.44 ^ hold607/X (sky130_fd_sc_hd__buf_2)
     1    0.00                           net1150 (net)
                  0.03    0.00    8.44 ^ hold54/A (sky130_fd_sc_hd__buf_2)
                  0.03    0.08    8.52 ^ hold54/X (sky130_fd_sc_hd__buf_2)
     1    0.00                           net597 (net)
                  0.03    0.00    8.52 ^ hold608/A (sky130_fd_sc_hd__buf_2)
                  0.03    0.08    8.60 ^ hold608/X (sky130_fd_sc_hd__buf_2)
     1    0.00                           net1151 (net)
                  0.03    0.00    8.60 ^ hold256/A (sky130_fd_sc_hd__buf_2)
                  0.03    0.08    8.68 ^ hold256/X (sky130_fd_sc_hd__buf_2)
     1    0.00                           net799 (net)
                  0.03    0.00    8.68 ^ hold609/A (sky130_fd_sc_hd__buf_2)
                  0.03    0.08    8.77 ^ hold609/X (sky130_fd_sc_hd__buf_2)
     1    0.00                           net1152 (net)
                  0.03    0.00    8.77 ^ _378_/B (sky130_fd_sc_hd__and2_4)
                  0.05    0.14    8.90 ^ _378_/X (sky130_fd_sc_hd__and2_4)
     1    0.01                           _041_ (net)
                  0.05    0.00    8.90 ^ hold610/A (sky130_fd_sc_hd__buf_2)
                  0.06    0.12    9.02 ^ hold610/X (sky130_fd_sc_hd__buf_2)
     1    0.01                           net1153 (net)
                  0.06    0.00    9.02 ^ hold257/A (sky130_fd_sc_hd__buf_2)
                  0.06    0.12    9.14 ^ hold257/X (sky130_fd_sc_hd__buf_2)
     1    0.01                           net800 (net)
                  0.06    0.00    9.14 ^ hold611/A (sky130_fd_sc_hd__buf_2)
                  0.05    0.11    9.25 ^ hold611/X (sky130_fd_sc_hd__buf_2)
     1    0.01                           net1154 (net)
                  0.05    0.00    9.25 ^ hold55/A (sky130_fd_sc_hd__buf_2)
                  0.06    0.12    9.37 ^ hold55/X (sky130_fd_sc_hd__buf_2)
     1    0.01                           net598 (net)
                  0.06    0.00    9.37 ^ hold612/A (sky130_fd_sc_hd__buf_2)
                  0.05    0.12    9.49 ^ hold612/X (sky130_fd_sc_hd__buf_2)
     1    0.01                           net1155 (net)
                  0.05    0.00    9.49 ^ hold258/A (sky130_fd_sc_hd__buf_2)
                  0.06    0.12    9.60 ^ hold258/X (sky130_fd_sc_hd__buf_2)
     1    0.01                           net801 (net)
                  0.06    0.00    9.60 ^ hold613/A (sky130_fd_sc_hd__buf_2)
                  0.05    0.11    9.71 ^ hold613/X (sky130_fd_sc_hd__buf_2)
     1    0.01                           net1156 (net)
                  0.05    0.00    9.72 ^ _547_/D (sky130_fd_sc_hd__dfxtp_4)
                                  9.72   data arrival time

                          0.00    0.00   clock clk (rise edge)
                          7.25    7.25   clock source latency
                  1.16    0.00    7.25 ^ wb_clk_i (in)
     1    0.01                           wb_clk_i (net)
                  1.16    0.00    7.25 ^ _280_/A1 (sky130_fd_sc_hd__mux2_2)
                  0.10    0.37    7.62 ^ _280_/X (sky130_fd_sc_hd__mux2_2)
     1    0.01                           mprj.clk (net)
                  0.10    0.00    7.62 ^ wire2/A (sky130_fd_sc_hd__buf_12)
                  0.13    0.17    7.79 ^ wire2/X (sky130_fd_sc_hd__buf_12)
     2    0.12                           net537 (net)
                  0.17    0.06    7.85 ^ wire1/A (sky130_fd_sc_hd__buf_12)
                  0.15    0.19    8.05 ^ wire1/X (sky130_fd_sc_hd__buf_12)
     2    0.13                           net536 (net)
                  0.20    0.07    8.12 ^ clkbuf_0_mprj.clk/A (sky130_fd_sc_hd__clkbuf_16)
                  0.12    0.25    8.37 ^ clkbuf_0_mprj.clk/X (sky130_fd_sc_hd__clkbuf_16)
     2    0.11                           clknet_0_mprj.clk (net)
                  0.13    0.01    8.38 ^ clkbuf_1_1_0_mprj.clk/A (sky130_fd_sc_hd__clkbuf_8)
                  0.08    0.19    8.57 ^ clkbuf_1_1_0_mprj.clk/X (sky130_fd_sc_hd__clkbuf_8)
     2    0.04                           clknet_1_1_0_mprj.clk (net)
                  0.08    0.00    8.57 ^ clkbuf_2_2_0_mprj.clk/A (sky130_fd_sc_hd__clkbuf_8)
                  0.09    0.18    8.75 ^ clkbuf_2_2_0_mprj.clk/X (sky130_fd_sc_hd__clkbuf_8)
     1    0.04                           clknet_2_2_0_mprj.clk (net)
                  0.09    0.01    8.76 ^ clkbuf_2_2_1_mprj.clk/A (sky130_fd_sc_hd__clkbuf_8)
                  0.10    0.19    8.95 ^ clkbuf_2_2_1_mprj.clk/X (sky130_fd_sc_hd__clkbuf_8)
     2    0.05                           clknet_2_2_1_mprj.clk (net)
                  0.10    0.01    8.96 ^ clkbuf_3_4_0_mprj.clk/A (sky130_fd_sc_hd__clkbuf_8)
                  0.31    0.29    9.25 ^ clkbuf_3_4_0_mprj.clk/X (sky130_fd_sc_hd__clkbuf_8)
     6    0.18                           clknet_3_4_0_mprj.clk (net)
                  0.33    0.06    9.31 ^ _547_/CLK (sky130_fd_sc_hd__dfxtp_4)
                          0.10    9.41   clock uncertainty
                          0.00    9.41   clock reconvergence pessimism
                          0.00    9.42   library hold time
                                  9.42   data required time
-----------------------------------------------------------------------------
                                  9.42   data required time
                                 -9.72   data arrival time
-----------------------------------------------------------------------------
                                  0.30   slack (MET)


Startpoint: wbs_sel_i[3] (input port clocked by clk)
Endpoint: _570_ (rising edge-triggered flip-flop clocked by clk)
Path Group: clk
Path Type: min

Fanout     Cap    Slew   Delay    Time   Description
-----------------------------------------------------------------------------
                          0.00    0.00   clock clk (rise edge)
                          6.00    6.00   clock network delay (propagated)
                          1.79    7.79 v input external delay
                  0.08    0.00    7.79 v wbs_sel_i[3] (in)
     1    0.00                           wbs_sel_i[3] (net)
                  0.08    0.00    7.79 v input106/A (sky130_fd_sc_hd__buf_4)
                  0.09    0.20    7.99 v input106/X (sky130_fd_sc_hd__buf_4)
     2    0.07                           net106 (net)
                  0.10    0.02    8.01 v _464_/A (sky130_fd_sc_hd__nand2_1)
                  0.11    0.12    8.13 ^ _464_/Y (sky130_fd_sc_hd__nand2_1)
     1    0.01                           _218_ (net)
                  0.11    0.00    8.13 ^ _465_/A2 (sky130_fd_sc_hd__a21o_4)
                  0.18    0.23    8.36 ^ _465_/X (sky130_fd_sc_hd__a21o_4)
     2    0.06                           _219_ (net)
                  0.18    0.02    8.37 ^ hold652/A (sky130_fd_sc_hd__buf_12)
                  0.14    0.19    8.57 ^ hold652/X (sky130_fd_sc_hd__buf_12)
     2    0.11                           net1195 (net)
                  0.14    0.02    8.59 ^ wire264/A (sky130_fd_sc_hd__buf_12)
                  0.07    0.14    8.73 ^ wire264/X (sky130_fd_sc_hd__buf_12)
     1    0.06                           net264 (net)
                  0.08    0.01    8.75 ^ hold653/A (sky130_fd_sc_hd__buf_12)
                  0.17    0.16    8.91 ^ hold653/X (sky130_fd_sc_hd__buf_12)
     7    0.15                           net1196 (net)
                  0.17    0.01    8.92 ^ _504_/A1 (sky130_fd_sc_hd__a31o_1)
                  0.04    0.15    9.07 ^ _504_/X (sky130_fd_sc_hd__a31o_1)
     1    0.00                           _251_ (net)
                  0.04    0.00    9.07 ^ hold823/A (sky130_fd_sc_hd__buf_2)
                  0.03    0.09    9.16 ^ hold823/X (sky130_fd_sc_hd__buf_2)
     1    0.00                           net1366 (net)
                  0.03    0.00    9.16 ^ hold422/A (sky130_fd_sc_hd__buf_2)
                  0.03    0.08    9.24 ^ hold422/X (sky130_fd_sc_hd__buf_2)
     1    0.00                           net965 (net)
                  0.03    0.00    9.24 ^ hold126/A (sky130_fd_sc_hd__buf_2)
                  0.03    0.08    9.33 ^ hold126/X (sky130_fd_sc_hd__buf_2)
     1    0.00                           net669 (net)
                  0.03    0.00    9.33 ^ hold423/A (sky130_fd_sc_hd__buf_2)
                  0.02    0.08    9.41 ^ hold423/X (sky130_fd_sc_hd__buf_2)
     1    0.00                           net966 (net)
                  0.02    0.00    9.41 ^ _505_/B (sky130_fd_sc_hd__and2_1)
                  0.05    0.11    9.51 ^ _505_/X (sky130_fd_sc_hd__and2_1)
     1    0.00                           _064_ (net)
                  0.05    0.00    9.51 ^ hold424/A (sky130_fd_sc_hd__buf_2)
                  0.03    0.09    9.60 ^ hold424/X (sky130_fd_sc_hd__buf_2)
     1    0.00                           net967 (net)
                  0.03    0.00    9.60 ^ hold127/A (sky130_fd_sc_hd__buf_2)
                  0.03    0.08    9.68 ^ hold127/X (sky130_fd_sc_hd__buf_2)
     1    0.00                           net670 (net)
                  0.03    0.00    9.68 ^ hold425/A (sky130_fd_sc_hd__buf_2)
                  0.03    0.08    9.77 ^ hold425/X (sky130_fd_sc_hd__buf_2)
     1    0.00                           net968 (net)
                  0.03    0.00    9.77 ^ _570_/D (sky130_fd_sc_hd__dfxtp_4)
                                  9.77   data arrival time

                          0.00    0.00   clock clk (rise edge)
                          7.25    7.25   clock source latency
                  1.16    0.00    7.25 ^ wb_clk_i (in)
     1    0.01                           wb_clk_i (net)
                  1.16    0.00    7.25 ^ _280_/A1 (sky130_fd_sc_hd__mux2_2)
                  0.10    0.37    7.62 ^ _280_/X (sky130_fd_sc_hd__mux2_2)
     1    0.01                           mprj.clk (net)
                  0.10    0.00    7.62 ^ wire2/A (sky130_fd_sc_hd__buf_12)
                  0.13    0.17    7.79 ^ wire2/X (sky130_fd_sc_hd__buf_12)
     2    0.12                           net537 (net)
                  0.17    0.06    7.85 ^ wire1/A (sky130_fd_sc_hd__buf_12)
                  0.15    0.19    8.05 ^ wire1/X (sky130_fd_sc_hd__buf_12)
     2    0.13                           net536 (net)
                  0.20    0.07    8.12 ^ clkbuf_0_mprj.clk/A (sky130_fd_sc_hd__clkbuf_16)
                  0.12    0.25    8.37 ^ clkbuf_0_mprj.clk/X (sky130_fd_sc_hd__clkbuf_16)
     2    0.11                           clknet_0_mprj.clk (net)
                  0.12    0.01    8.38 ^ clkbuf_1_0_0_mprj.clk/A (sky130_fd_sc_hd__clkbuf_8)
                  0.08    0.19    8.56 ^ clkbuf_1_0_0_mprj.clk/X (sky130_fd_sc_hd__clkbuf_8)
     2    0.04                           clknet_1_0_0_mprj.clk (net)
                  0.08    0.01    8.57 ^ clkbuf_2_1_0_mprj.clk/A (sky130_fd_sc_hd__clkbuf_8)
                  0.09    0.18    8.75 ^ clkbuf_2_1_0_mprj.clk/X (sky130_fd_sc_hd__clkbuf_8)
     1    0.05                           clknet_2_1_0_mprj.clk (net)
                  0.09    0.01    8.76 ^ clkbuf_2_1_1_mprj.clk/A (sky130_fd_sc_hd__clkbuf_8)
                  0.08    0.18    8.94 ^ clkbuf_2_1_1_mprj.clk/X (sky130_fd_sc_hd__clkbuf_8)
     2    0.04                           clknet_2_1_1_mprj.clk (net)
                  0.08    0.00    8.94 ^ clkbuf_3_3_0_mprj.clk/A (sky130_fd_sc_hd__clkbuf_8)
                  0.05    0.15    9.10 ^ clkbuf_3_3_0_mprj.clk/X (sky130_fd_sc_hd__clkbuf_8)
     1    0.02                           clknet_3_3_0_mprj.clk (net)
                  0.05    0.00    9.10 ^ wire5/A (sky130_fd_sc_hd__buf_12)
                  0.21    0.18    9.28 ^ wire5/X (sky130_fd_sc_hd__buf_12)
    15    0.19                           net540 (net)
                  0.24    0.06    9.34 ^ _570_/CLK (sky130_fd_sc_hd__dfxtp_4)
                          0.10    9.44   clock uncertainty
                          0.00    9.44   clock reconvergence pessimism
                          0.00    9.43   library hold time
                                  9.43   data required time
-----------------------------------------------------------------------------
                                  9.43   data required time
                                 -9.77   data arrival time
-----------------------------------------------------------------------------
                                  0.33   slack (MET)


Startpoint: wbs_sel_i[3] (input port clocked by clk)
Endpoint: _569_ (rising edge-triggered flip-flop clocked by clk)
Path Group: clk
Path Type: min

Fanout     Cap    Slew   Delay    Time   Description
-----------------------------------------------------------------------------
                          0.00    0.00   clock clk (rise edge)
                          6.00    6.00   clock network delay (propagated)
                          1.79    7.79 ^ input external delay
                  0.08    0.00    7.79 ^ wbs_sel_i[3] (in)
     1    0.00                           wbs_sel_i[3] (net)
                  0.08    0.00    7.79 ^ input106/A (sky130_fd_sc_hd__buf_4)
                  0.19    0.21    8.00 ^ input106/X (sky130_fd_sc_hd__buf_4)
     2    0.07                           net106 (net)
                  0.19    0.02    8.02 ^ _468_/A (sky130_fd_sc_hd__and3_4)
                  0.33    0.40    8.42 ^ _468_/X (sky130_fd_sc_hd__and3_4)
     8    0.11                           _222_ (net)
                  0.33    0.01    8.43 ^ _499_/B1 (sky130_fd_sc_hd__a32o_1)
                  0.08    0.19    8.62 ^ _499_/X (sky130_fd_sc_hd__a32o_1)
     1    0.01                           _247_ (net)
                  0.08    0.00    8.62 ^ _500_/A2 (sky130_fd_sc_hd__o21a_4)
                  0.04    0.12    8.74 ^ _500_/X (sky130_fd_sc_hd__o21a_4)
     1    0.01                           _063_ (net)
                  0.04    0.00    8.74 ^ hold919/A (sky130_fd_sc_hd__buf_2)
                  0.04    0.09    8.83 ^ hold919/X (sky130_fd_sc_hd__buf_2)
     1    0.01                           net1462 (net)
                  0.04    0.00    8.83 ^ hold542/A (sky130_fd_sc_hd__buf_2)
                  0.04    0.09    8.93 ^ hold542/X (sky130_fd_sc_hd__buf_2)
     1    0.01                           net1085 (net)
                  0.04    0.00    8.93 ^ hold920/A (sky130_fd_sc_hd__buf_2)
                  0.04    0.10    9.02 ^ hold920/X (sky130_fd_sc_hd__buf_2)
     1    0.01                           net1463 (net)
                  0.04    0.00    9.02 ^ hold227/A (sky130_fd_sc_hd__buf_2)
                  0.04    0.10    9.12 ^ hold227/X (sky130_fd_sc_hd__buf_2)
     1    0.01                           net770 (net)
                  0.04    0.00    9.12 ^ hold921/A (sky130_fd_sc_hd__buf_2)
                  0.04    0.09    9.21 ^ hold921/X (sky130_fd_sc_hd__buf_2)
     1    0.01                           net1464 (net)
                  0.04    0.00    9.21 ^ hold543/A (sky130_fd_sc_hd__buf_2)
                  0.04    0.09    9.31 ^ hold543/X (sky130_fd_sc_hd__buf_2)
     1    0.01                           net1086 (net)
                  0.04    0.00    9.31 ^ hold922/A (sky130_fd_sc_hd__buf_2)
                  0.04    0.09    9.40 ^ hold922/X (sky130_fd_sc_hd__buf_2)
     1    0.01                           net1465 (net)
                  0.04    0.00    9.40 ^ hold4/A (sky130_fd_sc_hd__buf_2)
                  0.04    0.09    9.50 ^ hold4/X (sky130_fd_sc_hd__buf_2)
     1    0.01                           net547 (net)
                  0.04    0.00    9.50 ^ hold923/A (sky130_fd_sc_hd__buf_2)
                  0.04    0.10    9.59 ^ hold923/X (sky130_fd_sc_hd__buf_2)
     1    0.01                           net1466 (net)
                  0.04    0.00    9.59 ^ hold544/A (sky130_fd_sc_hd__buf_2)
                  0.04    0.09    9.69 ^ hold544/X (sky130_fd_sc_hd__buf_2)
     1    0.01                           net1087 (net)
                  0.04    0.00    9.69 ^ hold924/A (sky130_fd_sc_hd__buf_2)
                  0.04    0.09    9.78 ^ hold924/X (sky130_fd_sc_hd__buf_2)
     1    0.01                           net1467 (net)
                  0.04    0.00    9.78 ^ hold228/A (sky130_fd_sc_hd__buf_2)
                  0.05    0.11    9.89 ^ hold228/X (sky130_fd_sc_hd__buf_2)
     1    0.01                           net771 (net)
                  0.05    0.00    9.89 ^ hold545/A (sky130_fd_sc_hd__buf_2)
                  0.05    0.11   10.00 ^ hold545/X (sky130_fd_sc_hd__buf_2)
     1    0.01                           net1088 (net)
                  0.05    0.00   10.00 ^ _569_/D (sky130_fd_sc_hd__dfxtp_4)
                                 10.00   data arrival time

                          0.00    0.00   clock clk (rise edge)
                          7.25    7.25   clock source latency
                  1.16    0.00    7.25 ^ wb_clk_i (in)
     1    0.01                           wb_clk_i (net)
                  1.16    0.00    7.25 ^ _280_/A1 (sky130_fd_sc_hd__mux2_2)
                  0.10    0.37    7.62 ^ _280_/X (sky130_fd_sc_hd__mux2_2)
     1    0.01                           mprj.clk (net)
                  0.10    0.00    7.62 ^ wire2/A (sky130_fd_sc_hd__buf_12)
                  0.13    0.17    7.79 ^ wire2/X (sky130_fd_sc_hd__buf_12)
     2    0.12                           net537 (net)
                  0.17    0.06    7.85 ^ wire1/A (sky130_fd_sc_hd__buf_12)
                  0.15    0.19    8.05 ^ wire1/X (sky130_fd_sc_hd__buf_12)
     2    0.13                           net536 (net)
                  0.20    0.07    8.12 ^ clkbuf_0_mprj.clk/A (sky130_fd_sc_hd__clkbuf_16)
                  0.12    0.25    8.37 ^ clkbuf_0_mprj.clk/X (sky130_fd_sc_hd__clkbuf_16)
     2    0.11                           clknet_0_mprj.clk (net)
                  0.12    0.01    8.38 ^ clkbuf_1_0_0_mprj.clk/A (sky130_fd_sc_hd__clkbuf_8)
                  0.08    0.19    8.56 ^ clkbuf_1_0_0_mprj.clk/X (sky130_fd_sc_hd__clkbuf_8)
     2    0.04                           clknet_1_0_0_mprj.clk (net)
                  0.08    0.01    8.57 ^ clkbuf_2_1_0_mprj.clk/A (sky130_fd_sc_hd__clkbuf_8)
                  0.09    0.18    8.75 ^ clkbuf_2_1_0_mprj.clk/X (sky130_fd_sc_hd__clkbuf_8)
     1    0.05                           clknet_2_1_0_mprj.clk (net)
                  0.09    0.01    8.76 ^ clkbuf_2_1_1_mprj.clk/A (sky130_fd_sc_hd__clkbuf_8)
                  0.08    0.18    8.94 ^ clkbuf_2_1_1_mprj.clk/X (sky130_fd_sc_hd__clkbuf_8)
     2    0.04                           clknet_2_1_1_mprj.clk (net)
                  0.08    0.00    8.94 ^ clkbuf_3_2_0_mprj.clk/A (sky130_fd_sc_hd__clkbuf_8)
                  0.04    0.14    9.08 ^ clkbuf_3_2_0_mprj.clk/X (sky130_fd_sc_hd__clkbuf_8)
     1    0.01                           clknet_3_2_0_mprj.clk (net)
                  0.04    0.00    9.08 ^ wire4/A (sky130_fd_sc_hd__buf_12)
                  0.20    0.20    9.28 ^ wire4/X (sky130_fd_sc_hd__buf_12)
     5    0.17                           net539 (net)
                  0.20    0.02    9.29 ^ wire3/A (sky130_fd_sc_hd__buf_12)
                  0.21    0.21    9.51 ^ wire3/X (sky130_fd_sc_hd__buf_12)
     5    0.18                           net538 (net)
                  0.24    0.06    9.57 ^ _569_/CLK (sky130_fd_sc_hd__dfxtp_4)
                          0.10    9.67   clock uncertainty
                          0.00    9.67   clock reconvergence pessimism
                         -0.01    9.66   library hold time
                                  9.66   data required time
-----------------------------------------------------------------------------
                                  9.66   data required time
                                -10.00   data arrival time
-----------------------------------------------------------------------------
                                  0.34   slack (MET)


Startpoint: wbs_sel_i[2] (input port clocked by clk)
Endpoint: _555_ (rising edge-triggered flip-flop clocked by clk)
Path Group: clk
Path Type: min

Fanout     Cap    Slew   Delay    Time   Description
-----------------------------------------------------------------------------
                          0.00    0.00   clock clk (rise edge)
                          6.00    6.00   clock network delay (propagated)
                          1.53    7.53 v input external delay
                  0.10    0.00    7.53 v wbs_sel_i[2] (in)
     1    0.00                           wbs_sel_i[2] (net)
                  0.10    0.00    7.53 v hold831/A (sky130_fd_sc_hd__buf_2)
                  0.04    0.15    7.68 v hold831/X (sky130_fd_sc_hd__buf_2)
     1    0.01                           net1374 (net)
                  0.04    0.00    7.68 v input105/A (sky130_fd_sc_hd__buf_12)
                  0.06    0.13    7.82 v input105/X (sky130_fd_sc_hd__buf_12)
     1    0.11                           net105 (net)
                  0.11    0.04    7.86 v hold832/A (sky130_fd_sc_hd__buf_2)
                  0.28    0.32    8.18 v hold832/X (sky130_fd_sc_hd__buf_2)
     3    0.12                           net1375 (net)
                  0.29    0.04    8.22 v _422_/B (sky130_fd_sc_hd__and3_4)
                  0.12    0.36    8.57 v _422_/X (sky130_fd_sc_hd__and3_4)
     8    0.09                           _184_ (net)
                  0.12    0.00    8.58 v _423_/B (sky130_fd_sc_hd__nand2_8)
                  0.09    0.12    8.70 ^ _423_/Y (sky130_fd_sc_hd__nand2_8)
     1    0.04                           _185_ (net)
                  0.09    0.01    8.71 ^ _425_/A1 (sky130_fd_sc_hd__a21oi_4)
                  0.03    0.05    8.76 v _425_/Y (sky130_fd_sc_hd__a21oi_4)
     1    0.00                           _049_ (net)
                  0.03    0.00    8.76 v hold888/A (sky130_fd_sc_hd__buf_2)
                  0.02    0.11    8.86 v hold888/X (sky130_fd_sc_hd__buf_2)
     1    0.00                           net1431 (net)
                  0.02    0.00    8.86 v hold514/A (sky130_fd_sc_hd__buf_2)
                  0.02    0.10    8.97 v hold514/X (sky130_fd_sc_hd__buf_2)
     1    0.00                           net1057 (net)
                  0.02    0.00    8.97 v hold889/A (sky130_fd_sc_hd__buf_2)
                  0.03    0.10    9.07 v hold889/X (sky130_fd_sc_hd__buf_2)
     1    0.00                           net1432 (net)
                  0.03    0.00    9.07 v hold213/A (sky130_fd_sc_hd__buf_2)
                  0.02    0.10    9.17 v hold213/X (sky130_fd_sc_hd__buf_2)
     1    0.00                           net756 (net)
                  0.02    0.00    9.17 v hold890/A (sky130_fd_sc_hd__buf_2)
                  0.03    0.11    9.28 v hold890/X (sky130_fd_sc_hd__buf_2)
     1    0.00                           net1433 (net)
                  0.03    0.00    9.28 v hold515/A (sky130_fd_sc_hd__buf_2)
                  0.03    0.11    9.39 v hold515/X (sky130_fd_sc_hd__buf_2)
     1    0.01                           net1058 (net)
                  0.03    0.00    9.39 v hold8/A (sky130_fd_sc_hd__buf_2)
                  0.03    0.11    9.50 v hold8/X (sky130_fd_sc_hd__buf_2)
     1    0.00                           net551 (net)
                  0.03    0.00    9.50 v hold516/A (sky130_fd_sc_hd__buf_2)
                  0.03    0.11    9.61 v hold516/X (sky130_fd_sc_hd__buf_2)
     1    0.01                           net1059 (net)
                  0.03    0.00    9.61 v hold214/A (sky130_fd_sc_hd__buf_2)
                  0.03    0.11    9.72 v hold214/X (sky130_fd_sc_hd__buf_2)
     1    0.01                           net757 (net)
                  0.03    0.00    9.72 v hold517/A (sky130_fd_sc_hd__buf_2)
                  0.03    0.11    9.83 v hold517/X (sky130_fd_sc_hd__buf_2)
     1    0.01                           net1060 (net)
                  0.03    0.00    9.83 v _555_/D (sky130_fd_sc_hd__dfxtp_4)
                                  9.83   data arrival time

                          0.00    0.00   clock clk (rise edge)
                          7.25    7.25   clock source latency
                  1.16    0.00    7.25 ^ wb_clk_i (in)
     1    0.01                           wb_clk_i (net)
                  1.16    0.00    7.25 ^ _280_/A1 (sky130_fd_sc_hd__mux2_2)
                  0.10    0.37    7.62 ^ _280_/X (sky130_fd_sc_hd__mux2_2)
     1    0.01                           mprj.clk (net)
                  0.10    0.00    7.62 ^ wire2/A (sky130_fd_sc_hd__buf_12)
                  0.13    0.17    7.79 ^ wire2/X (sky130_fd_sc_hd__buf_12)
     2    0.12                           net537 (net)
                  0.17    0.06    7.85 ^ wire1/A (sky130_fd_sc_hd__buf_12)
                  0.15    0.19    8.05 ^ wire1/X (sky130_fd_sc_hd__buf_12)
     2    0.13                           net536 (net)
                  0.20    0.07    8.12 ^ clkbuf_0_mprj.clk/A (sky130_fd_sc_hd__clkbuf_16)
                  0.12    0.25    8.37 ^ clkbuf_0_mprj.clk/X (sky130_fd_sc_hd__clkbuf_16)
     2    0.11                           clknet_0_mprj.clk (net)
                  0.13    0.01    8.38 ^ clkbuf_1_1_0_mprj.clk/A (sky130_fd_sc_hd__clkbuf_8)
                  0.08    0.19    8.57 ^ clkbuf_1_1_0_mprj.clk/X (sky130_fd_sc_hd__clkbuf_8)
     2    0.04                           clknet_1_1_0_mprj.clk (net)
                  0.08    0.00    8.57 ^ clkbuf_2_2_0_mprj.clk/A (sky130_fd_sc_hd__clkbuf_8)
                  0.09    0.18    8.75 ^ clkbuf_2_2_0_mprj.clk/X (sky130_fd_sc_hd__clkbuf_8)
     1    0.04                           clknet_2_2_0_mprj.clk (net)
                  0.09    0.01    8.76 ^ clkbuf_2_2_1_mprj.clk/A (sky130_fd_sc_hd__clkbuf_8)
                  0.10    0.19    8.95 ^ clkbuf_2_2_1_mprj.clk/X (sky130_fd_sc_hd__clkbuf_8)
     2    0.05                           clknet_2_2_1_mprj.clk (net)
                  0.10    0.01    8.96 ^ clkbuf_3_4_0_mprj.clk/A (sky130_fd_sc_hd__clkbuf_8)
                  0.31    0.29    9.25 ^ clkbuf_3_4_0_mprj.clk/X (sky130_fd_sc_hd__clkbuf_8)
     6    0.18                           clknet_3_4_0_mprj.clk (net)
                  0.36    0.10    9.35 ^ _555_/CLK (sky130_fd_sc_hd__dfxtp_4)
                          0.10    9.45   clock uncertainty
                          0.00    9.45   clock reconvergence pessimism
                          0.03    9.48   library hold time
                                  9.48   data required time
-----------------------------------------------------------------------------
                                  9.48   data required time
                                 -9.83   data arrival time
-----------------------------------------------------------------------------
                                  0.35   slack (MET)


Startpoint: la_data_in[44] (input port clocked by clk)
Endpoint: _551_ (rising edge-triggered flip-flop clocked by clk)
Path Group: clk
Path Type: min

Fanout     Cap    Slew   Delay    Time   Description
-----------------------------------------------------------------------------
                          0.00    0.00   clock clk (rise edge)
                          6.00    6.00   clock network delay (propagated)
                          0.61    6.61 ^ input external delay
                  0.11    0.00    6.61 ^ la_data_in[44] (in)
     1    0.01                           la_data_in[44] (net)
                  0.11    0.00    6.61 ^ hold582/A (sky130_fd_sc_hd__buf_2)
                  0.03    0.11    6.72 ^ hold582/X (sky130_fd_sc_hd__buf_2)
     1    0.00                           net1125 (net)
                  0.03    0.00    6.72 ^ hold14/A (sky130_fd_sc_hd__buf_2)
                  0.03    0.09    6.81 ^ hold14/X (sky130_fd_sc_hd__buf_2)
     1    0.00                           net557 (net)
                  0.03    0.00    6.81 ^ hold583/A (sky130_fd_sc_hd__buf_2)
                  0.04    0.09    6.90 ^ hold583/X (sky130_fd_sc_hd__buf_2)
     1    0.01                           net1126 (net)
                  0.04    0.00    6.90 ^ input13/A (sky130_fd_sc_hd__clkbuf_2)
                  0.03    0.08    6.99 ^ input13/X (sky130_fd_sc_hd__clkbuf_2)
     1    0.00                           net13 (net)
                  0.03    0.00    6.99 ^ hold584/A (sky130_fd_sc_hd__buf_2)
                  0.04    0.09    7.08 ^ hold584/X (sky130_fd_sc_hd__buf_2)
     1    0.01                           net1127 (net)
                  0.04    0.00    7.08 ^ hold15/A (sky130_fd_sc_hd__buf_2)
                  0.03    0.09    7.17 ^ hold15/X (sky130_fd_sc_hd__buf_2)
     1    0.00                           net558 (net)
                  0.03    0.00    7.17 ^ hold585/A (sky130_fd_sc_hd__buf_2)
                  0.03    0.08    7.25 ^ hold585/X (sky130_fd_sc_hd__buf_2)
     1    0.00                           net1128 (net)
                  0.03    0.00    7.25 ^ _399_/B (sky130_fd_sc_hd__and3b_1)
                  0.05    0.14    7.39 ^ _399_/X (sky130_fd_sc_hd__and3b_1)
     1    0.00                           _165_ (net)
                  0.05    0.00    7.39 ^ hold977/A (sky130_fd_sc_hd__buf_2)
                  0.03    0.09    7.48 ^ hold977/X (sky130_fd_sc_hd__buf_2)
     1    0.00                           net1520 (net)
                  0.03    0.00    7.48 ^ hold586/A (sky130_fd_sc_hd__buf_2)
                  0.03    0.08    7.56 ^ hold586/X (sky130_fd_sc_hd__buf_2)
     1    0.00                           net1129 (net)
                  0.03    0.00    7.56 ^ hold978/A (sky130_fd_sc_hd__buf_2)
                  0.03    0.08    7.64 ^ hold978/X (sky130_fd_sc_hd__buf_2)
     1    0.00                           net1521 (net)
                  0.03    0.00    7.64 ^ hold245/A (sky130_fd_sc_hd__buf_2)
                  0.03    0.08    7.72 ^ hold245/X (sky130_fd_sc_hd__buf_2)
     1    0.00                           net788 (net)
                  0.03    0.00    7.72 ^ hold587/A (sky130_fd_sc_hd__buf_2)
                  0.03    0.08    7.79 ^ hold587/X (sky130_fd_sc_hd__buf_2)
     1    0.00                           net1130 (net)
                  0.03    0.00    7.79 ^ hold16/A (sky130_fd_sc_hd__buf_2)
                  0.03    0.08    7.87 ^ hold16/X (sky130_fd_sc_hd__buf_2)
     1    0.00                           net559 (net)
                  0.03    0.00    7.87 ^ hold588/A (sky130_fd_sc_hd__buf_2)
                  0.03    0.08    7.95 ^ hold588/X (sky130_fd_sc_hd__buf_2)
     1    0.00                           net1131 (net)
                  0.03    0.00    7.95 ^ hold246/A (sky130_fd_sc_hd__buf_2)
                  0.03    0.08    8.03 ^ hold246/X (sky130_fd_sc_hd__buf_2)
     1    0.00                           net789 (net)
                  0.03    0.00    8.03 ^ hold589/A (sky130_fd_sc_hd__buf_2)
                  0.03    0.08    8.12 ^ hold589/X (sky130_fd_sc_hd__buf_2)
     1    0.00                           net1132 (net)
                  0.03    0.00    8.12 ^ _400_/C1 (sky130_fd_sc_hd__a221o_1)
                  0.04    0.08    8.20 ^ _400_/X (sky130_fd_sc_hd__a221o_1)
     1    0.00                           _166_ (net)
                  0.04    0.00    8.20 ^ hold590/A (sky130_fd_sc_hd__buf_2)
                  0.03    0.09    8.29 ^ hold590/X (sky130_fd_sc_hd__buf_2)
     1    0.00                           net1133 (net)
                  0.03    0.00    8.29 ^ hold247/A (sky130_fd_sc_hd__buf_2)
                  0.03    0.09    8.37 ^ hold247/X (sky130_fd_sc_hd__buf_2)
     1    0.00                           net790 (net)
                  0.03    0.00    8.37 ^ hold591/A (sky130_fd_sc_hd__buf_2)
                  0.03    0.08    8.45 ^ hold591/X (sky130_fd_sc_hd__buf_2)
     1    0.00                           net1134 (net)
                  0.03    0.00    8.45 ^ hold17/A (sky130_fd_sc_hd__buf_2)
                  0.03    0.08    8.54 ^ hold17/X (sky130_fd_sc_hd__buf_2)
     1    0.00                           net560 (net)
                  0.03    0.00    8.54 ^ hold592/A (sky130_fd_sc_hd__buf_2)
                  0.03    0.09    8.62 ^ hold592/X (sky130_fd_sc_hd__buf_2)
     1    0.00                           net1135 (net)
                  0.03    0.00    8.62 ^ hold248/A (sky130_fd_sc_hd__buf_2)
                  0.03    0.09    8.71 ^ hold248/X (sky130_fd_sc_hd__buf_2)
     1    0.00                           net791 (net)
                  0.03    0.00    8.71 ^ hold593/A (sky130_fd_sc_hd__buf_2)
                  0.03    0.09    8.80 ^ hold593/X (sky130_fd_sc_hd__buf_2)
     1    0.00                           net1136 (net)
                  0.03    0.00    8.80 ^ _401_/B (sky130_fd_sc_hd__and2_4)
                  0.06    0.14    8.94 ^ _401_/X (sky130_fd_sc_hd__and2_4)
     1    0.01                           _045_ (net)
                  0.06    0.00    8.94 ^ hold594/A (sky130_fd_sc_hd__buf_2)
                  0.06    0.12    9.06 ^ hold594/X (sky130_fd_sc_hd__buf_2)
     1    0.01                           net1137 (net)
                  0.06    0.00    9.06 ^ hold249/A (sky130_fd_sc_hd__buf_2)
                  0.06    0.12    9.18 ^ hold249/X (sky130_fd_sc_hd__buf_2)
     1    0.01                           net792 (net)
                  0.06    0.00    9.18 ^ hold595/A (sky130_fd_sc_hd__buf_2)
                  0.06    0.12    9.30 ^ hold595/X (sky130_fd_sc_hd__buf_2)
     1    0.01                           net1138 (net)
                  0.06    0.00    9.30 ^ hold18/A (sky130_fd_sc_hd__buf_2)
                  0.06    0.12    9.42 ^ hold18/X (sky130_fd_sc_hd__buf_2)
     1    0.01                           net561 (net)
                  0.06    0.00    9.42 ^ hold596/A (sky130_fd_sc_hd__buf_2)
                  0.06    0.12    9.53 ^ hold596/X (sky130_fd_sc_hd__buf_2)
     1    0.01                           net1139 (net)
                  0.06    0.00    9.54 ^ hold250/A (sky130_fd_sc_hd__buf_2)
                  0.06    0.12    9.66 ^ hold250/X (sky130_fd_sc_hd__buf_2)
     1    0.01                           net793 (net)
                  0.06    0.00    9.66 ^ hold597/A (sky130_fd_sc_hd__buf_2)
                  0.06    0.12    9.78 ^ hold597/X (sky130_fd_sc_hd__buf_2)
     1    0.01                           net1140 (net)
                  0.06    0.00    9.78 ^ _551_/D (sky130_fd_sc_hd__dfxtp_2)
                                  9.78   data arrival time

                          0.00    0.00   clock clk (rise edge)
                          7.25    7.25   clock source latency
                  1.16    0.00    7.25 ^ wb_clk_i (in)
     1    0.01                           wb_clk_i (net)
                  1.16    0.00    7.25 ^ _280_/A1 (sky130_fd_sc_hd__mux2_2)
                  0.10    0.37    7.62 ^ _280_/X (sky130_fd_sc_hd__mux2_2)
     1    0.01                           mprj.clk (net)
                  0.10    0.00    7.62 ^ wire2/A (sky130_fd_sc_hd__buf_12)
                  0.13    0.17    7.79 ^ wire2/X (sky130_fd_sc_hd__buf_12)
     2    0.12                           net537 (net)
                  0.17    0.06    7.85 ^ wire1/A (sky130_fd_sc_hd__buf_12)
                  0.15    0.19    8.05 ^ wire1/X (sky130_fd_sc_hd__buf_12)
     2    0.13                           net536 (net)
                  0.20    0.07    8.12 ^ clkbuf_0_mprj.clk/A (sky130_fd_sc_hd__clkbuf_16)
                  0.12    0.25    8.37 ^ clkbuf_0_mprj.clk/X (sky130_fd_sc_hd__clkbuf_16)
     2    0.11                           clknet_0_mprj.clk (net)
                  0.13    0.01    8.38 ^ clkbuf_1_1_0_mprj.clk/A (sky130_fd_sc_hd__clkbuf_8)
                  0.08    0.19    8.57 ^ clkbuf_1_1_0_mprj.clk/X (sky130_fd_sc_hd__clkbuf_8)
     2    0.04                           clknet_1_1_0_mprj.clk (net)
                  0.08    0.00    8.57 ^ clkbuf_2_2_0_mprj.clk/A (sky130_fd_sc_hd__clkbuf_8)
                  0.09    0.18    8.75 ^ clkbuf_2_2_0_mprj.clk/X (sky130_fd_sc_hd__clkbuf_8)
     1    0.04                           clknet_2_2_0_mprj.clk (net)
                  0.09    0.01    8.76 ^ clkbuf_2_2_1_mprj.clk/A (sky130_fd_sc_hd__clkbuf_8)
                  0.10    0.19    8.95 ^ clkbuf_2_2_1_mprj.clk/X (sky130_fd_sc_hd__clkbuf_8)
     2    0.05                           clknet_2_2_1_mprj.clk (net)
                  0.10    0.01    8.96 ^ clkbuf_3_4_0_mprj.clk/A (sky130_fd_sc_hd__clkbuf_8)
                  0.31    0.29    9.25 ^ clkbuf_3_4_0_mprj.clk/X (sky130_fd_sc_hd__clkbuf_8)
     6    0.18                           clknet_3_4_0_mprj.clk (net)
                  0.32    0.03    9.29 ^ _551_/CLK (sky130_fd_sc_hd__dfxtp_2)
                          0.10    9.39   clock uncertainty
                          0.00    9.39   clock reconvergence pessimism
                          0.00    9.39   library hold time
                                  9.39   data required time
-----------------------------------------------------------------------------
                                  9.39   data required time
                                 -9.78   data arrival time
-----------------------------------------------------------------------------
                                  0.39   slack (MET)


