
===========================================================================
 report_power
============================================================================
======================= max_ff_n40C_1v95 Corner ===================================

Group                    Internal    Switching      Leakage        Total
                            Power        Power        Power        Power (Watts)
------------------------------------------------------------------------
Sequential           3.499433e-05 4.643904e-05 6.346696e-10 8.143400e-05  12.4%
Combinational        1.770348e-04 4.001091e-04 2.833006e-07 5.774272e-04  87.6%
Macro                0.000000e+00 0.000000e+00 0.000000e+00 0.000000e+00   0.0%
Pad                  0.000000e+00 0.000000e+00 0.000000e+00 0.000000e+00   0.0%
------------------------------------------------------------------------
Total                2.120291e-04 4.465483e-04 2.839352e-07 6.588614e-04 100.0%
                            32.2%        67.8%         0.0%

