
===========================================================================
 report_power
============================================================================
======================= min_tt_025C_1v80 Corner ===================================

Group                    Internal    Switching      Leakage        Total
                            Power        Power        Power        Power (Watts)
------------------------------------------------------------------------
Sequential           3.046143e-05 3.526325e-05 2.836712e-10 6.572495e-05  12.2%
Combinational        1.521484e-04 3.194359e-04 2.334827e-07 4.718178e-04  87.8%
Macro                0.000000e+00 0.000000e+00 0.000000e+00 0.000000e+00   0.0%
Pad                  0.000000e+00 0.000000e+00 0.000000e+00 0.000000e+00   0.0%
------------------------------------------------------------------------
Total                1.826099e-04 3.546992e-04 2.337664e-07 5.375429e-04 100.0%
                            34.0%        66.0%         0.0%

