
===========================================================================
 report_power
============================================================================
======================= min_ss_100C_1v60 Corner ===================================

Group                    Internal    Switching      Leakage        Total
                            Power        Power        Power        Power (Watts)
------------------------------------------------------------------------
Sequential           2.403104e-05 2.772472e-05 5.189995e-07 5.227476e-05  12.1%
Combinational        1.233893e-04 2.523497e-04 4.862057e-06 3.806010e-04  87.9%
Macro                0.000000e+00 0.000000e+00 0.000000e+00 0.000000e+00   0.0%
Pad                  0.000000e+00 0.000000e+00 0.000000e+00 0.000000e+00   0.0%
------------------------------------------------------------------------
Total                1.474204e-04 2.800743e-04 5.381056e-06 4.328758e-04 100.0%
                            34.1%        64.7%         1.2%

