
===========================================================================
 report_power
============================================================================
======================= nom_ss_100C_1v60 Corner ===================================

Group                    Internal    Switching      Leakage        Total
                            Power        Power        Power        Power (Watts)
------------------------------------------------------------------------
Sequential           2.401383e-05 3.028776e-05 5.189995e-07 5.482059e-05  12.0%
Combinational        1.235117e-04 2.739038e-04 4.862057e-06 4.022775e-04  88.0%
Macro                0.000000e+00 0.000000e+00 0.000000e+00 0.000000e+00   0.0%
Pad                  0.000000e+00 0.000000e+00 0.000000e+00 0.000000e+00   0.0%
------------------------------------------------------------------------
Total                1.475255e-04 3.041916e-04 5.381056e-06 4.570981e-04 100.0%
                            32.3%        66.5%         1.2%

